[WebServer] (node:42160) Warning: The 'NO_COLOR' env is ignored due to the 'FORCE_COLOR' env being set.
[WebServer] (Use `node --trace-warnings ...` to show where the warning was created)
[WebServer] project-work-preview-api:3201
[WebServer] (node:15612) Warning: The 'NO_COLOR' env is ignored due to the 'FORCE_COLOR' env being set.
[WebServer] (Use `pnpm --trace-warnings ...` to show where the warning was created)
[WebServer] (node:36868) Warning: The 'NO_COLOR' env is ignored due to the 'FORCE_COLOR' env being set.
[WebServer] (Use `node --trace-warnings ...` to show where the warning was created)
[WebServer] (node:39220) Warning: The 'NO_COLOR' env is ignored due to the 'FORCE_COLOR' env being set.
[WebServer] (Use `node --trace-warnings ...` to show where the warning was created)
[WebServer]    ▲ Next.js 15.5.22
[WebServer]    - Local:        http://localhost:3200
[WebServer]    - Network:      http://100.77.217.65:3200
[WebServer] 
[WebServer]  ✓ Starting...
[WebServer]  ✓ Ready in 4.7s
[WebServer]  ○ Compiling / ...
[WebServer]  ✓ Compiled / in 9.2s (10513 modules)
[WebServer]  GET / 200 in 10053ms

Running 14 tests using 1 worker

(node:39196) Warning: The 'NO_COLOR' env is ignored due to the 'FORCE_COLOR' env being set.
(Use `node --trace-warnings ...` to show where the warning was created)
[WebServer]  ○ Compiling /workbench ...
[WebServer]  ✓ Compiled /workbench in 1969ms (10525 modules)
[WebServer]  GET /workbench 200 in 2422ms
[WebServer]  ⚠ Cross origin request detected from 127.0.0.1 to /_next/* resource. In a future major version of Next.js, you will need to explicitly configure "allowedDevOrigins" in next.config to allow this.
[WebServer] Read more: https://nextjs.org/docs/app/api-reference/config/next-config-js/allowedDevOrigins
[WebServer]  GET /workbench 200 in 70ms
  ok  1 [desktop-1440x1000] › e2e\mocked\d0-visual-baseline.mocked.spec.ts:90:5 › D0 亮色视觉基线 › 工作台：覆盖、两次采集一致、D1 可直接比对 (7.6s)
[WebServer]  GET /?view=projects&project=project-1&tab=board 200 in 204ms
[WebServer]  GET /?view=projects&project=project-1&tab=board 200 in 199ms
  ok  2 [desktop-1440x1000] › e2e\mocked\d0-visual-baseline.mocked.spec.ts:90:5 › D0 亮色视觉基线 › 看板：覆盖、两次采集一致、D1 可直接比对 (4.9s)
[WebServer]  GET /?view=projects&project=project-1 200 in 61ms
[WebServer]  GET /?view=projects&project=project-1 200 in 59ms
  ok  3 [desktop-1440x1000] › e2e\mocked\d0-visual-baseline.mocked.spec.ts:90:5 › D0 亮色视觉基线 › 项目总览：覆盖、两次采集一致、D1 可直接比对 (4.6s)
[WebServer]  ○ Compiling /agents/[id] ...
[WebServer]  ✓ Compiled /agents/[id] in 2.7s (10543 modules)
[WebServer] (node:30500) Warning: The 'NO_COLOR' env is ignored due to the 'FORCE_COLOR' env being set.
[WebServer] (Use `node --trace-warnings ...` to show where the warning was created)
[WebServer]  GET /agents/agent%2F1 200 in 3798ms
[WebServer]  GET /agents/agent%2F1 200 in 115ms
[WebServer] (node:11412) Warning: The 'NO_COLOR' env is ignored due to the 'FORCE_COLOR' env being set.
[WebServer] (Use `node --trace-warnings ...` to show where the warning was created)
  ok  4 [desktop-1440x1000] › e2e\mocked\d0-visual-baseline.mocked.spec.ts:90:5 › D0 亮色视觉基线 › Agent 详情：覆盖、两次采集一致、D1 可直接比对 (7.7s)
[WebServer]  GET /?view=my-work 200 in 181ms
[WebServer]  GET /?view=my-work 200 in 55ms
  ok  5 [desktop-1440x1000] › e2e\mocked\d0-visual-baseline.mocked.spec.ts:90:5 › D0 亮色视觉基线 › 工作项列表：覆盖、两次采集一致、D1 可直接比对 (4.8s)
[WebServer]  GET /?view=my-work&workItem=work-101 200 in 46ms
[WebServer]  GET /?view=my-work&workItem=work-101 200 in 56ms
  ok  6 [desktop-1440x1000] › e2e\mocked\d0-visual-baseline.mocked.spec.ts:90:5 › D0 亮色视觉基线 › 工作项详情：覆盖、两次采集一致、D1 可直接比对 (4.8s)
[WebServer]  ○ Compiling /settings ...
[WebServer]  ✓ Compiled /settings in 1442ms (10560 modules)
[WebServer]  GET /settings?team=team-page-2 200 in 1801ms
[WebServer]  GET /settings?team=team-page-2 200 in 40ms
  ok  7 [desktop-1440x1000] › e2e\mocked\d0-visual-baseline.mocked.spec.ts:90:5 › D0 亮色视觉基线 › 设置：覆盖、两次采集一致、D1 可直接比对 (5.8s)
(node:39736) Warning: The 'NO_COLOR' env is ignored due to the 'FORCE_COLOR' env being set.
(Use `node --trace-warnings ...` to show where the warning was created)
[WebServer]  GET /workbench 200 in 175ms
[WebServer]  GET /workbench 200 in 75ms
  ok  8 [mobile-390x844] › e2e\mocked\d0-visual-baseline.mocked.spec.ts:90:5 › D0 亮色视觉基线 › 工作台：覆盖、两次采集一致、D1 可直接比对 (4.7s)
[WebServer]  GET /?view=projects&project=project-1&tab=board 200 in 208ms
[WebServer]  GET /?view=projects&project=project-1&tab=board 200 in 51ms
  ok  9 [mobile-390x844] › e2e\mocked\d0-visual-baseline.mocked.spec.ts:90:5 › D0 亮色视觉基线 › 看板：覆盖、两次采集一致、D1 可直接比对 (4.9s)
[WebServer]  GET /?view=projects&project=project-1 200 in 69ms
[WebServer]  GET /?view=projects&project=project-1 200 in 58ms
  ok 10 [mobile-390x844] › e2e\mocked\d0-visual-baseline.mocked.spec.ts:90:5 › D0 亮色视觉基线 › 项目总览：覆盖、两次采集一致、D1 可直接比对 (4.5s)
[WebServer]  GET /agents/agent%2F1 200 in 153ms
[WebServer] (node:24268) Warning: The 'NO_COLOR' env is ignored due to the 'FORCE_COLOR' env being set.
[WebServer] (Use `node --trace-warnings ...` to show where the warning was created)
[WebServer]  GET /agents/agent%2F1 200 in 108ms
[WebServer] (node:41748) Warning: The 'NO_COLOR' env is ignored due to the 'FORCE_COLOR' env being set.
[WebServer] (Use `node --trace-warnings ...` to show where the warning was created)
  ok 11 [mobile-390x844] › e2e\mocked\d0-visual-baseline.mocked.spec.ts:90:5 › D0 亮色视觉基线 › Agent 详情：覆盖、两次采集一致、D1 可直接比对 (4.0s)
[WebServer]  GET /?view=my-work 200 in 51ms
[WebServer]  GET /?view=my-work 200 in 49ms
  ok 12 [mobile-390x844] › e2e\mocked\d0-visual-baseline.mocked.spec.ts:90:5 › D0 亮色视觉基线 › 工作项列表：覆盖、两次采集一致、D1 可直接比对 (4.0s)
[WebServer]  GET /?view=my-work&workItem=work-101 200 in 49ms
[WebServer]  GET /?view=my-work&workItem=work-101 200 in 74ms
  ok 13 [mobile-390x844] › e2e\mocked\d0-visual-baseline.mocked.spec.ts:90:5 › D0 亮色视觉基线 › 工作项详情：覆盖、两次采集一致、D1 可直接比对 (4.2s)
[WebServer]  GET /settings?team=team-page-2 200 in 38ms
[WebServer]  GET /settings?team=team-page-2 200 in 58ms
  ok 14 [mobile-390x844] › e2e\mocked\d0-visual-baseline.mocked.spec.ts:90:5 › D0 亮色视觉基线 › 设置：覆盖、两次采集一致、D1 可直接比对 (3.6s)

  14 passed (1.5m)
