[WebServer] (node:34140) Warning: The 'NO_COLOR' env is ignored due to the 'FORCE_COLOR' env being set.
[WebServer] (Use `node --trace-warnings ...` to show where the warning was created)
[WebServer] project-work-preview-api:3201
[WebServer] (node:44860) Warning: The 'NO_COLOR' env is ignored due to the 'FORCE_COLOR' env being set.
[WebServer] (Use `pnpm --trace-warnings ...` to show where the warning was created)
[WebServer] (node:10376) Warning: The 'NO_COLOR' env is ignored due to the 'FORCE_COLOR' env being set.
[WebServer] (Use `node --trace-warnings ...` to show where the warning was created)
[WebServer] (node:41352) Warning: The 'NO_COLOR' env is ignored due to the 'FORCE_COLOR' env being set.
[WebServer] (Use `node --trace-warnings ...` to show where the warning was created)
[WebServer]    ▲ Next.js 15.5.22
[WebServer]    - Local:        http://localhost:3200
[WebServer]    - Network:      http://100.77.217.65:3200
[WebServer] 
[WebServer]  ✓ Starting...
[WebServer]  ✓ Ready in 3.2s
[WebServer]  ○ Compiling / ...
[WebServer]  ✓ Compiled / in 9.2s (10513 modules)
[WebServer]  GET / 200 in 10028ms

Running 14 tests using 1 worker

(node:37580) Warning: The 'NO_COLOR' env is ignored due to the 'FORCE_COLOR' env being set.
(Use `node --trace-warnings ...` to show where the warning was created)
[WebServer]  ○ Compiling /workbench ...
[WebServer]  ✓ Compiled /workbench in 2s (10525 modules)
[WebServer]  GET /workbench 200 in 2433ms
[WebServer]  ⚠ Cross origin request detected from 127.0.0.1 to /_next/* resource. In a future major version of Next.js, you will need to explicitly configure "allowedDevOrigins" in next.config to allow this.
[WebServer] Read more: https://nextjs.org/docs/app/api-reference/config/next-config-js/allowedDevOrigins
[WebServer]  GET /workbench 200 in 69ms
  ok  1 [desktop-1440x1000] › e2e\mocked\d0-visual-baseline.mocked.spec.ts:90:5 › D0 亮色视觉基线 › 工作台：覆盖、两次采集一致、D1 可直接比对 (7.1s)
[WebServer]  GET /?view=projects&project=project-1&tab=board 200 in 197ms
[WebServer]  GET /?view=projects&project=project-1&tab=board 200 in 73ms
  ok  2 [desktop-1440x1000] › e2e\mocked\d0-visual-baseline.mocked.spec.ts:90:5 › D0 亮色视觉基线 › 看板：覆盖、两次采集一致、D1 可直接比对 (4.9s)
[WebServer]  GET /?view=projects&project=project-1 200 in 87ms
[WebServer]  GET /?view=projects&project=project-1 200 in 76ms
  ok  3 [desktop-1440x1000] › e2e\mocked\d0-visual-baseline.mocked.spec.ts:90:5 › D0 亮色视觉基线 › 项目总览：覆盖、两次采集一致、D1 可直接比对 (4.9s)
[WebServer]  ○ Compiling /agents/[id] ...
[WebServer]  ✓ Compiled /agents/[id] in 2.8s (10553 modules)
[WebServer] (node:34348) Warning: The 'NO_COLOR' env is ignored due to the 'FORCE_COLOR' env being set.
[WebServer] (Use `node --trace-warnings ...` to show where the warning was created)
[WebServer]  GET /agents/agent%2F1 200 in 3967ms
[WebServer]  GET /agents/agent%2F1 200 in 133ms
[WebServer] (node:19124) Warning: The 'NO_COLOR' env is ignored due to the 'FORCE_COLOR' env being set.
[WebServer] (Use `node --trace-warnings ...` to show where the warning was created)
  ok  4 [desktop-1440x1000] › e2e\mocked\d0-visual-baseline.mocked.spec.ts:90:5 › D0 亮色视觉基线 › Agent 详情：覆盖、两次采集一致、D1 可直接比对 (8.2s)
[WebServer]  GET /?view=my-work 200 in 269ms
[WebServer]  GET /?view=my-work 200 in 84ms
  ok  5 [desktop-1440x1000] › e2e\mocked\d0-visual-baseline.mocked.spec.ts:90:5 › D0 亮色视觉基线 › 工作项列表：覆盖、两次采集一致、D1 可直接比对 (5.0s)
[WebServer]  GET /?view=my-work&workItem=work-101 200 in 75ms
[WebServer]  GET /?view=my-work&workItem=work-101 200 in 75ms
  ok  6 [desktop-1440x1000] › e2e\mocked\d0-visual-baseline.mocked.spec.ts:90:5 › D0 亮色视觉基线 › 工作项详情：覆盖、两次采集一致、D1 可直接比对 (4.8s)
[WebServer]  ○ Compiling /settings ...
[WebServer]  ✓ Compiled /settings in 1574ms (10560 modules)
[WebServer]  GET /settings?team=team-page-2 200 in 1957ms
[WebServer]  GET /settings?team=team-page-2 200 in 68ms
  ok  7 [desktop-1440x1000] › e2e\mocked\d0-visual-baseline.mocked.spec.ts:90:5 › D0 亮色视觉基线 › 设置：覆盖、两次采集一致、D1 可直接比对 (6.1s)
(node:28528) Warning: The 'NO_COLOR' env is ignored due to the 'FORCE_COLOR' env being set.
(Use `node --trace-warnings ...` to show where the warning was created)
[WebServer]  GET /workbench 200 in 301ms
[WebServer]  GET /workbench 200 in 83ms
  ok  8 [mobile-390x844] › e2e\mocked\d0-visual-baseline.mocked.spec.ts:90:5 › D0 亮色视觉基线 › 工作台：覆盖、两次采集一致、D1 可直接比对 (4.5s)
[WebServer]  GET /?view=projects&project=project-1&tab=board 200 in 275ms
[WebServer]  GET /?view=projects&project=project-1&tab=board 200 in 91ms
  ok  9 [mobile-390x844] › e2e\mocked\d0-visual-baseline.mocked.spec.ts:90:5 › D0 亮色视觉基线 › 看板：覆盖、两次采集一致、D1 可直接比对 (5.4s)
[WebServer]  GET /?view=projects&project=project-1 200 in 105ms
[WebServer]  GET /?view=projects&project=project-1 200 in 80ms
  ok 10 [mobile-390x844] › e2e\mocked\d0-visual-baseline.mocked.spec.ts:90:5 › D0 亮色视觉基线 › 项目总览：覆盖、两次采集一致、D1 可直接比对 (4.9s)
[WebServer]  GET /agents/agent%2F1 200 in 204ms
[WebServer] (node:34092) Warning: The 'NO_COLOR' env is ignored due to the 'FORCE_COLOR' env being set.
[WebServer] (Use `node --trace-warnings ...` to show where the warning was created)
[WebServer]  GET /agents/agent%2F1 200 in 150ms
[WebServer] (node:33580) Warning: The 'NO_COLOR' env is ignored due to the 'FORCE_COLOR' env being set.
[WebServer] (Use `node --trace-warnings ...` to show where the warning was created)
  ok 11 [mobile-390x844] › e2e\mocked\d0-visual-baseline.mocked.spec.ts:90:5 › D0 亮色视觉基线 › Agent 详情：覆盖、两次采集一致、D1 可直接比对 (4.2s)
[WebServer]  GET /?view=my-work 200 in 112ms
[WebServer]  GET /?view=my-work 200 in 83ms
  ok 12 [mobile-390x844] › e2e\mocked\d0-visual-baseline.mocked.spec.ts:90:5 › D0 亮色视觉基线 › 工作项列表：覆盖、两次采集一致、D1 可直接比对 (4.0s)
[WebServer]  GET /?view=my-work&workItem=work-101 200 in 82ms
[WebServer]  GET /?view=my-work&workItem=work-101 200 in 81ms
  ok 13 [mobile-390x844] › e2e\mocked\d0-visual-baseline.mocked.spec.ts:90:5 › D0 亮色视觉基线 › 工作项详情：覆盖、两次采集一致、D1 可直接比对 (4.2s)
[WebServer]  GET /settings?team=team-page-2 200 in 65ms
[WebServer]  GET /settings?team=team-page-2 200 in 60ms
  ok 14 [mobile-390x844] › e2e\mocked\d0-visual-baseline.mocked.spec.ts:90:5 › D0 亮色视觉基线 › 设置：覆盖、两次采集一致、D1 可直接比对 (4.0s)

  14 passed (1.5m)
