The files belonging to this database system will be owned by user "postgres".
This user must also own the server process.

The database cluster will be initialized with locale "en_US.utf8".
The default database encoding has accordingly been set to "UTF8".
The default text search configuration will be set to "english".

Data page checksums are disabled.

fixing permissions on existing directory /var/lib/postgresql/data ... ok
creating subdirectories ... ok
selecting dynamic shared memory implementation ... posix
selecting default max_connections ... 100
selecting default shared_buffers ... 128MB
selecting default time zone ... UTC
creating configuration files ... ok
running bootstrap script ... ok
sh: locale: not found
2026-10-08 15:10:06.321 UTC [37] WARNING:  no usable system locales were found
performing post-bootstrap initialization ... ok
initdb: warning: enabling "trust" authentication for local connections
syncing data to disk ... ok


Success. You can now start the database server using:

    pg_ctl -D /var/lib/postgresql/data -l logfile start

initdb: hint: You can change this by editing pg_hba.conf or using the option -A, or --auth-local and --auth-host, the next time you run initdb.
waiting for server to start....2026-10-08 15:10:06.660 UTC [43] LOG:  starting PostgreSQL 16.15 on x86_64-pc-linux-musl, compiled by gcc (Alpine 15.2.0) 15.2.0, 64-bit
2026-10-08 15:10:06.662 UTC [43] LOG:  listening on Unix socket "/var/run/postgresql/.s.PGSQL.5432"
2026-10-08 15:10:06.663 UTC [46] LOG:  database system was shut down at 2026-10-08 15:10:06 UTC
2026-10-08 15:10:06.667 UTC [43] LOG:  database system is ready to accept connections
 done
server started
CREATE DATABASE


/usr/local/bin/docker-entrypoint.sh: ignoring /docker-entrypoint-initdb.d/*

waiting for server to shut down....2026-10-08 15:10:06.780 UTC [43] LOG:  received fast shutdown request
2026-10-08 15:10:06.780 UTC [43] LOG:  aborting any active transactions
2026-10-08 15:10:06.782 UTC [43] LOG:  background worker "logical replication launcher" (PID 49) exited with exit code 1
2026-10-08 15:10:06.782 UTC [44] LOG:  shutting down
2026-10-08 15:10:06.782 UTC [44] LOG:  checkpoint starting: shutdown immediate
2026-10-08 15:10:06.787 UTC [44] LOG:  checkpoint complete: wrote 926 buffers (5.7%); 0 WAL file(s) added, 0 removed, 0 recycled; write=0.005 s, sync=0.001 s, total=0.005 s; sync files=301, longest=0.001 s, average=0.001 s; distance=4283 kB, estimate=4283 kB; lsn=0/1925D68, redo lsn=0/1925D68
2026-10-08 15:10:06.792 UTC [43] LOG:  database system is shut down
 done
server stopped

PostgreSQL init process complete; ready for start up.

2026-10-08 15:10:06.891 UTC [1] LOG:  starting PostgreSQL 16.15 on x86_64-pc-linux-musl, compiled by gcc (Alpine 15.2.0) 15.2.0, 64-bit
2026-10-08 15:10:06.891 UTC [1] LOG:  listening on IPv4 address "0.0.0.0", port 5432
2026-10-08 15:10:06.891 UTC [1] LOG:  listening on IPv6 address "::", port 5432
2026-10-08 15:10:06.892 UTC [1] LOG:  listening on Unix socket "/var/run/postgresql/.s.PGSQL.5432"
2026-10-08 15:10:06.893 UTC [65] LOG:  database system was shut down at 2026-10-08 15:10:06 UTC
2026-10-08 15:10:06.895 UTC [1] LOG:  database system is ready to accept connections
2026-10-08 15:11:12.298 UTC [80] ERROR:  DELEGATION_REQUIRES_HUMAN_PRINCIPAL_AND_AGENT_ACTOR
2026-10-08 15:11:12.298 UTC [80] CONTEXT:  PL/pgSQL function enforce_delegation_actor_kinds() line 6 at RAISE
2026-10-08 15:11:12.298 UTC [80] STATEMENT:  INSERT INTO delegations(
	       workspace_id,team_id,agent_id,agent_actor_id,principal_human_actor_id,role,scope_type,scope_id,
	       permissions_snapshot,capability_scope
	     ) VALUES($1,$2,$3,$4,$5,'executor','automation',$6,$7,$8) RETURNING id
2026-10-08 15:11:16.164 UTC [80] WARNING:  there is no transaction in progress
2026-10-08 15:11:16.314 UTC [80] WARNING:  there is no transaction in progress
2026-10-08 15:11:16.453 UTC [80] WARNING:  there is no transaction in progress
2026-10-08 15:11:16.617 UTC [80] WARNING:  there is no transaction in progress
2026-10-08 15:11:16.747 UTC [80] WARNING:  there is no transaction in progress
2026-10-08 15:11:16.864 UTC [80] WARNING:  there is no transaction in progress
2026-10-08 15:11:16.992 UTC [80] WARNING:  there is no transaction in progress
2026-10-08 15:11:17.098 UTC [80] WARNING:  there is no transaction in progress
2026-10-08 15:11:17.098 UTC [79] WARNING:  there is no transaction in progress
2026-10-08 15:11:20.978 UTC [80] ERROR:  new row for relation "notification_deliveries" violates check constraint "notification_delivery_kind_required"
2026-10-08 15:11:20.978 UTC [80] DETAIL:  Failing row contains (89b4df38-812b-40e4-9111-148f47d5a3f2, null, webhook, pending, 0, 2026-10-08 15:11:20.978203+00, null, null, 0, notification:16daff7e-4fad-418c-8ae2-5c6a3628e4be:target:915605d..., null, null, null, 2026-10-08 15:11:20.978203+00, null, 8babc4b8-535a-4f80-9c1c-cd732d1b6a95, 16daff7e-4fad-418c-8ae2-5c6a3628e4be, 915605d8-45a7-43f7-9179-a27b05d8ac26, 80081a23-338c-41e4-8af0-4242c2f4c777, 1, null, null, not_sent, null, 0, 1, null).
2026-10-08 15:11:20.978 UTC [80] STATEMENT:  INSERT INTO notification_deliveries(workspace_id,intent_id,channel_target_id,recipient_actor_id,target_revision,channel,effect_key)
	        SELECT workspace_id,intent_id,channel_target_id,recipient_actor_id,target_revision,channel,effect_key FROM notification_deliveries WHERE id=$1
2026-10-08 15:11:21.184 UTC [79] WARNING:  there is no transaction in progress
2026-10-08 15:11:42.496 UTC [83] WARNING:  there is no transaction in progress
2026-10-08 15:11:42.626 UTC [83] WARNING:  there is no transaction in progress
2026-10-08 15:11:42.739 UTC [83] WARNING:  there is no transaction in progress
2026-10-08 15:11:42.837 UTC [83] WARNING:  there is no transaction in progress
2026-10-08 15:11:42.952 UTC [83] WARNING:  there is no transaction in progress
2026-10-08 15:11:43.055 UTC [83] WARNING:  there is no transaction in progress
2026-10-08 15:11:43.160 UTC [83] WARNING:  there is no transaction in progress
2026-10-08 15:11:43.294 UTC [83] WARNING:  there is no transaction in progress
