The files belonging to this database system will be owned by user "postgres".
This user must also own the server process.

The database cluster will be initialized with locale "en_US.utf8".
The default database encoding has accordingly been set to "UTF8".
The default text search configuration will be set to "english".

Data page checksums are disabled.

fixing permissions on existing directory /var/lib/postgresql/data ... ok
creating subdirectories ... ok
selecting dynamic shared memory implementation ... posix
selecting default max_connections ... 100
selecting default shared_buffers ... 128MB
selecting default time zone ... UTC
creating configuration files ... ok
running bootstrap script ... ok
sh: locale: not found
2026-10-08 16:58:07.042 UTC [36] WARNING:  no usable system locales were found
performing post-bootstrap initialization ... ok
syncing data to disk ... ok


Success. You can now start the database server using:

    pg_ctl -D /var/lib/postgresql/data -l logfile start

initdb: warning: enabling "trust" authentication for local connections
initdb: hint: You can change this by editing pg_hba.conf or using the option -A, or --auth-local and --auth-host, the next time you run initdb.
waiting for server to start....2026-10-08 16:58:07.374 UTC [42] LOG:  starting PostgreSQL 16.15 on x86_64-pc-linux-musl, compiled by gcc (Alpine 15.2.0) 15.2.0, 64-bit
2026-10-08 16:58:07.375 UTC [42] LOG:  listening on Unix socket "/var/run/postgresql/.s.PGSQL.5432"
2026-10-08 16:58:07.377 UTC [45] LOG:  database system was shut down at 2026-10-08 16:58:07 UTC
2026-10-08 16:58:07.380 UTC [42] LOG:  database system is ready to accept connections
2026-10-08 16:58:07.423 UTC [55] FATAL:  database "c2_product_test" does not exist
 done
server started
CREATE DATABASE


/usr/local/bin/docker-entrypoint.sh: ignoring /docker-entrypoint-initdb.d/*

waiting for server to shut down....2026-10-08 16:58:07.500 UTC [42] LOG:  received fast shutdown request
2026-10-08 16:58:07.500 UTC [42] LOG:  aborting any active transactions
2026-10-08 16:58:07.502 UTC [42] LOG:  background worker "logical replication launcher" (PID 48) exited with exit code 1
2026-10-08 16:58:07.502 UTC [43] LOG:  shutting down
2026-10-08 16:58:07.502 UTC [43] LOG:  checkpoint starting: shutdown immediate
2026-10-08 16:58:07.507 UTC [43] LOG:  checkpoint complete: wrote 926 buffers (5.7%); 0 WAL file(s) added, 0 removed, 0 recycled; write=0.005 s, sync=0.001 s, total=0.006 s; sync files=301, longest=0.001 s, average=0.000 s; distance=4283 kB, estimate=4283 kB; lsn=0/1925D68, redo lsn=0/1925D68
2026-10-08 16:58:07.512 UTC [42] LOG:  database system is shut down
 done
server stopped

PostgreSQL init process complete; ready for start up.

2026-10-08 16:58:07.611 UTC [1] LOG:  starting PostgreSQL 16.15 on x86_64-pc-linux-musl, compiled by gcc (Alpine 15.2.0) 15.2.0, 64-bit
2026-10-08 16:58:07.611 UTC [1] LOG:  listening on IPv4 address "0.0.0.0", port 5432
2026-10-08 16:58:07.611 UTC [1] LOG:  listening on IPv6 address "::", port 5432
2026-10-08 16:58:07.612 UTC [1] LOG:  listening on Unix socket "/var/run/postgresql/.s.PGSQL.5432"
2026-10-08 16:58:07.613 UTC [65] LOG:  database system was shut down at 2026-10-08 16:58:07 UTC
2026-10-08 16:58:07.615 UTC [1] LOG:  database system is ready to accept connections
2026-10-08 17:02:19.370 UTC [77] ERROR:  relation "migration_missing_relation" does not exist at character 13
2026-10-08 17:02:19.370 UTC [77] STATEMENT:  INSERT INTO migration_missing_relation(id) VALUES(1)
2026-10-08 17:02:27.066 UTC [81] ERROR:  duplicate key value violates unique constraint "context_snapshots_workspace_content_hash_key"
2026-10-08 17:02:27.066 UTC [81] DETAIL:  Key (workspace_id, content_hash)=(80c32548-1253-45f3-9011-1c2375a9cbfc, sha256:shared) already exists.
2026-10-08 17:02:27.066 UTC [81] STATEMENT:  INSERT INTO context_snapshots(workspace_id,manifest,content_hash) VALUES($1,'{}','sha256:shared')
2026-10-08 17:02:27.168 UTC [82] ERROR:  new row for relation "agent_sessions" violates check constraint "agent_sessions_retry_count_nonnegative"
2026-10-08 17:02:27.168 UTC [82] DETAIL:  Failing row contains (b4b93eaf-9815-46d7-99db-fac35eaa1f68, 758f2430-14ef-43b4-afd7-369eae6ec534, ce4e276b-1b90-4d2f-aff8-b8a0455caff6, b57ea7bb-b148-4a9c-ab06-51bc90324e88, a35b8dbf-e5ce-47fd-87b1-7ad3c8a71d5a, 5a194585-dd6b-4c2f-a245-046e4e133f26, null, 840629b0-028e-425c-b01b-05f795f5c83a, null, null, queued, null, 0, 1, null, null, {}, [], null, null, null, null, null, [], null, null, null, null, 2026-10-08 17:02:27.168666+00, 2026-10-08 17:02:27.168666+00, null, null, -1, 8, {}, f, null, null, healthy, 2026-10-08 17:02:27.168666+00, null, null, {}, null, null).
2026-10-08 17:02:27.168 UTC [82] STATEMENT:  INSERT INTO agent_sessions(workspace_id,team_id,agent_id,agent_actor_id,delegation_id,work_item_id,retry_count) VALUES($1,$2,$3,$4,$5,$6,-1)
2026-10-08 17:02:27.180 UTC [83] ERROR:  new row for relation "agent_sessions" violates check constraint "agent_sessions_retry_not_self"
2026-10-08 17:02:27.180 UTC [83] DETAIL:  Failing row contains (948822b4-f321-4318-a542-29fca498797d, 758f2430-14ef-43b4-afd7-369eae6ec534, ce4e276b-1b90-4d2f-aff8-b8a0455caff6, b57ea7bb-b148-4a9c-ab06-51bc90324e88, a35b8dbf-e5ce-47fd-87b1-7ad3c8a71d5a, 5a194585-dd6b-4c2f-a245-046e4e133f26, null, 840629b0-028e-425c-b01b-05f795f5c83a, null, null, queued, null, 0, 1, null, null, {}, [], null, null, null, null, null, [], null, null, null, null, 2026-10-08 17:02:27.176532+00, 2026-10-08 17:02:27.176532+00, 948822b4-f321-4318-a542-29fca498797d, null, 1, 8, {}, f, null, null, healthy, 2026-10-08 17:02:27.176532+00, null, null, {}, null, null).
2026-10-08 17:02:27.180 UTC [83] STATEMENT:  INSERT INTO agent_sessions(id,workspace_id,team_id,agent_id,agent_actor_id,delegation_id,work_item_id,retry_of_session_id,retry_count) VALUES($1,$2,$3,$4,$5,$6,$7,$1,1)
2026-10-08 17:02:28.661 UTC [84] ERROR:  insert or update on table "work_items" violates foreign key constraint "work_items_workspace_team_fk"
2026-10-08 17:02:28.661 UTC [84] DETAIL:  Key (workspace_id, team_id)=(1f2d2e57-2604-467f-b823-8c2cf56df48b, 2f76bf76-e5b3-48bd-9b55-abece972fbc8) is not present in table "teams".
2026-10-08 17:02:28.661 UTC [84] STATEMENT:  INSERT INTO work_items(workspace_id,team_id,number,title,status_id) VALUES($1,$2,1,'Invalid',$3)
2026-10-08 17:02:28.681 UTC [86] ERROR:  insert or update on table "comments" violates foreign key constraint "comments_same_channel_parent_fk"
2026-10-08 17:02:28.681 UTC [86] DETAIL:  Key (channel_id, parent_comment_id)=(5e115fb1-b51e-4eaa-a1f5-e73e8f02e7d6, 6b4411b4-aeb1-4c0b-a29d-f61a1d231c33) is not present in table "comments".
2026-10-08 17:02:28.681 UTC [86] STATEMENT:  INSERT INTO comments(workspace_id,channel_id,author_actor_id,parent_comment_id,body) VALUES($1,$2,$3,$4,$5)
2026-10-08 17:02:28.692 UTC [87] ERROR:  COMMENT_MENTION_REQUIRES_HUMAN_ACTOR
2026-10-08 17:02:28.692 UTC [87] CONTEXT:  PL/pgSQL function enforce_human_comment_mention() line 7 at RAISE
2026-10-08 17:02:28.692 UTC [87] STATEMENT:  INSERT INTO comment_mentions(workspace_id,comment_id,actor_id) VALUES($1,$2,$3)
2026-10-08 17:02:31.980 UTC [89] ERROR:  duplicate key value violates unique constraint "actors_workspace_id_email_key"
2026-10-08 17:02:31.980 UTC [89] DETAIL:  Key (workspace_id, email)=(0d5a08ce-a11e-4d12-a277-4a683299fcb3, bob@example.test) already exists.
2026-10-08 17:02:31.980 UTC [89] STATEMENT:  INSERT INTO actors(workspace_id,kind,workspace_role,email,display_name,password_hash) VALUES($1,'human','admin',$2,$3,$4) RETURNING id
2026-10-08 17:02:31.983 UTC [89] ERROR:  new row for relation "outbox_events" violates check constraint "outbox_events_attempt_count_range"
2026-10-08 17:02:31.983 UTC [89] DETAIL:  Failing row contains (a6ded19f-b263-4a44-a361-1af3ade6082e, 6f13e4cc-8f45-4cda-87f0-95fe2be7ca4c, workspace.installed, 0d5a08ce-a11e-4d12-a277-4a683299fcb3, pending, 9, 2026-10-08 17:02:31.852056+00, null, null, null, null, 2026-10-08 17:02:31.852056+00).
2026-10-08 17:02:31.983 UTC [89] STATEMENT:  UPDATE outbox_events SET attempt_count=9 WHERE id=$1
2026-10-08 17:02:33.707 UTC [88] ERROR:  insert or update on table "delegations" violates foreign key constraint "delegations_workspace_id_team_id_work_item_id_fkey"
2026-10-08 17:02:33.707 UTC [88] DETAIL:  Key (workspace_id, team_id, work_item_id)=(ccb76864-c791-41df-8b5b-cb8ce1ab1126, 29ab378c-9cde-4df3-89d4-3bb435080333, 53f62060-2f2c-4c89-a1ae-9baae9a04acf) is not present in table "work_items".
2026-10-08 17:02:33.707 UTC [88] STATEMENT:  INSERT INTO delegations(workspace_id,team_id,agent_id,agent_actor_id,principal_human_actor_id,work_item_id,role,scope_type,scope_id) VALUES($1,$2,$3,$4,$5,$6,'executor','work_item',$6)
2026-10-08 17:02:33.728 UTC [90] ERROR:  duplicate key value violates unique constraint "delegations_one_active_executor_per_work_item"
2026-10-08 17:02:33.728 UTC [90] DETAIL:  Key (work_item_id)=(53f62060-2f2c-4c89-a1ae-9baae9a04acf) already exists.
2026-10-08 17:02:33.728 UTC [90] STATEMENT:  INSERT INTO delegations(workspace_id,team_id,agent_id,agent_actor_id,principal_human_actor_id,work_item_id,role,scope_type,scope_id) VALUES($1,$2,$3,$4,$5,$6,'executor','work_item',$6)
2026-10-08 17:02:33.741 UTC [91] ERROR:  IMMUTABLE_STAGE1_FACT
2026-10-08 17:02:33.741 UTC [91] CONTEXT:  PL/pgSQL function prevent_stage1_fact_mutation() line 1 at RAISE
2026-10-08 17:02:33.741 UTC [91] STATEMENT:  UPDATE context_snapshots SET manifest='{"changed":true}' WHERE id=$1
2026-10-08 17:02:33.769 UTC [92] ERROR:  IMMUTABLE_STAGE1_FACT
2026-10-08 17:02:33.769 UTC [92] CONTEXT:  PL/pgSQL function prevent_stage1_fact_mutation() line 1 at RAISE
2026-10-08 17:02:33.769 UTC [92] STATEMENT:  UPDATE agent_plan_versions SET change_summary='Mutated' WHERE id=$1
2026-10-08 17:02:33.781 UTC [93] ERROR:  duplicate key value violates unique constraint "agent_activities_session_id_sequence_key"
2026-10-08 17:02:33.781 UTC [93] DETAIL:  Key (session_id, sequence)=(4177bcf6-18db-4cf8-9af8-a351b728ae80, 1) already exists.
2026-10-08 17:02:33.781 UTC [93] STATEMENT:  INSERT INTO agent_activities(session_id,actor_id,sequence,kind,summary) VALUES($1,$2,1,'ack','Duplicate')
2026-10-08 17:02:35.259 UTC [94] ERROR:  duplicate key value violates unique constraint "agent_session_tokens_one_live_exchange"
2026-10-08 17:02:35.259 UTC [94] DETAIL:  Key (session_id)=(c263e0b7-6008-49a1-bf87-4c71e86ebca3) already exists.
2026-10-08 17:02:35.259 UTC [94] STATEMENT:  INSERT INTO agent_session_tokens(session_id,agent_id,installation_token_id,token_hash,exchange_nonce_hash,expires_at) VALUES($1,$2,$3,'token-two','nonce-two',now()+interval '5 minutes')
2026-10-08 17:02:35.273 UTC [95] ERROR:  duplicate key value violates unique constraint "agent_webhook_deliveries_agent_id_delivery_id_key"
2026-10-08 17:02:35.273 UTC [95] DETAIL:  Key (agent_id, delivery_id)=(e9e7d331-256e-4351-b74c-f0642a0aec94, delivery-1) already exists.
2026-10-08 17:02:35.273 UTC [95] STATEMENT:  INSERT INTO agent_webhook_deliveries(agent_id,endpoint_id,secret_version,delivery_id,event_type,session_id) VALUES($1,$2,1,'delivery-1','agent.session.created',$3)
2026-10-08 17:02:37.431 UTC [96] ERROR:  INBOX_REPLY_MESSAGE_SCOPE_MISMATCH
2026-10-08 17:02:37.431 UTC [96] CONTEXT:  PL/pgSQL function enforce_inbox_receipt_scope() line 45 at RAISE
2026-10-08 17:02:37.431 UTC [96] STATEMENT:  INSERT INTO inbox_item_receipts(inbox_item_id,workspace_id,actor_id,session_id,kind,reply_message_id,correlation_id,idempotency_key) VALUES($1,$2,$3,$4,'replied',$5,'new-foreign','new-foreign')
2026-10-08 17:02:37.449 UTC [97] ERROR:  INBOX_REPLY_MESSAGE_SCOPE_MISMATCH
2026-10-08 17:02:37.449 UTC [97] CONTEXT:  PL/pgSQL function enforce_inbox_receipt_scope() line 45 at RAISE
2026-10-08 17:02:37.449 UTC [97] STATEMENT:  INSERT INTO inbox_item_receipts(inbox_item_id,workspace_id,actor_id,session_id,kind,reply_message_id,correlation_id,idempotency_key) VALUES($1,$2,$3,$4,'replied',$5,'new-unrelated','new-unrelated')
2026-10-08 17:02:38.703 UTC [98] ERROR:  insert or update on table "room_message_session_recipients" violates foreign key constraint "room_message_session_recipients_workspace_id_message_id_fkey"
2026-10-08 17:02:38.703 UTC [98] DETAIL:  Key (workspace_id, message_id)=(5533c776-daed-411a-a583-dae7c828283d, 94818724-08f4-4f7d-a551-cd3033bb53e8) is not present in table "room_messages".
2026-10-08 17:02:38.703 UTC [98] STATEMENT:  INSERT INTO room_message_session_recipients(message_id,workspace_id,session_id,actor_id) VALUES($1,$2,$3,$4)
2026-10-08 17:02:38.713 UTC [99] ERROR:  INBOX_RECEIPT_RECIPIENT_MISMATCH
2026-10-08 17:02:38.713 UTC [99] CONTEXT:  PL/pgSQL function enforce_inbox_receipt_scope() line 27 at RAISE
2026-10-08 17:02:38.713 UTC [99] STATEMENT:  INSERT INTO inbox_item_receipts(inbox_item_id,workspace_id,actor_id,session_id,kind,correlation_id,idempotency_key) VALUES($1,$2,$3,$4,'read','cross-workspace','cross-workspace')
2026-10-08 17:02:38.730 UTC [100] ERROR:  INBOX_RECEIPT_RECIPIENT_MISMATCH
2026-10-08 17:02:38.730 UTC [100] CONTEXT:  PL/pgSQL function enforce_inbox_receipt_scope() line 27 at RAISE
2026-10-08 17:02:38.730 UTC [100] STATEMENT:  INSERT INTO inbox_item_receipts(inbox_item_id,workspace_id,actor_id,session_id,kind,correlation_id,idempotency_key) VALUES($1,$2,$3,$4,'read','sibling','sibling')
2026-10-08 17:02:38.750 UTC [101] ERROR:  INBOX_RECEIPT_RECIPIENT_MISMATCH
2026-10-08 17:02:38.750 UTC [101] CONTEXT:  PL/pgSQL function enforce_inbox_receipt_scope() line 27 at RAISE
2026-10-08 17:02:38.750 UTC [101] STATEMENT:  INSERT INTO inbox_item_receipts(inbox_item_id,workspace_id,actor_id,session_id,kind,correlation_id,idempotency_key) VALUES($1,$2,$3,$4,'read','foreign-actor','foreign-actor')
2026-10-08 17:02:38.772 UTC [102] ERROR:  INBOX_REPLY_MESSAGE_SCOPE_MISMATCH
2026-10-08 17:02:38.772 UTC [102] CONTEXT:  PL/pgSQL function enforce_inbox_receipt_scope() line 45 at RAISE
2026-10-08 17:02:38.772 UTC [102] STATEMENT:  INSERT INTO inbox_item_receipts(inbox_item_id,workspace_id,actor_id,session_id,kind,reply_message_id,correlation_id,idempotency_key) VALUES($1,$2,$3,$4,'replied',$5,'wrong-room','wrong-room')
2026-10-08 17:02:38.787 UTC [103] ERROR:  INBOX_REPLY_MESSAGE_SCOPE_MISMATCH
2026-10-08 17:02:38.787 UTC [103] CONTEXT:  PL/pgSQL function enforce_inbox_receipt_scope() line 45 at RAISE
2026-10-08 17:02:38.787 UTC [103] STATEMENT:  INSERT INTO inbox_item_receipts(inbox_item_id,workspace_id,actor_id,session_id,kind,reply_message_id,correlation_id,idempotency_key) VALUES($1,$2,$3,$4,'replied',$5,'foreign-author','foreign-author')
2026-10-08 17:02:38.803 UTC [104] ERROR:  INBOX_REPLY_MESSAGE_SCOPE_MISMATCH
2026-10-08 17:02:38.803 UTC [104] CONTEXT:  PL/pgSQL function enforce_inbox_receipt_scope() line 45 at RAISE
2026-10-08 17:02:38.803 UTC [104] STATEMENT:  INSERT INTO inbox_item_receipts(inbox_item_id,workspace_id,actor_id,session_id,kind,reply_message_id,correlation_id,idempotency_key) VALUES($1,$2,$3,$4,'replied',$5,'unrelated-message','unrelated-message')
2026-10-08 17:02:38.820 UTC [105] ERROR:  new row for relation "handoffs" violates check constraint "handoffs_check"
2026-10-08 17:02:38.820 UTC [105] DETAIL:  Failing row contains (2ab90047-2b9f-49f9-b38a-07f3fa8e4955, 200b8936-6c3e-4528-ba97-a8797adc72b6, 817ab96a-bd52-4012-b77b-c32ade1bb454, null, null, null, null, invalid, [], [], null, {}, [], [], [], null, retain, {}, draft, null, null, null, null, null, {}, 1, 2026-10-08 17:02:38.819558+00, null, null, null).
2026-10-08 17:02:38.820 UTC [105] STATEMENT:  INSERT INTO handoffs(workspace_id,from_session_id,summary,target_skill,target_agent_id) VALUES($1,$2,'invalid',NULL,NULL)
2026-10-08 17:02:38.827 UTC [106] ERROR:  new row for relation "handoffs" violates check constraint "handoffs_check"
2026-10-08 17:02:38.827 UTC [106] DETAIL:  Failing row contains (82d31e41-facd-4051-a897-abaeb67fefd2, 200b8936-6c3e-4528-ba97-a8797adc72b6, 817ab96a-bd52-4012-b77b-c32ade1bb454, 8ef4a720-7fa2-4195-836d-5ca1f0c8578f, skill, null, null, invalid, [], [], null, {}, [], [], [], null, retain, {}, draft, null, null, null, null, null, {}, 1, 2026-10-08 17:02:38.826135+00, null, null, null).
2026-10-08 17:02:38.827 UTC [106] STATEMENT:  INSERT INTO handoffs(workspace_id,from_session_id,summary,target_skill,target_agent_id) VALUES($1,$2,'invalid','skill',$3)
2026-10-08 17:02:38.839 UTC [107] ERROR:  duplicate key value violates unique constraint "routing_attempts_workspace_id_handoff_id_attempt_key_key"
2026-10-08 17:02:38.839 UTC [107] DETAIL:  Key (workspace_id, handoff_id, attempt_key)=(200b8936-6c3e-4528-ba97-a8797adc72b6, b66c2f92-106a-440b-b816-9e70d3095c11, attempt-1) already exists.
2026-10-08 17:02:38.839 UTC [107] STATEMENT:  INSERT INTO routing_attempts(workspace_id,handoff_id,source_session_id,attempt_key,candidate_count,outcome) VALUES($1,$2,$3,'attempt-1',0,'no_candidate')
2026-10-08 17:02:38.847 UTC [108] ERROR:  IMMUTABLE_STAGE2_FACT
2026-10-08 17:02:38.847 UTC [108] CONTEXT:  PL/pgSQL function prevent_stage2_fact_mutation() line 1 at RAISE
2026-10-08 17:02:38.847 UTC [108] STATEMENT:  UPDATE routing_attempts SET failure_code='CHANGED' WHERE handoff_id=$1
2026-10-08 17:02:38.860 UTC [109] ERROR:  duplicate key value violates unique constraint "decision_transition_consumptions_target_decision_id_key"
2026-10-08 17:02:38.860 UTC [109] DETAIL:  Key (target_decision_id)=(f757eb1b-17c8-4587-a0ea-ee930f6068b9) already exists.
2026-10-08 17:02:38.860 UTC [109] STATEMENT:  INSERT INTO decision_transition_consumptions(target_decision_id,transition_type,derived_decision_id,consumed_by_actor_id) VALUES($1,'reverse',$2,$3)
2026-10-08 17:02:38.868 UTC [110] ERROR:  IMMUTABLE_STAGE2_FACT
2026-10-08 17:02:38.868 UTC [110] CONTEXT:  PL/pgSQL function prevent_stage2_fact_mutation() line 1 at RAISE
2026-10-08 17:02:38.868 UTC [110] STATEMENT:  UPDATE decision_transition_consumptions SET transition_type='reverse' WHERE target_decision_id=$1
2026-10-08 17:02:38.879 UTC [111] ERROR:  duplicate key value violates unique constraint "leases_active_exclusive_resource"
2026-10-08 17:02:38.879 UTC [111] DETAIL:  Key (workspace_id, resource_type, resource_id)=(200b8936-6c3e-4528-ba97-a8797adc72b6, plan_step, 0f84f90a-b23b-4242-b8c3-2e93c3622e5b) already exists.
2026-10-08 17:02:38.879 UTC [111] STATEMENT:  INSERT INTO leases(workspace_id,session_id,resource_type,resource_id,kind,reason,expires_at) VALUES($1,$2,'plan_step',$3,'exclusive','duplicate',now()+interval '1 minute')
2026-10-08 17:02:42.343 UTC [117] ERROR:  new row for relation "agent_sessions" violates check constraint "agent_sessions_external_urls_array_check"
2026-10-08 17:02:42.343 UTC [117] DETAIL:  Failing row contains (2a1bfc42-f27f-4f93-8547-0ad667f8c866, 3b01de94-1932-4143-a20e-28300ed23df9, 6d13cd73-ba09-4848-8ff6-c2f6068baf61, 37b34ba1-a6e0-49d3-9651-2d23aff6a2bb, e9e54a15-f4aa-47b2-8609-5d2ed2866912, 76017c17-0531-4931-940e-8d2c20136f7d, null, 16e486f5-ce49-4d3b-ba50-5f41cf3d5aa0, null, null, queued, null, 0, 1, null, null, {}, {}, null, null, null, null, null, [], null, null, null, null, 2026-10-08 17:02:42.342826+00, 2026-10-08 17:02:42.342826+00, null, null, 0, 8, {}, f, null, null, healthy, 2026-10-08 17:02:42.342826+00, null, null, {}, null, null).
2026-10-08 17:02:42.343 UTC [117] STATEMENT:  INSERT INTO agent_sessions(
	         workspace_id,team_id,agent_id,agent_actor_id,
	    delegation_id,work_item_id,external_urls
	       ) VALUES(
	         $1,$2,$3,$4,$5,$6,$7::jsonb
	       ) RETURNING id
2026-10-08 17:02:42.359 UTC [118] ERROR:  new row for relation "api_idempotency_keys" violates check constraint "api_idempotency_ack_session_external_urls_array_check"
2026-10-08 17:02:42.359 UTC [118] DETAIL:  Failing row contains (3b01de94-1932-4143-a20e-28300ed23df9, e9e54a15-f4aa-47b2-8609-5d2ed2866912, clean-invalid-ack, sha256:aaaaaaaaaaaaaaaaaaaaaaaaaaaaaaaaaaaaaaaaaaaaaaaaaaaaaaaaa..., 200, {"external_urls": {}}, 2026-10-08 17:02:42.358395+00, acknowledgeAgentSession, 2026-10-09 17:02:42.358395+00, 2026-11-07 17:02:42.358395+00).
2026-10-08 17:02:42.359 UTC [118] STATEMENT:  INSERT INTO api_idempotency_keys(
	       workspace_id,actor_id,idempotency_key,operation,request_hash,
	       response_status,response_body
	     ) VALUES($1,$2,$3,$4,$5,$6,$7::jsonb)
2026-10-08 17:02:42.514 UTC [115] ERROR:  check constraint "agent_sessions_external_urls_array_check" of relation "agent_sessions" is violated by some row
2026-10-08 17:02:42.514 UTC [115] STATEMENT:  ALTER TABLE agent_sessions
	  ADD CONSTRAINT agent_sessions_external_urls_array_check
	  CHECK (jsonb_typeof(external_urls) = 'array') NOT VALID;

	ALTER TABLE api_idempotency_keys
	  ADD CONSTRAINT api_idempotency_ack_session_external_urls_array_check
	  CHECK (
	    operation <> 'acknowledgeAgentSession'
	    OR response_body IS NULL
	    OR COALESCE(
	      jsonb_typeof(response_body) = 'object'
	      AND jsonb_typeof(response_body->'external_urls') = 'array',
	      false
	    )
	  ) NOT VALID;

	UPDATE agent_sessions
	  SET external_urls = '[]'::jsonb
	  WHERE external_urls = '{}'::jsonb;

	UPDATE api_idempotency_keys
	  SET response_body = jsonb_set(
	    response_body,
	    '{external_urls}',
	    '[]'::jsonb,
	    false
	  )
	  WHERE operation = 'acknowledgeAgentSession'
	    AND response_body->'external_urls' = '{}'::jsonb;

	ALTER TABLE agent_sessions
	  VALIDATE CONSTRAINT agent_sessions_external_urls_array_check;

	ALTER TABLE api_idempotency_keys
	  VALIDATE CONSTRAINT api_idempotency_ack_session_external_urls_array_check;
2026-10-08 17:02:42.574 UTC [115] ERROR:  check constraint "api_idempotency_ack_session_external_urls_array_check" of relation "api_idempotency_keys" is violated by some row
2026-10-08 17:02:42.574 UTC [115] STATEMENT:  ALTER TABLE agent_sessions
	  ADD CONSTRAINT agent_sessions_external_urls_array_check
	  CHECK (jsonb_typeof(external_urls) = 'array') NOT VALID;

	ALTER TABLE api_idempotency_keys
	  ADD CONSTRAINT api_idempotency_ack_session_external_urls_array_check
	  CHECK (
	    operation <> 'acknowledgeAgentSession'
	    OR response_body IS NULL
	    OR COALESCE(
	      jsonb_typeof(response_body) = 'object'
	      AND jsonb_typeof(response_body->'external_urls') = 'array',
	      false
	    )
	  ) NOT VALID;

	UPDATE agent_sessions
	  SET external_urls = '[]'::jsonb
	  WHERE external_urls = '{}'::jsonb;

	UPDATE api_idempotency_keys
	  SET response_body = jsonb_set(
	    response_body,
	    '{external_urls}',
	    '[]'::jsonb,
	    false
	  )
	  WHERE operation = 'acknowledgeAgentSession'
	    AND response_body->'external_urls' = '{}'::jsonb;

	ALTER TABLE agent_sessions
	  VALIDATE CONSTRAINT agent_sessions_external_urls_array_check;

	ALTER TABLE api_idempotency_keys
	  VALIDATE CONSTRAINT api_idempotency_ack_session_external_urls_array_check;
2026-10-08 17:02:42.724 UTC [116] ERROR:  check constraint "agent_sessions_external_urls_array_check" of relation "agent_sessions" is violated by some row
2026-10-08 17:02:42.724 UTC [116] STATEMENT:  ALTER TABLE agent_sessions
	  ADD CONSTRAINT agent_sessions_external_urls_array_check
	  CHECK (jsonb_typeof(external_urls) = 'array') NOT VALID;

	ALTER TABLE api_idempotency_keys
	  ADD CONSTRAINT api_idempotency_ack_session_external_urls_array_check
	  CHECK (
	    operation <> 'acknowledgeAgentSession'
	    OR response_body IS NULL
	    OR COALESCE(
	      jsonb_typeof(response_body) = 'object'
	      AND jsonb_typeof(response_body->'external_urls') = 'array',
	      false
	    )
	  ) NOT VALID;

	UPDATE agent_sessions
	  SET external_urls = '[]'::jsonb
	  WHERE external_urls = '{}'::jsonb;

	UPDATE api_idempotency_keys
	  SET response_body = jsonb_set(
	    response_body,
	    '{external_urls}',
	    '[]'::jsonb,
	    false
	  )
	  WHERE operation = 'acknowledgeAgentSession'
	    AND response_body->'external_urls' = '{}'::jsonb;

	ALTER TABLE agent_sessions
	  VALIDATE CONSTRAINT agent_sessions_external_urls_array_check;

	ALTER TABLE api_idempotency_keys
	  VALIDATE CONSTRAINT api_idempotency_ack_session_external_urls_array_check;
2026-10-08 17:02:42.782 UTC [116] ERROR:  check constraint "api_idempotency_ack_session_external_urls_array_check" of relation "api_idempotency_keys" is violated by some row
2026-10-08 17:02:42.782 UTC [116] STATEMENT:  ALTER TABLE agent_sessions
	  ADD CONSTRAINT agent_sessions_external_urls_array_check
	  CHECK (jsonb_typeof(external_urls) = 'array') NOT VALID;

	ALTER TABLE api_idempotency_keys
	  ADD CONSTRAINT api_idempotency_ack_session_external_urls_array_check
	  CHECK (
	    operation <> 'acknowledgeAgentSession'
	    OR response_body IS NULL
	    OR COALESCE(
	      jsonb_typeof(response_body) = 'object'
	      AND jsonb_typeof(response_body->'external_urls') = 'array',
	      false
	    )
	  ) NOT VALID;

	UPDATE agent_sessions
	  SET external_urls = '[]'::jsonb
	  WHERE external_urls = '{}'::jsonb;

	UPDATE api_idempotency_keys
	  SET response_body = jsonb_set(
	    response_body,
	    '{external_urls}',
	    '[]'::jsonb,
	    false
	  )
	  WHERE operation = 'acknowledgeAgentSession'
	    AND response_body->'external_urls' = '{}'::jsonb;

	ALTER TABLE agent_sessions
	  VALIDATE CONSTRAINT agent_sessions_external_urls_array_check;

	ALTER TABLE api_idempotency_keys
	  VALIDATE CONSTRAINT api_idempotency_ack_session_external_urls_array_check;
2026-10-08 17:02:42.789 UTC [63] LOG:  checkpoint starting: immediate force wait
2026-10-08 17:02:42.892 UTC [63] LOG:  checkpoint complete: wrote 13677 buffers (83.5%); 0 WAL file(s) added, 0 removed, 20 recycled; write=0.034 s, sync=0.039 s, total=0.103 s; sync files=28495, longest=0.001 s, average=0.001 s; distance=319302 kB, estimate=319302 kB; lsn=0/150F76B8, redo lsn=0/150F7680
2026-10-08 17:02:42.897 UTC [63] LOG:  checkpoint starting: immediate force wait
2026-10-08 17:02:42.898 UTC [63] LOG:  checkpoint complete: wrote 2 buffers (0.0%); 0 WAL file(s) added, 0 removed, 0 recycled; write=0.001 s, sync=0.001 s, total=0.001 s; sync files=2, longest=0.001 s, average=0.000 s; distance=1 kB, estimate=287372 kB; lsn=0/150F7DD8, redo lsn=0/150F7DA0
2026-10-08 17:02:42.901 UTC [63] LOG:  checkpoint starting: immediate force wait
2026-10-08 17:02:42.901 UTC [63] LOG:  checkpoint complete: wrote 2 buffers (0.0%); 0 WAL file(s) added, 0 removed, 0 recycled; write=0.001 s, sync=0.001 s, total=0.001 s; sync files=2, longest=0.001 s, average=0.000 s; distance=1 kB, estimate=258635 kB; lsn=0/150F8510, redo lsn=0/150F84D8
2026-10-08 17:02:42.904 UTC [63] LOG:  checkpoint starting: immediate force wait
2026-10-08 17:02:42.905 UTC [63] LOG:  checkpoint complete: wrote 2 buffers (0.0%); 0 WAL file(s) added, 0 removed, 0 recycled; write=0.001 s, sync=0.001 s, total=0.001 s; sync files=2, longest=0.001 s, average=0.000 s; distance=1 kB, estimate=232771 kB; lsn=0/150F8C30, redo lsn=0/150F8BF8
2026-10-08 17:02:44.737 UTC [120] ERROR:  new row for relation "decisions" violates check constraint "decisions_check"
2026-10-08 17:02:44.737 UTC [120] DETAIL:  Failing row contains (5e945167-2540-4f59-9f96-28a00635ed14, 296489ae-ce92-4426-9b49-3658ae8de228, bb58ed58-5e01-404e-9c64-a0c51eaf5084, null, 70c0ca86-0210-4d88-ab57-137ea81100e4, e4ff44b5-6a27-4cc7-8140-670e7967ce8f, null, Pre-upgrade provenance, Old constraint rejects this, [], null, [], proposed, 1, 2026-10-08 17:02:44.736815+00, null).
2026-10-08 17:02:44.737 UTC [120] STATEMENT:  INSERT INTO decisions(
	         workspace_id,work_item_id,session_id,proposed_by_actor_id,title,rationale
	       ) VALUES($1,$2,$3,$4,'Pre-upgrade provenance','Old constraint rejects this')
2026-10-08 17:02:44.858 UTC [121] ERROR:  new row for relation "decisions" violates check constraint "decisions_subject_check"
2026-10-08 17:02:44.858 UTC [121] DETAIL:  Failing row contains (2a4e1a0b-c370-4944-9d87-c418242eafc8, 296489ae-ce92-4426-9b49-3658ae8de228, null, null, null, e4ff44b5-6a27-4cc7-8140-670e7967ce8f, null, Missing subject, Must fail, [], null, [], proposed, 1, 2026-10-08 17:02:44.858503+00, null).
2026-10-08 17:02:44.858 UTC [121] STATEMENT:  INSERT INTO decisions(
	       workspace_id,proposed_by_actor_id,title,rationale
	     ) VALUES($1,$2,'Missing subject','Must fail')
2026-10-08 17:02:44.865 UTC [122] ERROR:  new row for relation "decisions" violates check constraint "decisions_subject_check"
2026-10-08 17:02:44.865 UTC [122] DETAIL:  Failing row contains (dc6e481b-a4f3-4dbf-8fe8-b3a3ed4e343e, 296489ae-ce92-4426-9b49-3658ae8de228, bb58ed58-5e01-404e-9c64-a0c51eaf5084, e5e10dbc-09ce-4556-867a-e392c5a8dcaa, 70c0ca86-0210-4d88-ab57-137ea81100e4, e4ff44b5-6a27-4cc7-8140-670e7967ce8f, null, Multiple resource subjects, Must fail, [], null, [], proposed, 1, 2026-10-08 17:02:44.864552+00, null).
2026-10-08 17:02:44.865 UTC [122] STATEMENT:  INSERT INTO decisions(
	       workspace_id,work_item_id,project_id,session_id,
	       proposed_by_actor_id,title,rationale
	     ) VALUES($1,$2,$3,$4,$5,'Multiple resource subjects','Must fail')
2026-10-08 17:02:46.100 UTC [123] ERROR:  new row for relation "decisions" violates check constraint "decisions_subject_check"
2026-10-08 17:02:46.100 UTC [123] DETAIL:  Failing row contains (77d15b14-80fb-4360-9e00-1672c6646f5c, 33ae5a06-7454-4adf-94d0-e1f76c782766, null, null, null, 04022755-5493-4e9f-a4b4-c541a1468e00, null, Missing subject, Must fail, [], null, [], proposed, 1, 2026-10-08 17:02:46.100346+00, null).
2026-10-08 17:02:46.100 UTC [123] STATEMENT:  INSERT INTO decisions(
	       workspace_id,proposed_by_actor_id,title,rationale
	     ) VALUES($1,$2,'Missing subject','Must fail')
2026-10-08 17:02:46.108 UTC [124] ERROR:  new row for relation "decisions" violates check constraint "decisions_subject_check"
2026-10-08 17:02:46.108 UTC [124] DETAIL:  Failing row contains (3d15c4ab-4314-4dfa-8880-b51fcf55b422, 33ae5a06-7454-4adf-94d0-e1f76c782766, 99704c28-7bc7-4fa6-bca8-ea874dddf4d1, 57dd64d1-3b14-487b-89b8-9cc874cf02e2, ed11e80f-3e49-4d0e-8ba5-82a7d3389228, 04022755-5493-4e9f-a4b4-c541a1468e00, null, Multiple resource subjects, Must fail, [], null, [], proposed, 1, 2026-10-08 17:02:46.107242+00, null).
2026-10-08 17:02:46.108 UTC [124] STATEMENT:  INSERT INTO decisions(
	       workspace_id,work_item_id,project_id,session_id,
	       proposed_by_actor_id,title,rationale
	     ) VALUES($1,$2,$3,$4,$5,'Multiple resource subjects','Must fail')
2026-10-08 17:02:48.614 UTC [129] ERROR:  new row for relation "event_archive_segments" violates check constraint "event_archive_segments_object_version_state_check"
2026-10-08 17:02:48.614 UTC [129] DETAIL:  Failing row contains (de6b4d04-c0f1-460e-be18-ac2453abcc86, 73adff99-ed6f-4b54-a6af-394957afe559, 1, 1, 2026-07-01 02:03:04.567+00, 1, durable-plan, null, 1, sha256:bbbbbbbbbbbbbbbbbbbbbbbbbbbbbbbbbbbbbbbbbbbbbbbbbbbbbbbbb..., sha256:aaaaaaaaaaaaaaaaaaaaaaaaaaaaaaaaaaaaaaaaaaaaaaaaaaaaaaaaa..., {"fixedCutoffAt": "2026-07-01T02:03:04.567Z"}, uploaded, 2027-10-09 17:02:48.611945+00, 2026-10-08 17:02:48.614371+00, null, null, null, 2026-10-08 17:02:48.611945+00, 2026-10-08 17:02:48.611945+00, pending_exact, 0, null, null, 7).
2026-10-08 17:02:48.614 UTC [129] STATEMENT:  UPDATE event_archive_segments
	            SET state='uploaded',uploaded_at=now()
	          WHERE id=$1
2026-10-08 17:02:48.623 UTC [130] ERROR:  new row for relation "event_archive_segments" violates check constraint "event_archive_segments_object_version_state_check"
2026-10-08 17:02:48.623 UTC [130] DETAIL:  Failing row contains (de6b4d04-c0f1-460e-be18-ac2453abcc86, 73adff99-ed6f-4b54-a6af-394957afe559, 1, 1, 2026-07-01 02:03:04.567+00, 1, durable-plan, version-before-upload, 1, sha256:bbbbbbbbbbbbbbbbbbbbbbbbbbbbbbbbbbbbbbbbbbbbbbbbbbbbbbbbb..., sha256:aaaaaaaaaaaaaaaaaaaaaaaaaaaaaaaaaaaaaaaaaaaaaaaaaaaaaaaaa..., {"fixedCutoffAt": "2026-07-01T02:03:04.567Z"}, planned, 2027-10-09 17:02:48.611945+00, null, null, null, null, 2026-10-08 17:02:48.611945+00, 2026-10-08 17:02:48.611945+00, pending_exact, 0, null, null, 7).
2026-10-08 17:02:48.623 UTC [130] STATEMENT:  UPDATE event_archive_segments
	            SET object_version_id='version-before-upload'
	          WHERE id=$1
2026-10-08 17:02:48.632 UTC [131] ERROR:  new row for relation "event_archive_segments" violates check constraint "event_archive_segments_timestamp_state_check"
2026-10-08 17:02:48.632 UTC [131] DETAIL:  Failing row contains (de6b4d04-c0f1-460e-be18-ac2453abcc86, 73adff99-ed6f-4b54-a6af-394957afe559, 1, 1, 2026-07-01 02:03:04.567+00, 1, durable-plan, null, 1, sha256:bbbbbbbbbbbbbbbbbbbbbbbbbbbbbbbbbbbbbbbbbbbbbbbbbbbbbbbbb..., sha256:aaaaaaaaaaaaaaaaaaaaaaaaaaaaaaaaaaaaaaaaaaaaaaaaaaaaaaaaa..., {"fixedCutoffAt": "2026-07-01T02:03:04.567Z"}, planned, 2027-10-09 17:02:48.611945+00, 2026-10-08 17:02:48.629981+00, null, null, null, 2026-10-08 17:02:48.611945+00, 2026-10-08 17:02:48.611945+00, pending_exact, 0, null, null, 7).
2026-10-08 17:02:48.632 UTC [131] STATEMENT:  UPDATE event_archive_segments
	            SET uploaded_at=now()
	          WHERE id=$1
2026-10-08 17:02:48.641 UTC [132] ERROR:  new row for relation "event_archive_segments" violates check constraint "event_archive_segments_fixed_cutoff_metadata_check"
2026-10-08 17:02:48.641 UTC [132] DETAIL:  Failing row contains (de6b4d04-c0f1-460e-be18-ac2453abcc86, 73adff99-ed6f-4b54-a6af-394957afe559, 1, 1, 2026-07-01 02:03:04.567+00, 1, durable-plan, null, 1, sha256:bbbbbbbbbbbbbbbbbbbbbbbbbbbbbbbbbbbbbbbbbbbbbbbbbbbbbbbbb..., sha256:aaaaaaaaaaaaaaaaaaaaaaaaaaaaaaaaaaaaaaaaaaaaaaaaaaaaaaaaa..., {"fixedCutoffAt": "2026-07-01T02:03:04.567+00:00"}, planned, 2027-10-09 17:02:48.611945+00, null, null, null, null, 2026-10-08 17:02:48.611945+00, 2026-10-08 17:02:48.611945+00, pending_exact, 0, null, null, 7).
2026-10-08 17:02:48.641 UTC [132] STATEMENT:  UPDATE event_archive_segments
	            SET metadata=jsonb_set(
	              metadata,
	              '{fixedCutoffAt}',
	              to_jsonb('2026-07-01T02:03:04.567+00:00'::text)
	            )
	          WHERE id=$1
2026-10-08 17:02:48.651 UTC [133] ERROR:  new row for relation "event_archive_segments" violates check constraint "event_archive_segments_membership_state_check"
2026-10-08 17:02:48.651 UTC [133] DETAIL:  Failing row contains (de6b4d04-c0f1-460e-be18-ac2453abcc86, 73adff99-ed6f-4b54-a6af-394957afe559, 1, 1, 2026-07-01 02:03:04.567+00, 1, durable-plan, null, 1, sha256:bbbbbbbbbbbbbbbbbbbbbbbbbbbbbbbbbbbbbbbbbbbbbbbbbbbbbbbbb..., sha256:aaaaaaaaaaaaaaaaaaaaaaaaaaaaaaaaaaaaaaaaaaaaaaaaaaaaaaaaa..., {"fixedCutoffAt": "2026-07-01T02:03:04.567Z"}, failed, 2027-10-09 17:02:48.611945+00, null, null, null, RETENTION_JOB_FAILED, 2026-10-08 17:02:48.611945+00, 2026-10-08 17:02:48.611945+00, pending_exact, 0, null, null, 7).
2026-10-08 17:02:48.651 UTC [133] STATEMENT:  UPDATE event_archive_segments
	            SET state='failed',last_error_code='RETENTION_JOB_FAILED'
	          WHERE id=$1
2026-10-08 17:02:48.660 UTC [134] ERROR:  new row for relation "event_archive_segments" violates check constraint "event_archive_segments_object_version_state_check"
2026-10-08 17:02:48.660 UTC [134] DETAIL:  Failing row contains (de6b4d04-c0f1-460e-be18-ac2453abcc86, 73adff99-ed6f-4b54-a6af-394957afe559, 1, 1, 2026-07-01 02:03:04.567+00, 1, durable-plan, null, 1, sha256:bbbbbbbbbbbbbbbbbbbbbbbbbbbbbbbbbbbbbbbbbbbbbbbbbbbbbbbbb..., sha256:aaaaaaaaaaaaaaaaaaaaaaaaaaaaaaaaaaaaaaaaaaaaaaaaaaaaaaaaa..., {"fixedCutoffAt": "2026-07-01T02:03:04.567Z"}, uploaded, 2027-10-09 17:02:48.611945+00, 2026-10-08 17:02:48.657199+00, null, null, null, 2026-10-08 17:02:48.611945+00, 2026-10-08 17:02:48.611945+00, pending_exact, 1, 2026-10-08 17:02:48.657199+00, 8, 7).
2026-10-08 17:02:48.660 UTC [134] STATEMENT:  UPDATE event_archive_segments
	            SET object_version_id=NULL
	          WHERE id=$1
2026-10-08 17:02:48.668 UTC [135] ERROR:  new row for relation "event_archive_segments" violates check constraint "event_archive_segments_membership_state_check"
2026-10-08 17:02:48.668 UTC [135] DETAIL:  Failing row contains (de6b4d04-c0f1-460e-be18-ac2453abcc86, 73adff99-ed6f-4b54-a6af-394957afe559, 1, 1, 2026-07-01 02:03:04.567+00, 1, durable-plan, null, 1, sha256:bbbbbbbbbbbbbbbbbbbbbbbbbbbbbbbbbbbbbbbbbbbbbbbbbbbbbbbbb..., sha256:aaaaaaaaaaaaaaaaaaaaaaaaaaaaaaaaaaaaaaaaaaaaaaaaaaaaaaaaa..., {"fixedCutoffAt": "2026-07-01T02:03:04.567Z"}, verified, 2027-10-09 17:02:48.611945+00, 2026-10-08 17:02:48.657199+00, 2026-10-08 17:02:48.666555+00, null, null, 2026-10-08 17:02:48.611945+00, 2026-10-08 17:02:48.611945+00, exact, 1, 2026-10-08 17:02:48.657199+00, 8, 7).
2026-10-08 17:02:48.668 UTC [135] STATEMENT:  UPDATE event_archive_segments
	            SET state='verified',membership_state='exact',
	                object_version_id=NULL,verified_at=now()
	          WHERE id=$1
2026-10-08 17:02:48.677 UTC [136] ERROR:  new row for relation "event_archive_segments" violates check constraint "event_archive_segments_membership_state_check"
2026-10-08 17:02:48.677 UTC [136] DETAIL:  Failing row contains (de6b4d04-c0f1-460e-be18-ac2453abcc86, 73adff99-ed6f-4b54-a6af-394957afe559, 1, 1, 2026-07-01 02:03:04.567+00, 1, durable-plan, null, 1, sha256:bbbbbbbbbbbbbbbbbbbbbbbbbbbbbbbbbbbbbbbbbbbbbbbbbbbbbbbbb..., sha256:aaaaaaaaaaaaaaaaaaaaaaaaaaaaaaaaaaaaaaaaaaaaaaaaaaaaaaaaa..., {"fixedCutoffAt": "2026-07-01T02:03:04.567Z"}, pruned, 2027-10-09 17:02:48.611945+00, 2026-10-08 17:02:48.657199+00, 2026-10-08 17:02:48.673928+00, 2026-10-08 17:02:48.676989+00, null, 2026-10-08 17:02:48.611945+00, 2026-10-08 17:02:48.611945+00, exact, 1, 2026-10-08 17:02:48.657199+00, 8, 7).
2026-10-08 17:02:48.677 UTC [136] STATEMENT:  UPDATE event_archive_segments
	            SET state='pruned',object_version_id=NULL,pruned_at=now()
	          WHERE id=$1
2026-10-08 17:02:48.739 UTC [127] ERROR:  UPGRADE_BARRIER_RETENTION_CLAIM_ACTIVE
2026-10-08 17:02:48.739 UTC [127] CONTEXT:  PL/pgSQL function inline_code_block line 10 at RAISE
2026-10-08 17:02:48.739 UTC [127] STATEMENT:  -- This is a secondary database-side barrier after operators have stopped the
	-- old Worker and run the exact target-image S3 reconciliation. It closes the
	-- race with any residual retention writer for the whole migration.
	LOCK TABLE retention_job_state IN SHARE ROW EXCLUSIVE MODE;

	DO $$
	BEGIN
	  IF EXISTS (
	    SELECT 1
	      FROM retention_job_state
	     WHERE job_name<>'worker_runtime'
	       AND lease_owner IS NOT NULL
	       AND lease_expires_at>now()
	  ) THEN
	    RAISE EXCEPTION USING
	      ERRCODE='55006',
	      MESSAGE='UPGRADE_BARRIER_RETENTION_CLAIM_ACTIVE';
	  END IF;
	END;
	$$;

	-- Before this migration pending_exact meant only "membership has not been
	-- materialized yet"; those rows predate durable upload intents and have no
	-- provisional reservations. Preserve them on the pinned-object legacy path.
	UPDATE event_archive_segments
	   SET membership_state='legacy_unindexed',
	       updated_at=now()
	 WHERE membership_state='pending_exact';

	ALTER TABLE event_archive_segments
	  ALTER COLUMN object_version_id DROP NOT NULL,
	  ADD COLUMN upload_attempt_count integer NOT NULL DEFAULT 0,
	  ADD COLUMN last_upload_attempt_at timestamptz,
	  ADD COLUMN last_upload_fence bigint,
	  ADD COLUMN planned_fence bigint;

	-- Canonical metadata did not originally require the frozen cutoff. PostgreSQL
	-- timestamps may retain microseconds while the Node.js Date boundary is
	-- millisecond-precise, so normalize historical values to that shared precision
	-- and write the exact UTC ISO spelling produced by Date#toISOString().
	UPDATE event_archive_segments
	   SET fixed_cutoff_at=date_trunc('milliseconds',fixed_cutoff_at),
	       metadata=jsonb_set(
	         metadata,
	         '{fixedCutoffAt}',
	         to_jsonb(
	           to_char(
	             date_trunc('milliseconds',fixed_cutoff_at) AT TIME ZONE 'UTC',
	             'YYYY-MM-DD"T"HH24:MI:SS.MS"Z"'
	           )
	         ),
	         true
	       );

	-- Replace the original state/timestamp checks and the 0029 membership check
	-- with one explicit durable-intent state machine. Constraint names generated
	-- for the old anonymous CHECKs differ between PostgreSQL versions, so identify
	-- only checks that reference the replaced columns.
	DO $$
	DECLARE
	  constraint_row record;
	BEGIN
	  FOR constraint_row IN
	    SELECT conname
	      FROM pg_constraint
	     WHERE conrelid='event_archive_segments'::regclass
	       AND contype='c'
	       AND (
	         pg_get_constraintdef(oid) ILIKE '%object_version_id%'
	         OR pg_get_constraintdef(oid) ILIKE '%uploaded_at%'
	         OR pg_get_constraintdef(oid) ILIKE '%verified_at%'
	         OR pg_get_constraintdef(oid) ILIKE '%pruned_at%'
	         OR pg_get_constraintdef(oid) ILIKE '%membership_state%'
	       )
	  LOOP
	    EXECUTE format(
	      'ALTER TABLE event_archive_segments DROP CONSTRAINT %I',
	      constraint_row.conname
	    );
	  END LOOP;
	END;
	$$;

	-- The pre-intent worker represented a failed readback by clearing uploaded_at
	-- even though the immutable VersionId was already durable. After removing the
	-- old state/timestamp checks, preserve that recoverable object on the legacy
	-- path while satisfying the explicit pairing installed below.
	UPDATE event_archive_segments
	   SET uploaded_at=COALESCE(uploaded_at,created_at),
	       updated_at=now()
	 WHERE membership_state='legacy_unindexed'
	   AND state='failed'
	   AND object_version_id IS NOT NULL
	   AND uploaded_at IS NULL;

	ALTER TABLE event_archive_segments
	  ADD CONSTRAINT event_archive_segments_object_version_state_check CHECK (
	    (
	      state='planned'
	      AND object_version_id IS NULL
	    )
	    OR (
	      state IN ('uploaded','verified','pruned')
	      AND object_version_id IS NOT NULL
	      AND length(btrim(object_version_id)) BETWEEN 1 AND 1024
	    )
	    OR (
	      state='failed'
	      AND (
	        object_version_id IS NULL
	        OR (
	          object_version_id IS NOT NULL
	          AND length(btrim(object_version_id)) BETWEEN 1 AND 1024
	        )
	      )
	    )
	  ),
	  ADD CONSTRAINT event_archive_segments_timestamp_state_check CHECK (
	    (state='planned'
	      AND uploaded_at IS NULL AND verified_at IS NULL AND pruned_at IS NULL)
	    OR
	    (state='uploaded'
	      AND uploaded_at IS NOT NULL AND verified_at IS NULL AND pruned_at IS NULL)
	    OR
	    (state='verified'
	      AND uploaded_at IS NOT NULL AND verified_at IS NOT NULL
	      AND pruned_at IS NULL)
	    OR
	    (state='pruned'
	      AND uploaded_at IS NOT NULL AND verified_at IS NOT NULL
	      AND pruned_at IS NOT NULL)
	    OR
	    (state='failed'
	      AND verified_at IS NULL AND pruned_at IS NULL
	      AND (
	        (object_version_id IS NULL AND uploaded_at IS NULL)
	        OR (object_version_id IS NOT NULL AND uploaded_at IS NOT NULL)
	      ))
	  ),
	  ADD CONSTRAINT event_archive_segments_membership_state_check CHECK (
	    (
	      membership_state='pending_exact'
	      AND state IN ('planned','uploaded','failed')
	      AND planned_fence IS NOT NULL
	      AND planned_fence >= 0
	      AND (
	        state <> 'failed'
	        OR last_error_code IN (
	          'RETENTION_OBJECT_IDENTITY_MISMATCH',
	          'ARCHIVE_FIXED_CUTOFF_MISMATCH',
	          'ARCHIVE_PLAN_CONFLICT',
	          'ARCHIVE_MEMBERSHIP_CONFLICT',
	          'ARCHIVE_OBJECT_MANIFEST_MISMATCH',
	          'ARCHIVE_SNAPSHOT_RECHECK_FAILED'
	        )
	      )
	    )
	    OR (
	      membership_state='exact'
	      AND state IN ('verified','pruned')
	      AND object_version_id IS NOT NULL
	    )
	    OR (
	      membership_state='legacy_unindexed'
	      AND state IN ('uploaded','verified','pruned','failed')
	      AND object_version_id IS NOT NULL
	    )
	  ),
	  ADD CONSTRAINT event_archive_segments_upload_attempt_check CHECK (
	    upload_attempt_count >= 0
	    AND (
	      (
	        upload_attempt_count=0
	        AND last_upload_attempt_at IS NULL
	        AND last_upload_fence IS NULL
	      )
	      OR (
	        upload_attempt_count>0
	        AND last_upload_attempt_at IS NOT NULL
	        AND last_upload_fence IS NOT NULL
	        AND last_upload_fence >= 0
	      )
	    )
	  ),
	  ADD CONSTRAINT event_archive_segments_fixed_cutoff_metadata_check CHECK (
	    jsonb_typeof(metadata->'fixedCutoffAt')='string'
	    AND metadata->>'fixedCutoffAt'=to_char(
	      fixed_cutoff_at AT TIME ZONE 'UTC',
	      'YYYY-MM-DD"T"HH24:MI:SS.MS"Z"'
	    )
	    AND (metadata->>'fixedCutoffAt')::timestamptz=fixed_cutoff_at
	  );

	-- At most one durable intent can exist for a Workspace. A deterministic
	-- conflict stays visible and blocks a replacement until an operator resolves
	-- it; retries always recover the same stable object key.
	CREATE UNIQUE INDEX event_archive_segments_one_pending_intent
	  ON event_archive_segments(workspace_id)
	  WHERE membership_state='pending_exact';

	CREATE INDEX event_archive_segments_pending_recovery
	  ON event_archive_segments(workspace_id,created_at,id)
	  WHERE membership_state='pending_exact'
	    AND state IN ('planned','uploaded','failed');

	COMMENT ON COLUMN event_archive_segments.planned_fence IS
	  'Fence that created the durable intent; successors may reconcile it.';
	COMMENT ON COLUMN event_archive_segments.last_upload_fence IS
	  'Fence that most recently attempted the stable-key conditional upload.';
	COMMENT ON COLUMN event_archive_segments.upload_attempt_count IS
	  'Durable count of same-key conditional upload/reconcile attempts.';
	COMMENT ON INDEX event_archive_segments_one_pending_intent IS
	  'Prevents a second immutable upload intent while recovery is pending.';
2026-10-08 17:02:48.809 UTC [137] ERROR:  duplicate key value violates unique constraint "event_archive_segments_one_pending_intent"
2026-10-08 17:02:48.809 UTC [137] DETAIL:  Key (workspace_id)=(6ae05c39-df43-4e56-a44e-e7c4647b4359) already exists.
2026-10-08 17:02:48.809 UTC [137] STATEMENT:  INSERT INTO event_archive_segments(
	           workspace_id,start_cursor,end_cursor,fixed_cutoff_at,row_count,
	           object_key,object_size_bytes,object_sha256,snapshot_digest,metadata,
	           retain_until,planned_fence
	         ) VALUES($1,2,2,$2,1,'intent-two',1,$3,$4,$5,
	                  now()+interval '366 days',2)
2026-10-08 17:02:48.811 UTC [63] LOG:  checkpoint starting: immediate force wait
2026-10-08 17:02:48.827 UTC [63] LOG:  checkpoint complete: wrote 4563 buffers (27.9%); 0 WAL file(s) added, 0 removed, 3 recycled; write=0.012 s, sync=0.004 s, total=0.017 s; sync files=3232, longest=0.001 s, average=0.000 s; distance=48608 kB, estimate=214355 kB; lsn=0/18070F90, redo lsn=0/18070F58
2026-10-08 17:02:48.832 UTC [63] LOG:  checkpoint starting: immediate force wait
2026-10-08 17:02:48.832 UTC [63] LOG:  checkpoint complete: wrote 2 buffers (0.0%); 0 WAL file(s) added, 0 removed, 0 recycled; write=0.001 s, sync=0.001 s, total=0.001 s; sync files=2, longest=0.001 s, average=0.000 s; distance=2 kB, estimate=192920 kB; lsn=0/18071888, redo lsn=0/18071850
2026-10-08 17:02:48.835 UTC [63] LOG:  checkpoint starting: immediate force wait
2026-10-08 17:02:48.836 UTC [63] LOG:  checkpoint complete: wrote 2 buffers (0.0%); 0 WAL file(s) added, 0 removed, 0 recycled; write=0.001 s, sync=0.001 s, total=0.001 s; sync files=2, longest=0.001 s, average=0.000 s; distance=2 kB, estimate=173628 kB; lsn=0/18072198, redo lsn=0/18072160
2026-10-08 17:02:53.820 UTC [140] ERROR:  WORK_ITEM_PARENT_SELF
2026-10-08 17:02:53.820 UTC [140] CONTEXT:  PL/pgSQL function enforce_work_item_parent_invariants() line 18 at RAISE
2026-10-08 17:02:53.820 UTC [140] STATEMENT:  UPDATE work_items SET parent_id=id WHERE id=$1
2026-10-08 17:02:53.823 UTC [139] ERROR:  WORK_ITEM_PARENT_PROJECT_MISMATCH
2026-10-08 17:02:53.823 UTC [139] CONTEXT:  PL/pgSQL function enforce_work_item_parent_invariants() line 31 at RAISE
2026-10-08 17:02:53.823 UTC [139] STATEMENT:  UPDATE work_items SET parent_id=$1 WHERE id=$2
2026-10-08 17:02:53.834 UTC [141] ERROR:  insert or update on table "work_items" violates foreign key constraint "work_items_parent_same_team_fk"
2026-10-08 17:02:53.834 UTC [141] DETAIL:  Key (workspace_id, team_id, parent_id)=(21ccabff-0f06-4f99-8f55-02feb902e483, 446ebf0a-ce7b-47ed-96ef-d71698ceb3f8, 6cfd3a76-ae5c-42a2-b6f2-4ae61c96330c) is not present in table "work_items".
2026-10-08 17:02:53.834 UTC [141] STATEMENT:  UPDATE work_items SET parent_id=$1 WHERE id=$2
2026-10-08 17:02:53.844 UTC [142] ERROR:  WORK_ITEM_PARENT_CYCLE
2026-10-08 17:02:53.844 UTC [142] CONTEXT:  PL/pgSQL function enforce_work_item_parent_invariants() line 42 at RAISE
2026-10-08 17:02:53.844 UTC [142] STATEMENT:  UPDATE work_items SET parent_id=$1 WHERE id=$2
2026-10-08 17:02:53.877 UTC [143] ERROR:  WORK_ITEM_BLOCK_CYCLE
2026-10-08 17:02:53.877 UTC [143] CONTEXT:  PL/pgSQL function enforce_work_item_relation_invariants() line 36 at RAISE
2026-10-08 17:02:53.877 UTC [143] STATEMENT:  INSERT INTO work_item_relations(workspace_id,team_id,source_work_item_id,target_work_item_id,kind)
	       VALUES($1,$2,$3,$4,'blocks')
2026-10-08 17:02:53.884 UTC [144] ERROR:  WORK_ITEM_RELATED_ORDER
2026-10-08 17:02:53.884 UTC [144] CONTEXT:  PL/pgSQL function enforce_work_item_relation_invariants() line 11 at RAISE
2026-10-08 17:02:53.884 UTC [144] STATEMENT:  INSERT INTO work_item_relations(workspace_id,team_id,source_work_item_id,target_work_item_id,kind)
	       VALUES($1,$2,$3,$4,'related')
2026-10-08 17:02:53.895 UTC [145] ERROR:  insert or update on table "work_item_relations" violates foreign key constraint "work_item_relations_workspace_id_team_id_target_work_item__fkey"
2026-10-08 17:02:53.895 UTC [145] DETAIL:  Key (workspace_id, team_id, target_work_item_id)=(1fc13470-0275-47a3-a152-1eb26a7beeb4, 394c38f9-1793-4326-8e86-37d509e863cf, e4031af6-1ffc-4ee8-907a-7cf61c46310d) is not present in table "work_items".
2026-10-08 17:02:53.895 UTC [145] STATEMENT:  INSERT INTO work_item_relations(workspace_id,team_id,source_work_item_id,target_work_item_id,kind)
	       VALUES($1,$2,$3,$4,'blocks')
2026-10-08 17:02:53.923 UTC [146] ERROR:  WORK_ITEM_HAS_ACTIVE_CHILDREN
2026-10-08 17:02:53.923 UTC [146] CONTEXT:  PL/pgSQL function enforce_work_item_unlinked_before_delete() line 12 at RAISE
2026-10-08 17:02:53.923 UTC [146] STATEMENT:  UPDATE work_items SET deleted_at=now() WHERE id=$1
2026-10-08 17:02:53.952 UTC [148] ERROR:  WORK_ITEM_HAS_ACTIVE_RELATIONS
2026-10-08 17:02:53.952 UTC [148] CONTEXT:  PL/pgSQL function enforce_work_item_unlinked_before_delete() line 19 at RAISE
2026-10-08 17:02:53.952 UTC [148] STATEMENT:  UPDATE work_items SET deleted_at=now() WHERE id=$1
2026-10-08 17:02:53.954 UTC [147] ERROR:  WORK_ITEM_RELATION_ENDPOINT_DELETED
2026-10-08 17:02:53.954 UTC [147] CONTEXT:  PL/pgSQL function enforce_work_item_relation_invariants() line 18 at RAISE
2026-10-08 17:02:53.954 UTC [147] STATEMENT:  INSERT INTO work_item_relations(workspace_id,team_id,source_work_item_id,target_work_item_id,kind)
	       VALUES($1,$2,$3,$4,'blocks')
2026-10-08 17:02:53.982 UTC [150] ERROR:  WORK_ITEM_MILESTONE_PROJECT_MISMATCH
2026-10-08 17:02:53.982 UTC [150] CONTEXT:  PL/pgSQL function enforce_work_item_milestone_invariants() line 20 at RAISE
2026-10-08 17:02:53.982 UTC [150] STATEMENT:  UPDATE work_items SET milestone_id=$1 WHERE id=$2
2026-10-08 17:02:53.987 UTC [149] ERROR:  MILESTONE_HAS_ACTIVE_WORK_ITEMS
2026-10-08 17:02:53.987 UTC [149] CONTEXT:  PL/pgSQL function enforce_milestone_unlinked_before_delete() line 8 at RAISE
2026-10-08 17:02:53.987 UTC [149] STATEMENT:  UPDATE project_milestones SET deleted_at=now() WHERE id=$1
2026-10-08 17:02:53.999 UTC [151] ERROR:  WORK_ITEM_MILESTONE_DELETED
2026-10-08 17:02:53.999 UTC [151] CONTEXT:  PL/pgSQL function enforce_work_item_milestone_invariants() line 17 at RAISE
2026-10-08 17:02:53.999 UTC [151] STATEMENT:  UPDATE work_items SET milestone_id=$1 WHERE id=$2
2026-10-08 17:02:54.020 UTC [153] ERROR:  duplicate key value violates unique constraint "project_milestones_active_project_name_unique"
2026-10-08 17:02:54.020 UTC [153] DETAIL:  Key (project_id, name)=(2e127c6c-8fce-4981-ab99-8682b796b247, Reusable milestone) already exists.
2026-10-08 17:02:54.020 UTC [153] STATEMENT:  INSERT INTO project_milestones(workspace_id,project_id,name)
	       VALUES($1,$2,'Reusable milestone')
2026-10-08 17:02:54.098 UTC [152] ERROR:  WORK_ITEM_PARENT_CYCLE
2026-10-08 17:02:54.098 UTC [152] CONTEXT:  PL/pgSQL function enforce_work_item_parent_invariants() line 42 at RAISE
2026-10-08 17:02:54.098 UTC [152] STATEMENT:  UPDATE work_items SET parent_id=$1 WHERE id=$2
2026-10-08 17:02:54.177 UTC [154] ERROR:  WORK_ITEM_BLOCK_CYCLE
2026-10-08 17:02:54.177 UTC [154] CONTEXT:  PL/pgSQL function enforce_work_item_relation_invariants() line 36 at RAISE
2026-10-08 17:02:54.177 UTC [154] STATEMENT:  INSERT INTO work_item_relations(workspace_id,team_id,source_work_item_id,target_work_item_id,kind)
	         VALUES($1,$2,$3,$4,'blocks')
2026-10-08 17:02:56.303 UTC [156] ERROR:  new row for relation "retention_job_state" violates check constraint "retention_worker_identity_pair"
2026-10-08 17:02:56.303 UTC [156] DETAIL:  Failing row contains (worker_runtime, 13d94204-ee02-4799-ac96-2b2126c9e3b6, null, null, 0, null, 0, null, {}, null, null, null, null, 2026-10-08 17:02:56.300484+00, 00000000-0000-4000-8000-000000000001, null, 0).
2026-10-08 17:02:56.303 UTC [156] STATEMENT:  UPDATE retention_job_state
	            SET worker_instance_id=$2
	          WHERE job_name='worker_runtime' AND workspace_id=$1
2026-10-08 17:02:56.314 UTC [158] ERROR:  new row for relation "retention_job_state" violates check constraint "retention_worker_identity_conflict_count_nonnegative"
2026-10-08 17:02:56.314 UTC [158] DETAIL:  Failing row contains (worker_runtime, 13d94204-ee02-4799-ac96-2b2126c9e3b6, null, null, 0, null, 0, null, {}, null, null, null, null, 2026-10-08 17:02:56.300484+00, 00000000-0000-4000-8000-000000000001, aaaaaaaaaaaaaaaaaaaaaaaaaaaaaaaaaaaaaaaa, -1).
2026-10-08 17:02:56.314 UTC [158] STATEMENT:  UPDATE retention_job_state
	            SET worker_identity_conflict_count=-1
	          WHERE job_name='worker_runtime' AND workspace_id=$1
2026-10-08 17:02:56.317 UTC [63] LOG:  checkpoint starting: immediate force wait
2026-10-08 17:02:56.331 UTC [63] LOG:  checkpoint complete: wrote 3653 buffers (22.3%); 0 WAL file(s) added, 0 removed, 3 recycled; write=0.009 s, sync=0.004 s, total=0.014 s; sync files=2646, longest=0.001 s, average=0.000 s; distance=49291 kB, estimate=161194 kB; lsn=0/1B094DF8, redo lsn=0/1B094DC0
2026-10-08 17:02:56.335 UTC [63] LOG:  checkpoint starting: immediate force wait
2026-10-08 17:02:56.335 UTC [63] LOG:  checkpoint complete: wrote 2 buffers (0.0%); 0 WAL file(s) added, 0 removed, 0 recycled; write=0.001 s, sync=0.001 s, total=0.001 s; sync files=2, longest=0.001 s, average=0.000 s; distance=2 kB, estimate=145075 kB; lsn=0/1B095828, redo lsn=0/1B0957F0
2026-10-08 17:02:58.488 UTC [161] ERROR:  duplicate key value violates unique constraint "event_archive_segment_events_workspace_id_event_cursor_key"
2026-10-08 17:02:58.488 UTC [161] DETAIL:  Key (workspace_id, event_cursor)=(1ca66f91-7850-43bf-8279-e2dc77ff10bb, 1) already exists.
2026-10-08 17:02:58.488 UTC [161] STATEMENT:  INSERT INTO event_archive_segment_events(
	           segment_id,workspace_id,ordinal,event_id,event_cursor,record_sha256
	         ) VALUES($1,$2,1,$3,1,$4)
2026-10-08 17:02:58.493 UTC [63] LOG:  checkpoint starting: immediate force wait
2026-10-08 17:02:58.501 UTC [63] LOG:  checkpoint complete: wrote 1387 buffers (8.5%); 0 WAL file(s) added, 1 removed, 0 recycled; write=0.005 s, sync=0.002 s, total=0.009 s; sync files=932, longest=0.001 s, average=0.000 s; distance=19597 kB, estimate=132527 kB; lsn=0/1C3B8E50, redo lsn=0/1C3B8E18
2026-10-08 17:02:58.508 UTC [63] LOG:  checkpoint starting: immediate force wait
2026-10-08 17:02:58.508 UTC [63] LOG:  checkpoint complete: wrote 2 buffers (0.0%); 0 WAL file(s) added, 0 removed, 0 recycled; write=0.001 s, sync=0.001 s, total=0.001 s; sync files=2, longest=0.001 s, average=0.000 s; distance=2 kB, estimate=119275 kB; lsn=0/1C3B99B8, redo lsn=0/1C3B9980
2026-10-08 17:03:00.643 UTC [162] ERROR:  new row for relation "event_archive_segments" violates check constraint "event_archive_segments_membership_state_check"
2026-10-08 17:03:00.643 UTC [162] DETAIL:  Failing row contains (307e0c26-2f64-41a1-af33-b055e864b10d, 7458f967-eff8-4b21-83fd-d49c457a892a, 1002, 1002, 2026-07-01 00:00:00+00, 1, uploaded-cannot-be-exact, version-uploaded, 0, sha256:ccccccccccccccccccccccccccccccccccccccccccccccccccccccccc..., sha256:ddddddddddddddddddddddddddddddddddddddddddddddddddddddddd..., {"fixedCutoffAt": "2026-07-01T00:00:00.000Z"}, uploaded, 2027-10-09 17:03:00.642926+00, 2026-10-08 17:03:00.642926+00, null, null, null, 2026-10-08 17:03:00.642926+00, 2026-10-08 17:03:00.642926+00, exact, 0, null, null, null).
2026-10-08 17:03:00.643 UTC [162] STATEMENT:  INSERT INTO event_archive_segments(
	           workspace_id,start_cursor,end_cursor,fixed_cutoff_at,row_count,
	           object_key,object_version_id,object_size_bytes,object_sha256,
	           snapshot_digest,metadata,state,retain_until,uploaded_at,
	           membership_state
	         ) VALUES(
	           $1,1002,1002,$2,1,'uploaded-cannot-be-exact','version-uploaded',0,
	           $3,$4,$5,'uploaded',now()+interval '366 days',now(),'exact'
	         )
2026-10-08 17:03:00.666 UTC [163] ERROR:  new row for relation "event_archive_segments" violates check constraint "event_archive_segments_check1"
2026-10-08 17:03:00.666 UTC [163] DETAIL:  Failing row contains (05637ee9-dc48-4f8c-95ab-78490e9aa089, 2a879808-df56-43de-b53c-ef6de64a0d2b, 1, 1, 2026-10-08 17:03:00.666093+00, 1, too-short, version-1, 1, sha256:bbbbbbbbbbbbbbbbbbbbbbbbbbbbbbbbbbbbbbbbbbbbbbbbbbbbbbbbb..., sha256:aaaaaaaaaaaaaaaaaaaaaaaaaaaaaaaaaaaaaaaaaaaaaaaaaaaaaaaaa..., {}, planned, 2027-10-07 17:03:00.666093+00, null, null, null, null, 2026-10-08 17:03:00.666093+00, 2026-10-08 17:03:00.666093+00, pending_exact, 0, null, null, null).
2026-10-08 17:03:00.666 UTC [163] STATEMENT:
	      INSERT INTO event_archive_segments(
	        workspace_id,start_cursor,end_cursor,fixed_cutoff_at,row_count,
	        object_key,object_version_id,object_size_bytes,object_sha256,
	        snapshot_digest,retain_until
	      ) VALUES(
	        $1,1,1,now(),1,'too-short','version-1',1,
	        'sha256:bbbbbbbbbbbbbbbbbbbbbbbbbbbbbbbbbbbbbbbbbbbbbbbbbbbbbbbbbbbbbbbb','sha256:aaaaaaaaaaaaaaaaaaaaaaaaaaaaaaaaaaaaaaaaaaaaaaaaaaaaaaaaaaaaaaaa',
	        now()+interval '364 days'
	      )

2026-10-08 17:03:00.936 UTC [165] ERROR:  canceling statement due to statement timeout
2026-10-08 17:03:00.936 UTC [165] CONTEXT:  while locking tuple (0,3) in relation "event_retention_state"
2026-10-08 17:03:00.936 UTC [165] STATEMENT:
	        SELECT pruned_through_cursor FROM event_retention_state
	         WHERE workspace_id=$1 FOR UPDATE

2026-10-08 17:03:00.945 UTC [164] WARNING:  there is no transaction in progress
2026-10-08 17:03:00.945 UTC [165] WARNING:  there is no transaction in progress
2026-10-08 17:03:01.202 UTC [164] ERROR:  canceling statement due to statement timeout
2026-10-08 17:03:01.202 UTC [164] CONTEXT:  while locking tuple (0,4) in relation "event_retention_state"
	SQL statement "SELECT 1
	    FROM event_retention_state
	   WHERE workspace_id=NEW.workspace_id
	   FOR SHARE"
	PL/pgSQL function lock_event_retention_for_append() line 6 at PERFORM
2026-10-08 17:03:01.202 UTC [164] STATEMENT:
	        INSERT INTO domain_events(
	          workspace_id,event_type,aggregate_type,aggregate_id,actor_id,correlation_id
	        ) VALUES($1,'workspace.updated','workspace',$1,$2,'cursor-fence')

2026-10-08 17:03:01.204 UTC [165] WARNING:  there is no transaction in progress
2026-10-08 17:03:01.205 UTC [164] WARNING:  there is no transaction in progress
2026-10-08 17:03:03.197 UTC [168] ERROR:  duplicate key value violates unique constraint "leases_active_exclusive_resource"
2026-10-08 17:03:03.197 UTC [168] DETAIL:  Key (workspace_id, resource_type, resource_id)=(a93328ae-fb6a-473b-af00-3c994828fb27, work_item, 3b33b667-866d-4d2f-8c6d-72b6ad595aa0) already exists.
2026-10-08 17:03:03.197 UTC [168] STATEMENT:  INSERT INTO leases(workspace_id,session_id,resource_type,resource_id,kind,reason,expires_at) VALUES($1,$2,$3,$4,$5,'integration projection',now()+interval '10 minutes') RETURNING id
2026-10-08 17:03:09.905 UTC [171] ERROR:  duplicate key value violates unique constraint "auth_idempotency_records_key_fingerprint_subject_fingerprin_key"
2026-10-08 17:03:09.905 UTC [171] DETAIL:  Key (key_fingerprint, subject_fingerprint)=(aaaaaaaaaaaaaaaaaaaaaaaaaaaaaaaaaaaaaaaaaaaaaaaaaaaaaaaaaaaaaaaa, bbbbbbbbbbbbbbbbbbbbbbbbbbbbbbbbbbbbbbbbbbbbbbbbbbbbbbbbbbbbbbbb) already exists.
2026-10-08 17:03:09.905 UTC [171] STATEMENT:  INSERT INTO auth_idempotency_records(
	         key_fingerprint,subject_fingerprint,operation,request_fingerprint,
	         client_context_fingerprint
	       ) VALUES($1,$2,'two',$3,$4)
2026-10-08 17:03:09.914 UTC [172] ERROR:  new row for relation "auth_idempotency_records" violates check constraint "auth_idempotency_records_client_context_fingerprint_check"
2026-10-08 17:03:09.914 UTC [172] DETAIL:  Failing row contains (08c34cc1-b275-44ca-a727-4016f48a0d45, plaintext-key, plaintext-subject, invalid, plaintext-request, plaintext-context, claimed, null, null, null, null, null, null, 2026-10-08 17:18:09.912852+00, 2026-10-09 17:03:09.912852+00, 2026-10-08 17:03:09.912852+00, null, null).
2026-10-08 17:03:09.914 UTC [172] STATEMENT:  INSERT INTO auth_idempotency_records(
	         key_fingerprint,subject_fingerprint,operation,request_fingerprint,
	         client_context_fingerprint
	       ) VALUES('plaintext-key','plaintext-subject','invalid','plaintext-request','plaintext-context')
2026-10-08 17:03:09.925 UTC [173] ERROR:  new row for relation "auth_idempotency_records" violates check constraint "auth_idempotency_records_check"
2026-10-08 17:03:09.925 UTC [173] DETAIL:  Failing row contains (19827562-87f3-4108-a7d8-cc9cc9222cb2, 1111111111111111111111111111111111111111111111111111111111111111, 2222222222222222222222222222222222222222222222222222222222222222, completed, 3333333333333333333333333333333333333333333333333333333333333333, 4444444444444444444444444444444444444444444444444444444444444444, completed, null, null, null, null, null, null, 2026-10-08 17:18:09.920746+00, 2026-10-09 17:03:09.920746+00, 2026-10-08 17:03:09.920746+00, 2026-10-08 17:03:09.920746+00, null).
2026-10-08 17:03:09.925 UTC [173] STATEMENT:  UPDATE auth_idempotency_records SET replay_wiped_at=NULL WHERE id=$1
2026-10-08 17:03:40.395 UTC [184] ERROR:  WORK_ITEM_MILESTONE_PROJECT_MISMATCH
2026-10-08 17:03:40.395 UTC [184] CONTEXT:  PL/pgSQL function enforce_work_item_milestone_invariants() line 20 at RAISE
2026-10-08 17:03:40.395 UTC [184] STATEMENT:  INSERT INTO work_items(workspace_id,team_id,number,title,description,status_id,priority,due_date,responsible_human_actor_id,labels,project_id,milestone_id,parent_id) VALUES($1,$2,$3,$4,$5,$6,$7,$8,$9,$10,$11,$12,$13) RETURNING id,revision,number
2026-10-08 17:03:40.431 UTC [184] ERROR:  WORK_ITEM_BLOCK_CYCLE
2026-10-08 17:03:40.431 UTC [184] CONTEXT:  PL/pgSQL function enforce_work_item_relation_invariants() line 36 at RAISE
2026-10-08 17:03:40.431 UTC [184] STATEMENT:  INSERT INTO work_item_relations(workspace_id,team_id,source_work_item_id,target_work_item_id,kind,created_by_actor_id)
	         VALUES($1,$2,$3,$4,$5,$6) RETURNING *
2026-10-08 17:03:42.171 UTC [187] ERROR:  forced assignment rollback fixture
2026-10-08 17:03:42.171 UTC [187] CONTEXT:  PL/pgSQL function stage5_fail_forced_assignment() line 4 at RAISE
2026-10-08 17:03:42.171 UTC [187] STATEMENT:  INSERT INTO delegations(
	             workspace_id,team_id,agent_id,agent_actor_id,
	             principal_human_actor_id,work_item_id,role,scope_type,scope_id,
	             permissions_snapshot,capability_scope,status
	           ) VALUES($1,$2,$3,$4,$5,$6,$7,'work_item',$6,$8,$9,'active')
	           RETURNING *
2026-10-08 17:03:42.344 UTC [187] ERROR:  stage5 self-claim delegation boundary failure
2026-10-08 17:03:42.344 UTC [187] CONTEXT:  PL/pgSQL function stage5_claim_boundary_failure_delegation_fn() line 4 at RAISE
2026-10-08 17:03:42.344 UTC [187] STATEMENT:  INSERT INTO delegations(
	             workspace_id,team_id,agent_id,agent_actor_id,
	             principal_human_actor_id,work_item_id,role,scope_type,scope_id,
	             permissions_snapshot,capability_scope,status
	           ) VALUES($1,$2,$3,$4,$5,$6,'executor','work_item',$6,$7,$8,'active')
	           RETURNING *
2026-10-08 17:03:42.447 UTC [187] ERROR:  stage5 self-claim session boundary failure
2026-10-08 17:03:42.447 UTC [187] CONTEXT:  PL/pgSQL function stage5_claim_boundary_failure_session_fn() line 4 at RAISE
2026-10-08 17:03:42.447 UTC [187] STATEMENT:  INSERT INTO agent_sessions(
	           workspace_id,team_id,agent_id,agent_actor_id,delegation_id,
	           work_item_id,context_snapshot_id,budget,retry_of_session_id,
	           retry_reason,retry_count
	         ) VALUES($1,$2,$3,$4,$5,$6,$7,$8,$9,$10,$11)
	         RETURNING *
2026-10-08 17:03:42.547 UTC [187] ERROR:  stage5 self-claim session credential boundary failure
2026-10-08 17:03:42.547 UTC [187] CONTEXT:  PL/pgSQL function stage5_claim_boundary_failure_session_credential_fn() line 8 at RAISE
2026-10-08 17:03:42.547 UTC [187] STATEMENT:  INSERT INTO agent_session_tokens(
	           session_id,agent_id,installation_token_id,token_hash,
	           exchange_nonce_hash,expires_at,issued_by_actor_id
	         ) VALUES($1,$2,$3,$4,$5,now()+interval '15 minutes',$6)
2026-10-08 17:03:42.652 UTC [187] ERROR:  stage5 self-claim prompt boundary failure
2026-10-08 17:03:42.652 UTC [187] CONTEXT:  PL/pgSQL function stage5_claim_boundary_failure_prompt_fn() line 9 at RAISE
2026-10-08 17:03:42.652 UTC [187] STATEMENT:  INSERT INTO agent_session_prompts(
	           session_id,author_actor_id,body_markdown
	         ) VALUES($1,$2,$3)
2026-10-08 17:03:42.782 UTC [187] ERROR:  stage5 self-claim event boundary failure
2026-10-08 17:03:42.782 UTC [187] CONTEXT:  PL/pgSQL function stage5_claim_boundary_failure_event_fn() line 5 at RAISE
2026-10-08 17:03:42.782 UTC [187] STATEMENT:  INSERT INTO domain_events(
	       workspace_id,team_id,audience_actor_id,event_type,event_version,
	       aggregate_type,aggregate_id,aggregate_revision,actor_id,correlation_id,
	       idempotency_key,payload,session_id,session_sequence,causation_id,notification_sources
	     ) VALUES($1,$2,$3,$4,2,$5,$6,$7,$8,$9,$10,$11,$12,$13,$14,$15)
	     RETURNING id
2026-10-08 17:03:42.918 UTC [187] ERROR:  stage5 self-claim outbox boundary failure
2026-10-08 17:03:42.918 UTC [187] CONTEXT:  PL/pgSQL function stage5_claim_boundary_failure_outbox_fn() line 8 at RAISE
2026-10-08 17:03:42.918 UTC [187] STATEMENT:  INSERT INTO outbox_events(domain_event_id,topic,partition_key)
	     VALUES($1,$2,$3)
2026-10-08 17:03:45.747 UTC [192] ERROR:  forced coordination recovery failure
2026-10-08 17:03:45.747 UTC [192] CONTEXT:  PL/pgSQL function stage5_fail_coordination_recovery() line 4 at RAISE
2026-10-08 17:03:45.747 UTC [192] STATEMENT:  INSERT INTO agent_sessions(workspace_id,team_id,agent_id,agent_actor_id,
	                                    delegation_id,state,state_reason,acknowledged_at,
	                                    last_heartbeat_at,session_kind,coordination_connection_id)
	         VALUES($1,$2,$3,$4,$5,'executing','coordination connection',now(),now(),
	                'coordination',$6)
	         RETURNING id,revision,sequence
2026-10-08 17:03:47.483 UTC [184] ERROR:  terminal recovery rollback fixture
2026-10-08 17:03:47.483 UTC [184] CONTEXT:  PL/pgSQL function stage5_fail_terminal_recovery() line 5 at RAISE
2026-10-08 17:03:47.483 UTC [184] STATEMENT:  INSERT INTO agent_sessions(
	           workspace_id,team_id,agent_id,agent_actor_id,delegation_id,
	           work_item_id,context_snapshot_id,budget,retry_of_session_id,
	           retry_reason,retry_count
	         ) VALUES($1,$2,$3,$4,$5,$6,$7,$8,$9,$10,$11)
	         RETURNING *
2026-10-08 17:03:48.708 UTC [187] ERROR:  stale recovery rollback fixture
2026-10-08 17:03:48.708 UTC [187] CONTEXT:  PL/pgSQL function stage5_fail_stale_recovery() line 5 at RAISE
2026-10-08 17:03:48.708 UTC [187] STATEMENT:  INSERT INTO agent_sessions(
	           workspace_id,team_id,agent_id,agent_actor_id,delegation_id,
	           work_item_id,context_snapshot_id,budget,retry_of_session_id,
	           retry_reason,retry_count
	         ) VALUES($1,$2,$3,$4,$5,$6,$7,$8,$9,$10,$11)
	         RETURNING *
2026-10-08 17:04:18.270 UTC [206] ERROR:  could not obtain lock on row in relation "agent_session_tokens"
2026-10-08 17:04:18.270 UTC [206] STATEMENT:  SELECT id FROM agent_session_tokens
	              WHERE id=ANY($1::uuid[])
	              ORDER BY id
	              FOR UPDATE NOWAIT
2026-10-08 17:04:35.198 UTC [217] ERROR:  workbench recovery outbox failure
2026-10-08 17:04:35.198 UTC [217] CONTEXT:  PL/pgSQL function workbench_recovery_reject_outbox() line 2 at RAISE
2026-10-08 17:04:35.198 UTC [217] STATEMENT:  INSERT INTO outbox_events(domain_event_id,topic,partition_key)
	     VALUES($1,$2,$3)
2026-10-08 17:04:35.596 UTC [218] ERROR:  atomic completion failure
2026-10-08 17:04:35.596 UTC [218] CONTEXT:  PL/pgSQL function reject_atomic_session_completion() line 2 at RAISE
2026-10-08 17:04:35.596 UTC [218] STATEMENT:  INSERT INTO outbox_events(domain_event_id,topic,partition_key)
	     VALUES($1,$2,$3)
2026-10-08 17:04:57.088 UTC [257] ERROR:  forced bootstrap integration rollback
2026-10-08 17:04:57.088 UTC [257] CONTEXT:  PL/pgSQL function bootstrap_install_test_failure() line 5 at RAISE
2026-10-08 17:04:57.088 UTC [257] STATEMENT:  INSERT INTO actors(workspace_id,kind,workspace_role,email,display_name,password_hash) VALUES($1,'human','admin',$2,$3,$4) RETURNING id
2026-10-08 17:05:09.832 UTC [273] ERROR:  IMMUTABLE_DOCUMENT_REVISION
2026-10-08 17:05:09.832 UTC [273] CONTEXT:  PL/pgSQL function prevent_document_revision_mutation() line 3 at RAISE
2026-10-08 17:05:09.832 UTC [273] STATEMENT:  UPDATE document_revisions SET markdown=$2 WHERE id=$1
2026-10-08 17:05:10.234 UTC [276] ERROR:  INVALID_DOCUMENT_PROJECT_OWNER
2026-10-08 17:05:10.234 UTC [276] CONTEXT:  PL/pgSQL function validate_document_owner() line 17 at RAISE
2026-10-08 17:05:10.234 UTC [276] STATEMENT:  INSERT INTO documents(workspace_id,team_id,project_id,title,current_revision_id,created_by_actor_id)
	       VALUES ((SELECT workspace_id FROM projects WHERE id=$1),$2,$1,'Cross Team',$3,$4)
2026-10-08 17:05:10.265 UTC [275] ERROR:  INJECTED_DOCUMENT_EVENT_FAILURE
2026-10-08 17:05:10.265 UTC [275] CONTEXT:  PL/pgSQL function fail_test_document_event() line 2 at RAISE
2026-10-08 17:05:10.265 UTC [275] STATEMENT:  INSERT INTO domain_events(
	       workspace_id,team_id,audience_actor_id,event_type,event_version,
	       aggregate_type,aggregate_id,aggregate_revision,actor_id,correlation_id,
	       idempotency_key,payload,session_id,session_sequence,causation_id,notification_sources
	     ) VALUES($1,$2,$3,$4,2,$5,$6,$7,$8,$9,$10,$11,$12,$13,$14,$15)
	     RETURNING id
2026-10-08 17:05:15.004 UTC [283] ERROR:  duplicate key value violates unique constraint "workflow_states_team_id_name_key"
2026-10-08 17:05:15.004 UTC [283] DETAIL:  Key (team_id, name)=(dc50a595-4ac9-4857-9358-7de317b94cf2, Backlog) already exists.
2026-10-08 17:05:15.004 UTC [283] STATEMENT:  UPDATE workflow_states SET name=COALESCE($1,name),color=COALESCE($2,color),revision=revision+1,updated_at=now() WHERE id=$3 AND workspace_id=$4 AND team_id=$5 AND is_archived=false RETURNING id,revision
2026-10-08 17:05:17.149 UTC [286] ERROR:  test outbox failure
2026-10-08 17:05:17.149 UTC [286] CONTEXT:  PL/pgSQL function workbench_test_fail_outbox() line 2 at RAISE
2026-10-08 17:05:17.149 UTC [286] STATEMENT:  INSERT INTO outbox_events(domain_event_id,topic,partition_key)
	     VALUES($1,$2,$3)
2026-10-08 17:05:32.662 UTC [294] WARNING:  there is no transaction in progress
2026-10-08 17:05:32.757 UTC [294] WARNING:  there is no transaction in progress
2026-10-08 17:05:32.847 UTC [294] WARNING:  there is no transaction in progress
2026-10-08 17:05:32.931 UTC [294] WARNING:  there is no transaction in progress
2026-10-08 17:05:33.029 UTC [294] WARNING:  there is no transaction in progress
2026-10-08 17:05:33.114 UTC [294] WARNING:  there is no transaction in progress
2026-10-08 17:05:33.225 UTC [294] WARNING:  there is no transaction in progress
2026-10-08 17:05:33.362 UTC [294] WARNING:  there is no transaction in progress
2026-10-08 17:06:00.364 UTC [300] ERROR:  DELEGATION_REQUIRES_HUMAN_PRINCIPAL_AND_AGENT_ACTOR
2026-10-08 17:06:00.364 UTC [300] CONTEXT:  PL/pgSQL function enforce_delegation_actor_kinds() line 6 at RAISE
2026-10-08 17:06:00.364 UTC [300] STATEMENT:  INSERT INTO delegations(
	       workspace_id,team_id,agent_id,agent_actor_id,principal_human_actor_id,role,scope_type,scope_id,
	       permissions_snapshot,capability_scope
	     ) VALUES($1,$2,$3,$4,$5,'executor','automation',$6,$7,$8) RETURNING id
2026-10-08 17:06:02.434 UTC [300] WARNING:  there is no transaction in progress
2026-10-08 17:06:02.549 UTC [300] WARNING:  there is no transaction in progress
2026-10-08 17:06:02.658 UTC [300] WARNING:  there is no transaction in progress
2026-10-08 17:06:02.771 UTC [300] WARNING:  there is no transaction in progress
2026-10-08 17:06:02.879 UTC [300] WARNING:  there is no transaction in progress
2026-10-08 17:06:02.982 UTC [300] WARNING:  there is no transaction in progress
2026-10-08 17:06:03.109 UTC [300] WARNING:  there is no transaction in progress
2026-10-08 17:06:03.189 UTC [300] WARNING:  there is no transaction in progress
2026-10-08 17:06:03.190 UTC [299] WARNING:  there is no transaction in progress
2026-10-08 17:06:06.599 UTC [300] ERROR:  new row for relation "notification_deliveries" violates check constraint "notification_delivery_kind_required"
2026-10-08 17:06:06.599 UTC [300] DETAIL:  Failing row contains (c2c1bda3-2f5d-4570-b016-6befe9aedb33, null, webhook, pending, 0, 2026-10-08 17:06:06.599606+00, null, null, 0, notification:1d992f06-0f99-4c4c-8599-42a8215fc99c:target:b1520ec..., null, null, null, 2026-10-08 17:06:06.599606+00, null, 5c676508-90ec-4816-a0de-6aca12494b10, 1d992f06-0f99-4c4c-8599-42a8215fc99c, b1520ece-dcf2-4674-86b2-d74c62c06027, 88e658b5-cdb6-4c94-8156-5045d037bf20, 1, null, null, not_sent, null, 0, 1, null).
2026-10-08 17:06:06.599 UTC [300] STATEMENT:  INSERT INTO notification_deliveries(workspace_id,intent_id,channel_target_id,recipient_actor_id,target_revision,channel,effect_key)
	        SELECT workspace_id,intent_id,channel_target_id,recipient_actor_id,target_revision,channel,effect_key FROM notification_deliveries WHERE id=$1
2026-10-08 17:06:06.798 UTC [299] WARNING:  there is no transaction in progress
2026-10-08 17:06:19.120 UTC [304] ERROR:  duplicate key value violates unique constraint "agent_webhook_deliveries_agent_id_delivery_id_key"
2026-10-08 17:06:19.120 UTC [304] DETAIL:  Key (agent_id, delivery_id)=(dc33eb15-ba81-4f98-980f-08cfc40d0139, del_e6aa3ff4-a465-4ad5-a518-62861c53548e) already exists.
2026-10-08 17:06:19.120 UTC [304] STATEMENT:  INSERT INTO agent_webhook_deliveries(agent_id,endpoint_id,secret_version,event_id,delivery_id,event_type,session_id,payload) VALUES($1,$2,1,$3,$4,$5,$6,$7) RETURNING id
2026-10-08 17:07:58.457 UTC [63] LOG:  checkpoint starting: time
