1:C 08 Oct 2026 15:38:34.652 * oO0OoO0OoO0Oo Redis is starting oO0OoO0OoO0Oo
1:C 08 Oct 2026 15:38:34.652 * Redis version=7.4.11, bits=64, commit=00000000, modified=0, pid=1, just started
1:C 08 Oct 2026 15:38:34.652 # Warning: no config file specified, using the default config. In order to specify a config file use redis-server /path/to/redis.conf
1:M 08 Oct 2026 15:38:34.652 * monotonic clock: POSIX clock_gettime
1:M 08 Oct 2026 15:38:34.653 * Running mode=standalone, port=6379.
1:M 08 Oct 2026 15:38:34.653 * Server initialized
1:M 08 Oct 2026 15:38:34.653 * Ready to accept connections tcp
1:M 08 Oct 2026 15:45:05.479 * 100 changes in 300 seconds. Saving...
1:M 08 Oct 2026 15:45:05.480 * Background saving started by pid 22
22:C 08 Oct 2026 15:45:05.480 * DB saved on disk
22:C 08 Oct 2026 15:45:05.481 * Fork CoW for RDB: current 0 MB, peak 0 MB, average 0 MB
1:M 08 Oct 2026 15:45:05.581 * Background saving terminated with success
1:M 08 Oct 2026 15:50:06.099 * 100 changes in 300 seconds. Saving...
1:M 08 Oct 2026 15:50:06.099 * Background saving started by pid 23
23:C 08 Oct 2026 15:50:06.101 * DB saved on disk
23:C 08 Oct 2026 15:50:06.101 * Fork CoW for RDB: current 0 MB, peak 0 MB, average 0 MB
1:M 08 Oct 2026 15:50:06.200 * Background saving terminated with success
1:M 08 Oct 2026 15:55:07.100 * 100 changes in 300 seconds. Saving...
1:M 08 Oct 2026 15:55:07.101 * Background saving started by pid 24
24:C 08 Oct 2026 15:55:07.102 * DB saved on disk
24:C 08 Oct 2026 15:55:07.102 * Fork CoW for RDB: current 0 MB, peak 0 MB, average 0 MB
1:M 08 Oct 2026 15:55:07.203 * Background saving terminated with success
