
> @workmesh/web@ check:i18n C:\Users\xurx\.tds\workspaces\01a11b27-cfac-7ea4-a461-8eef51b750fe\apps\web
> node scripts/check-i18n.mjs

apps/web/app/lib/i18n.tsx:1:1 [I18N_LOCALE_TABLE_MISSING] Inventory entry 'readinessCopies' has no top-level Record<Locale, ...> declaration.
apps/web/app/settings/notification-channel-settings.tsx:102:25 [I18N_HARDCODED_UI_COPY] Hardcoded title copy '我的通知渠道' requires localized copy or an exact allowlist entry.
apps/web/app/settings/notification-channel-settings.tsx:103:10 [I18N_HARDCODED_UI_COPY] Hardcoded jsx-text copy '只接收指派给你的事项。保存配置不会发送测试消息。' requires localized copy or an exact allowlist entry.
apps/web/app/settings/notification-channel-settings.tsx:113:9 [I18N_HARDCODED_UI_COPY] Hardcoded jsx-text copy '重新加载' requires localized copy or an exact allowlist entry.
apps/web/app/settings/notification-channel-settings.tsx:117:11 [I18N_HARDCODED_UI_COPY] Hardcoded jsx-text copy '目标名称' requires localized copy or an exact allowlist entry.
apps/web/app/settings/notification-channel-settings.tsx:121:11 [I18N_HARDCODED_UI_COPY] Hardcoded jsx-text copy '企业微信出站地址' requires localized copy or an exact allowlist entry.
apps/web/app/settings/notification-channel-settings.tsx:132:11 [I18N_HARDCODED_UI_COPY] Hardcoded jsx-text copy '创建目标' requires localized copy or an exact allowlist entry.
apps/web/app/settings/notification-channel-settings.tsx:140:17 [I18N_HARDCODED_UI_COPY] Hardcoded jsx-text copy '已撤销' requires localized copy or an exact allowlist entry.
apps/web/app/settings/notification-channel-settings.tsx:142:19 [I18N_HARDCODED_UI_COPY] Hardcoded jsx-text copy '已启用' requires localized copy or an exact allowlist entry.
apps/web/app/settings/notification-channel-settings.tsx:143:19 [I18N_HARDCODED_UI_COPY] Hardcoded jsx-text copy '已禁用' requires localized copy or an exact allowlist entry.
apps/web/app/settings/notification-channel-settings.tsx:146:17 [I18N_HARDCODED_UI_COPY] Hardcoded jsx-text copy '秘密已配置' requires localized copy or an exact allowlist entry.
apps/web/app/settings/notification-channel-settings.tsx:147:17 [I18N_HARDCODED_UI_COPY] Hardcoded jsx-text copy '秘密已清除' requires localized copy or an exact allowlist entry.
apps/web/app/settings/notification-channel-settings.tsx:157:19 [I18N_HARDCODED_UI_COPY] Hardcoded jsx-text copy '目标名称' requires localized copy or an exact allowlist entry.
apps/web/app/settings/notification-channel-settings.tsx:167:19 [I18N_HARDCODED_UI_COPY] Hardcoded jsx-text copy '替换秘密地址' requires localized copy or an exact allowlist entry.
apps/web/app/settings/notification-channel-settings.tsx:177:19 [I18N_HARDCODED_UI_COPY] Hardcoded jsx-text copy '保存目标' requires localized copy or an exact allowlist entry.
apps/web/app/settings/notification-channel-settings.tsx:194:35 [I18N_HARDCODED_UI_COPY] Hardcoded jsx-text copy '禁用目标' requires localized copy or an exact allowlist entry.
apps/web/app/settings/notification-channel-settings.tsx:194:44 [I18N_HARDCODED_UI_COPY] Hardcoded jsx-text copy '启用目标' requires localized copy or an exact allowlist entry.
apps/web/app/settings/notification-channel-settings.tsx:211:17 [I18N_HARDCODED_UI_COPY] Hardcoded jsx-text copy '撤销目标' requires localized copy or an exact allowlist entry.
apps/web/app/settings/notification-channel-settings.tsx:223:11 [I18N_HARDCODED_UI_COPY] Hardcoded jsx-text copy '投递记录' requires localized copy or an exact allowlist entry.
apps/web/app/settings/notification-channel-settings.tsx:225:47 [I18N_HARDCODED_UI_COPY] Hardcoded aria-label copy '投递记录' requires localized copy or an exact allowlist entry.
apps/web/app/settings/notification-channel-settings.tsx:229:17 [I18N_HARDCODED_UI_COPY] Hardcoded jsx-text copy '发送结果未知' requires localized copy or an exact allowlist entry.
apps/web/app/settings/notification-channel-settings.tsx:234:18 [I18N_HARDCODED_UI_COPY] Hardcoded jsx-text copy '重试可能再次发送同一条提醒；请先核对目标渠道的送达记录。' requires localized copy or an exact allowlist entry.
C:\Users\xurx\.tds\workspaces\01a11b27-cfac-7ea4-a461-8eef51b750fe\apps\web:
 ERR_PNPM_RECURSIVE_RUN_FIRST_FAIL  @workmesh/web@ check:i18n: `node scripts/check-i18n.mjs`
Exit status 1
