[WebServer] project-work-preview-api:3201
[WebServer]    ▲ Next.js 15.5.22
[WebServer]    - Local:        http://localhost:3200
[WebServer]    - Network:      http://100.77.217.65:3200
[WebServer] 
[WebServer]  ✓ Starting...
[WebServer]  ✓ Ready in 3.3s
[WebServer]  ○ Compiling / ...
[WebServer]  ✓ Compiled / in 9.2s (10513 modules)
[WebServer]  GET / 200 in 10056ms

Running 52 tests using 1 worker

[WebServer]  ○ Compiling /workbench ...
[WebServer]  ✓ Compiled /workbench in 1923ms (10528 modules)
[WebServer]  GET /workbench 200 in 2433ms
[WebServer]  GET /workbench 200 in 80ms
[WebServer]  GET /?view=my-work 200 in 194ms
[WebServer]  GET /workbench 200 in 98ms
  ok  1 [desktop-light] › e2e\mocked\d1b-workbench.mocked.spec.ts:33:5 › workbench/ready：真实路由、明暗布局、截图和键盘 (8.0s)
[WebServer]  GET /workbench 200 in 86ms
  ok  2 [desktop-light] › e2e\mocked\d1b-workbench.mocked.spec.ts:33:5 › workbench/create：真实路由、明暗布局、截图和键盘 (1.3s)
[WebServer]  GET /workbench 200 in 91ms
  ok  3 [desktop-light] › e2e\mocked\d1b-workbench.mocked.spec.ts:33:5 › workbench/loading：真实路由、明暗布局、截图和键盘 (1.2s)
[WebServer]  GET /workbench 200 in 100ms
  ok  4 [desktop-light] › e2e\mocked\d1b-workbench.mocked.spec.ts:33:5 › workbench/error：真实路由、明暗布局、截图和键盘 (1.2s)
[WebServer]  GET /workbench 200 in 85ms
  ok  5 [desktop-light] › e2e\mocked\d1b-workbench.mocked.spec.ts:33:5 › workbench/empty：真实路由、明暗布局、截图和键盘 (1.1s)
[WebServer]  GET /workbench 200 in 92ms
  ok  6 [desktop-light] › e2e\mocked\d1b-workbench.mocked.spec.ts:33:5 › workbench/rich：真实路由、明暗布局、截图和键盘 (1.2s)
[WebServer]  GET /workbench 200 in 94ms
  ok  7 [desktop-light] › e2e\mocked\d1b-workbench.mocked.spec.ts:33:5 › workbench/portal：真实路由、明暗布局、截图和键盘 (1.5s)
[WebServer]  GET / 200 in 79ms
[WebServer]  GET /workbench 200 in 36ms
[WebServer]  GET /workbench 200 in 36ms
[WebServer]  GET /workbench 200 in 110ms
[WebServer]  GET /?view=my-work 200 in 87ms
[WebServer]  GET /workbench 200 in 94ms
  ok  8 [desktop-light] › e2e\mocked\d1b-workbench.mocked.spec.ts:33:5 › root-redirect/ready：真实路由、明暗布局、截图和键盘 (5.8s)
[WebServer]  GET /workbench?theme=light 200 in 97ms
  ok  9 [desktop-light] › e2e\theme-unification.spec.ts:24:3 › unified light theme › recomputes workbench derived tokens across nested themes and compact density (923ms)
[WebServer]  ○ Compiling /login ...
[WebServer]  ✓ Compiled /login in 1997ms (10535 modules)
[WebServer]  GET /login 200 in 2423ms
  ok 10 [desktop-light] › e2e\theme-unification.spec.ts:33:5 › unified light theme › renders /login on the unified light theme (3.2s)
[WebServer]  ○ Compiling /install ...
[WebServer]  ✓ Compiled /install in 1818ms (10542 modules)
[WebServer]  GET /install 200 in 2224ms
[WebServer]  GET /login 200 in 90ms
  ok 11 [desktop-light] › e2e\theme-unification.spec.ts:33:5 › unified light theme › renders /install on the unified light theme (3.7s)
[WebServer]  GET /?view=my-work 200 in 423ms
  ok 12 [desktop-light] › e2e\theme-unification.spec.ts:33:5 › unified light theme › renders /?view=my-work on the unified light theme (1.5s)
[WebServer]  GET /workbench 200 in 231ms
  ok 13 [desktop-light] › e2e\theme-unification.spec.ts:33:5 › unified light theme › renders /workbench on the unified light theme (1.1s)
[WebServer]  ○ Compiling /agents ...
[WebServer]  ✓ Compiled /agents in 1748ms (10575 modules)
[WebServer]  GET /agents 200 in 2231ms
  ok 14 [desktop-light] › e2e\theme-unification.spec.ts:33:5 › unified light theme › renders /agents on the unified light theme (3.2s)
[WebServer]  ○ Compiling /operations ...
[WebServer]  ✓ Compiled /operations in 2.6s (10592 modules)
[WebServer]  GET /operations 200 in 3022ms
  ok 15 [desktop-light] › e2e\theme-unification.spec.ts:33:5 › unified light theme › renders /operations on the unified light theme (4.3s)
[WebServer]  ○ Compiling /connect ...
[WebServer]  ✓ Compiled /connect in 2.3s (10601 modules)
[WebServer]  GET /connect 200 in 2698ms
  ok 16 [desktop-light] › e2e\theme-unification.spec.ts:33:5 › unified light theme › renders /connect on the unified light theme (3.6s)
[WebServer]  GET /login 200 in 117ms
  ok 17 [desktop-light] › e2e\theme-unification.spec.ts:88:3 › unified light theme › keeps the dark default and toggles light/dark/light with persisted theme state (1.1s)
[WebServer]  GET /login 200 in 53ms
  ok 18 [desktop-light] › e2e\theme-unification.spec.ts:104:3 › unified light theme › resolves reference slots through root, inherited, and nested dark scopes (770ms)
[WebServer]  GET /workbench 200 in 269ms
[WebServer]  GET /workbench 200 in 127ms
[WebServer]  GET /?view=my-work 200 in 260ms
[WebServer]  GET /workbench 200 in 93ms
  ok 19 [desktop-dark] › e2e\mocked\d1b-workbench.mocked.spec.ts:33:5 › workbench/ready：真实路由、明暗布局、截图和键盘 (5.4s)
[WebServer]  GET /workbench 200 in 88ms
  ok 20 [desktop-dark] › e2e\mocked\d1b-workbench.mocked.spec.ts:33:5 › workbench/create：真实路由、明暗布局、截图和键盘 (1.2s)
[WebServer]  GET /workbench 200 in 92ms
  ok 21 [desktop-dark] › e2e\mocked\d1b-workbench.mocked.spec.ts:33:5 › workbench/loading：真实路由、明暗布局、截图和键盘 (1.1s)
[WebServer]  GET /workbench 200 in 90ms
  ok 22 [desktop-dark] › e2e\mocked\d1b-workbench.mocked.spec.ts:33:5 › workbench/error：真实路由、明暗布局、截图和键盘 (1.2s)
[WebServer]  GET /workbench 200 in 80ms
  ok 23 [desktop-dark] › e2e\mocked\d1b-workbench.mocked.spec.ts:33:5 › workbench/empty：真实路由、明暗布局、截图和键盘 (1.1s)
[WebServer]  GET /workbench 200 in 85ms
  ok 24 [desktop-dark] › e2e\mocked\d1b-workbench.mocked.spec.ts:33:5 › workbench/rich：真实路由、明暗布局、截图和键盘 (1.2s)
[WebServer]  GET /workbench 200 in 91ms
  ok 25 [desktop-dark] › e2e\mocked\d1b-workbench.mocked.spec.ts:33:5 › workbench/portal：真实路由、明暗布局、截图和键盘 (1.4s)
[WebServer]  GET / 200 in 121ms
[WebServer]  GET /workbench 200 in 32ms
[WebServer]  GET /workbench 200 in 33ms
[WebServer]  GET /workbench 200 in 139ms
[WebServer]  GET /?view=my-work 200 in 96ms
[WebServer]  GET /workbench 200 in 114ms
  ok 26 [desktop-dark] › e2e\mocked\d1b-workbench.mocked.spec.ts:33:5 › root-redirect/ready：真实路由、明暗布局、截图和键盘 (5.7s)
[WebServer]  GET /workbench?theme=light 200 in 105ms
  ok 27 [desktop-dark] › e2e\theme-unification.spec.ts:24:3 › unified light theme › recomputes workbench derived tokens across nested themes and compact density (977ms)
[WebServer]  GET /login 200 in 78ms
  ok 28 [desktop-dark] › e2e\theme-unification.spec.ts:33:5 › unified light theme › renders /login on the unified light theme (821ms)
[WebServer]  GET /install 200 in 116ms
[WebServer]  GET /login 200 in 71ms
  ok 29 [desktop-dark] › e2e\theme-unification.spec.ts:33:5 › unified light theme › renders /install on the unified light theme (1.5s)
[WebServer]  GET /?view=my-work 200 in 116ms
  ok 30 [desktop-dark] › e2e\theme-unification.spec.ts:33:5 › unified light theme › renders /?view=my-work on the unified light theme (1.2s)
[WebServer]  GET /workbench 200 in 93ms
  ok 31 [desktop-dark] › e2e\theme-unification.spec.ts:33:5 › unified light theme › renders /workbench on the unified light theme (982ms)
[WebServer]  GET /agents 200 in 159ms
  ok 32 [desktop-dark] › e2e\theme-unification.spec.ts:33:5 › unified light theme › renders /agents on the unified light theme (1.1s)
[WebServer]  GET /operations 200 in 159ms
  ok 33 [desktop-dark] › e2e\theme-unification.spec.ts:33:5 › unified light theme › renders /operations on the unified light theme (1.1s)
[WebServer]  GET /connect 200 in 55ms
  ok 34 [desktop-dark] › e2e\theme-unification.spec.ts:33:5 › unified light theme › renders /connect on the unified light theme (812ms)
[WebServer]  GET /login 200 in 46ms
  ok 35 [desktop-dark] › e2e\theme-unification.spec.ts:88:3 › unified light theme › keeps the dark default and toggles light/dark/light with persisted theme state (940ms)
[WebServer]  GET /login 200 in 78ms
  ok 36 [desktop-dark] › e2e\theme-unification.spec.ts:104:3 › unified light theme › resolves reference slots through root, inherited, and nested dark scopes (793ms)
[WebServer]  GET /workbench 200 in 93ms
[WebServer]  GET /workbench?theme=dark 200 in 76ms
[WebServer]  GET /workbench?theme=dark 200 in 125ms
[WebServer]  GET /workbench?theme=light 200 in 98ms
[WebServer]  GET /?view=my-work 200 in 94ms
[WebServer]  GET /workbench?theme=light 200 in 122ms
  ok 37 [mobile-light] › e2e\mocked\d1b-workbench.mocked.spec.ts:33:5 › workbench/ready：真实路由、明暗布局、截图和键盘 (6.1s)
[WebServer]  GET /workbench 200 in 94ms
  ok 38 [mobile-light] › e2e\mocked\d1b-workbench.mocked.spec.ts:33:5 › workbench/create：真实路由、明暗布局、截图和键盘 (1.2s)
[WebServer]  GET /workbench 200 in 113ms
  ok 39 [mobile-light] › e2e\mocked\d1b-workbench.mocked.spec.ts:33:5 › workbench/loading：真实路由、明暗布局、截图和键盘 (1.2s)
[WebServer]  GET /workbench 200 in 120ms
  ok 40 [mobile-light] › e2e\mocked\d1b-workbench.mocked.spec.ts:33:5 › workbench/error：真实路由、明暗布局、截图和键盘 (1.2s)
[WebServer]  GET /workbench 200 in 113ms
  ok 41 [mobile-light] › e2e\mocked\d1b-workbench.mocked.spec.ts:33:5 › workbench/empty：真实路由、明暗布局、截图和键盘 (1.1s)
[WebServer]  GET /workbench 200 in 110ms
  ok 42 [mobile-light] › e2e\mocked\d1b-workbench.mocked.spec.ts:33:5 › workbench/rich：真实路由、明暗布局、截图和键盘 (1.2s)
[WebServer]  GET /workbench 200 in 145ms
  ok 43 [mobile-light] › e2e\mocked\d1b-workbench.mocked.spec.ts:33:5 › workbench/portal：真实路由、明暗布局、截图和键盘 (1.3s)
[WebServer]  GET / 200 in 154ms
[WebServer]  GET /workbench 200 in 74ms
[WebServer]  GET /workbench 200 in 115ms
[WebServer]  GET /workbench?theme=dark 200 in 136ms
[WebServer]  GET /workbench?theme=dark 200 in 166ms
[WebServer]  GET /workbench?theme=light 200 in 125ms
[WebServer]  GET /?view=my-work 200 in 117ms
[WebServer]  GET /workbench?theme=light 200 in 134ms
  ok 44 [mobile-light] › e2e\mocked\d1b-workbench.mocked.spec.ts:33:5 › root-redirect/ready：真实路由、明暗布局、截图和键盘 (8.9s)
[WebServer]  GET /workbench 200 in 106ms
[WebServer]  GET /workbench?theme=light 200 in 131ms
[WebServer]  GET /workbench?theme=light 200 in 116ms
[WebServer]  GET /workbench?theme=dark 200 in 131ms
[WebServer]  GET /?view=my-work 200 in 127ms
[WebServer]  GET /workbench?theme=dark 200 in 101ms
  ok 45 [mobile-dark] › e2e\mocked\d1b-workbench.mocked.spec.ts:33:5 › workbench/ready：真实路由、明暗布局、截图和键盘 (6.9s)
[WebServer]  GET /workbench 200 in 108ms
  ok 46 [mobile-dark] › e2e\mocked\d1b-workbench.mocked.spec.ts:33:5 › workbench/create：真实路由、明暗布局、截图和键盘 (1.2s)
[WebServer]  GET /workbench 200 in 107ms
  ok 47 [mobile-dark] › e2e\mocked\d1b-workbench.mocked.spec.ts:33:5 › workbench/loading：真实路由、明暗布局、截图和键盘 (1.1s)
[WebServer]  GET /workbench 200 in 103ms
  ok 48 [mobile-dark] › e2e\mocked\d1b-workbench.mocked.spec.ts:33:5 › workbench/error：真实路由、明暗布局、截图和键盘 (1.3s)
[WebServer]  GET /workbench 200 in 112ms
  ok 49 [mobile-dark] › e2e\mocked\d1b-workbench.mocked.spec.ts:33:5 › workbench/empty：真实路由、明暗布局、截图和键盘 (1.1s)
[WebServer]  GET /workbench 200 in 120ms
  ok 50 [mobile-dark] › e2e\mocked\d1b-workbench.mocked.spec.ts:33:5 › workbench/rich：真实路由、明暗布局、截图和键盘 (1.2s)
[WebServer]  GET /workbench 200 in 74ms
  ok 51 [mobile-dark] › e2e\mocked\d1b-workbench.mocked.spec.ts:33:5 › workbench/portal：真实路由、明暗布局、截图和键盘 (1.2s)
[WebServer]  GET / 200 in 73ms
[WebServer]  GET /workbench 200 in 35ms
[WebServer]  GET /workbench 200 in 35ms
[WebServer]  GET /workbench?theme=light 200 in 132ms
[WebServer]  GET /workbench?theme=light 200 in 115ms
[WebServer]  GET /workbench?theme=dark 200 in 93ms
[WebServer]  GET /?view=my-work 200 in 91ms
[WebServer]  GET /workbench?theme=dark 200 in 108ms
  ok 52 [mobile-dark] › e2e\mocked\d1b-workbench.mocked.spec.ts:33:5 › root-redirect/ready：真实路由、明暗布局、截图和键盘 (7.1s)

  52 passed (2.3m)
