COMMAND: pnpm --dir apps/web exec playwright test --config playwright.d0.config.ts --update-snapshots=none
SOURCE_BEFORE: 116293733d57055901c2daf1397090e55e7d440c2574c113c6d32af0539b2ca4
[WebServer] (node:28200) Warning: The 'NO_COLOR' env is ignored due to the 'FORCE_COLOR' env being set.
[WebServer] (Use `node --trace-warnings ...` to show where the warning was created)
[WebServer] project-work-preview-api:3201
[WebServer] (node:32968) Warning: The 'NO_COLOR' env is ignored due to the 'FORCE_COLOR' env being set.
[WebServer] (Use `pnpm --trace-warnings ...` to show where the warning was created)
[WebServer] (node:14892) Warning: The 'NO_COLOR' env is ignored due to the 'FORCE_COLOR' env being set.
[WebServer] (Use `node --trace-warnings ...` to show where the warning was created)
[WebServer] (node:22716) Warning: The 'NO_COLOR' env is ignored due to the 'FORCE_COLOR' env being set.
[WebServer] (Use `node --trace-warnings ...` to show where the warning was created)
[WebServer]    ▲ Next.js 15.5.22
[WebServer]    - Local:        http://localhost:3200
[WebServer]    - Network:      http://100.77.217.65:3200
[WebServer] 
[WebServer]  ✓ Starting...
[WebServer]  ✓ Ready in 3.3s
[WebServer]  ○ Compiling / ...
[WebServer]  ✓ Compiled / in 9.7s (10513 modules)
[WebServer]  GET / 200 in 10586ms

Running 14 tests using 1 worker

(node:35344) Warning: The 'NO_COLOR' env is ignored due to the 'FORCE_COLOR' env being set.
(Use `node --trace-warnings ...` to show where the warning was created)
[WebServer]  ○ Compiling /workbench ...
[WebServer]  ✓ Compiled /workbench in 2.1s (10525 modules)
[WebServer]  GET /workbench 200 in 2525ms
[WebServer]  ⚠ Cross origin request detected from 127.0.0.1 to /_next/* resource. In a future major version of Next.js, you will need to explicitly configure "allowedDevOrigins" in next.config to allow this.
[WebServer] Read more: https://nextjs.org/docs/app/api-reference/config/next-config-js/allowedDevOrigins
[WebServer]  GET /workbench 200 in 65ms
  ok  1 [desktop-1440x1000] › e2e\mocked\d0-visual-baseline.mocked.spec.ts:90:5 › D0 亮色视觉基线 › 工作台：覆盖、两次采集一致、D1 可直接比对 (7.6s)
[WebServer]  GET /?view=projects&project=project-1&tab=board 200 in 251ms
[WebServer]  GET /?view=projects&project=project-1&tab=board 200 in 80ms
  ok  2 [desktop-1440x1000] › e2e\mocked\d0-visual-baseline.mocked.spec.ts:90:5 › D0 亮色视觉基线 › 看板：覆盖、两次采集一致、D1 可直接比对 (5.0s)
[WebServer]  GET /?view=projects&project=project-1 200 in 82ms
[WebServer]  GET /?view=projects&project=project-1 200 in 75ms
  ok  3 [desktop-1440x1000] › e2e\mocked\d0-visual-baseline.mocked.spec.ts:90:5 › D0 亮色视觉基线 › 项目总览：覆盖、两次采集一致、D1 可直接比对 (4.8s)
[WebServer]  ○ Compiling /agents/[id] ...
[WebServer]  ✓ Compiled /agents/[id] in 3.1s (10553 modules)
[WebServer] (node:41976) Warning: The 'NO_COLOR' env is ignored due to the 'FORCE_COLOR' env being set.
[WebServer] (Use `node --trace-warnings ...` to show where the warning was created)
[WebServer]  GET /agents/agent%2F1 200 in 4285ms
[WebServer]  GET /agents/agent%2F1 200 in 132ms
[WebServer] (node:32056) Warning: The 'NO_COLOR' env is ignored due to the 'FORCE_COLOR' env being set.
[WebServer] (Use `node --trace-warnings ...` to show where the warning was created)
  ok  4 [desktop-1440x1000] › e2e\mocked\d0-visual-baseline.mocked.spec.ts:90:5 › D0 亮色视觉基线 › Agent 详情：覆盖、两次采集一致、D1 可直接比对 (9.0s)
[WebServer]  GET /?view=my-work 200 in 216ms
[WebServer]  GET /?view=my-work 200 in 76ms
  ok  5 [desktop-1440x1000] › e2e\mocked\d0-visual-baseline.mocked.spec.ts:90:5 › D0 亮色视觉基线 › 工作项列表：覆盖、两次采集一致、D1 可直接比对 (5.3s)
[WebServer]  GET /?view=my-work&workItem=work-101 200 in 85ms
[WebServer]  GET /?view=my-work&workItem=work-101 200 in 93ms
  ok  6 [desktop-1440x1000] › e2e\mocked\d0-visual-baseline.mocked.spec.ts:90:5 › D0 亮色视觉基线 › 工作项详情：覆盖、两次采集一致、D1 可直接比对 (5.4s)
[WebServer]  ○ Compiling /settings ...
[WebServer]  ✓ Compiled /settings in 1614ms (10560 modules)
[WebServer]  GET /settings?team=team-page-2 200 in 1997ms
[WebServer]  GET /settings?team=team-page-2 200 in 67ms
  ok  7 [desktop-1440x1000] › e2e\mocked\d0-visual-baseline.mocked.spec.ts:90:5 › D0 亮色视觉基线 › 设置：覆盖、两次采集一致、D1 可直接比对 (5.7s)
(node:5252) Warning: The 'NO_COLOR' env is ignored due to the 'FORCE_COLOR' env being set.
(Use `node --trace-warnings ...` to show where the warning was created)
[WebServer]  GET /workbench 200 in 224ms
[WebServer]  GET /workbench 200 in 81ms
  ok  8 [mobile-390x844] › e2e\mocked\d0-visual-baseline.mocked.spec.ts:90:5 › D0 亮色视觉基线 › 工作台：覆盖、两次采集一致、D1 可直接比对 (4.5s)
[WebServer]  GET /?view=projects&project=project-1&tab=board 200 in 289ms
[WebServer]  GET /?view=projects&project=project-1&tab=board 200 in 78ms
  ok  9 [mobile-390x844] › e2e\mocked\d0-visual-baseline.mocked.spec.ts:90:5 › D0 亮色视觉基线 › 看板：覆盖、两次采集一致、D1 可直接比对 (5.3s)
[WebServer]  GET /?view=projects&project=project-1 200 in 104ms
[WebServer]  GET /?view=projects&project=project-1 200 in 163ms
  ok 10 [mobile-390x844] › e2e\mocked\d0-visual-baseline.mocked.spec.ts:90:5 › D0 亮色视觉基线 › 项目总览：覆盖、两次采集一致、D1 可直接比对 (5.3s)
[WebServer]  GET /agents/agent%2F1 200 in 201ms
[WebServer] (node:34108) Warning: The 'NO_COLOR' env is ignored due to the 'FORCE_COLOR' env being set.
[WebServer] (Use `node --trace-warnings ...` to show where the warning was created)
[WebServer]  GET /agents/agent%2F1 200 in 148ms
[WebServer] (node:4736) Warning: The 'NO_COLOR' env is ignored due to the 'FORCE_COLOR' env being set.
[WebServer] (Use `node --trace-warnings ...` to show where the warning was created)
  ok 11 [mobile-390x844] › e2e\mocked\d0-visual-baseline.mocked.spec.ts:90:5 › D0 亮色视觉基线 › Agent 详情：覆盖、两次采集一致、D1 可直接比对 (4.5s)
[WebServer]  GET /?view=my-work 200 in 89ms
[WebServer]  GET /?view=my-work 200 in 86ms
  ok 12 [mobile-390x844] › e2e\mocked\d0-visual-baseline.mocked.spec.ts:90:5 › D0 亮色视觉基线 › 工作项列表：覆盖、两次采集一致、D1 可直接比对 (4.1s)
[WebServer]  GET /?view=my-work&workItem=work-101 200 in 78ms
[WebServer]  GET /?view=my-work&workItem=work-101 200 in 86ms
  ok 13 [mobile-390x844] › e2e\mocked\d0-visual-baseline.mocked.spec.ts:90:5 › D0 亮色视觉基线 › 工作项详情：覆盖、两次采集一致、D1 可直接比对 (4.7s)
[WebServer]  GET /settings?team=team-page-2 200 in 127ms
[WebServer]  GET /settings?team=team-page-2 200 in 83ms
  ok 14 [mobile-390x844] › e2e\mocked\d0-visual-baseline.mocked.spec.ts:90:5 › D0 亮色视觉基线 › 设置：覆盖、两次采集一致、D1 可直接比对 (5.8s)

  14 passed (1.6m)

EXIT_CODE: 0
SOURCE_AFTER: 116293733d57055901c2daf1397090e55e7d440c2574c113c6d32af0539b2ca4
