node:internal/modules/cjs/loader:1564
  const err = new Error(message);
              ^

Error: Cannot find module '@aws-sdk/client-s3'
Require stack:
- C:\Users\xurx\.tds\workspaces\packages\artifact-storage\package.json
    at Module._resolveFilename (node:internal/modules/cjs/loader:1564:15)
    at wrapResolveFilename (node:internal/modules/cjs/loader:1118:27)
    at defaultResolveImplForCJSLoading (node:internal/modules/cjs/loader:1142:10)
    at resolveForCJSWithHooks (node:internal/modules/cjs/loader:1169:12)
    at Module._load (node:internal/modules/cjs/loader:1341:5)
    at wrapModuleLoad (node:internal/modules/cjs/loader:261:19)
    at Module.require (node:internal/modules/cjs/loader:1674:12)
    at require (node:internal/modules/helpers:157:16)
    at file:///C:/Users/xurx/.tds/workspaces/01a11b85-41f9-74f5-b456-7083d4d83e5e/.tmp/c2-product-20261008T141924Z-08b193/prepare-s3.mjs:1:200
    at ModuleJob.run (node:internal/modules/esm/module_job:561:25) {
  code: 'MODULE_NOT_FOUND',
  requireStack: [
    'C:\\Users\\xurx\\.tds\\workspaces\\packages\\artifact-storage\\package.json'
  ]
}

Node.js v24.20.0
