The files belonging to this database system will be owned by user "postgres".
This user must also own the server process.

The database cluster will be initialized with locale "en_US.utf8".
The default database encoding has accordingly been set to "UTF8".
The default text search configuration will be set to "english".

Data page checksums are disabled.

fixing permissions on existing directory /var/lib/postgresql/data ... ok
creating subdirectories ... ok
selecting dynamic shared memory implementation ... posix
selecting default max_connections ... 100
selecting default shared_buffers ... 128MB
selecting default time zone ... UTC
creating configuration files ... ok
running bootstrap script ... ok
sh: locale: not found
2026-10-08 14:19:24.894 UTC [34] WARNING:  no usable system locales were found
performing post-bootstrap initialization ... ok
syncing data to disk ... ok


Success. You can now start the database server using:

    pg_ctl -D /var/lib/postgresql/data -l logfile start

initdb: warning: enabling "trust" authentication for local connections
initdb: hint: You can change this by editing pg_hba.conf or using the option -A, or --auth-local and --auth-host, the next time you run initdb.
waiting for server to start....2026-10-08 14:19:25.282 UTC [40] LOG:  starting PostgreSQL 16.15 on x86_64-pc-linux-musl, compiled by gcc (Alpine 15.2.0) 15.2.0, 64-bit
2026-10-08 14:19:25.283 UTC [40] LOG:  listening on Unix socket "/var/run/postgresql/.s.PGSQL.5432"
2026-10-08 14:19:25.285 UTC [43] LOG:  database system was shut down at 2026-10-08 14:19:25 UTC
2026-10-08 14:19:25.288 UTC [40] LOG:  database system is ready to accept connections
 done
server started
CREATE DATABASE


/usr/local/bin/docker-entrypoint.sh: ignoring /docker-entrypoint-initdb.d/*

waiting for server to shut down....2026-10-08 14:19:25.410 UTC [40] LOG:  received fast shutdown request
2026-10-08 14:19:25.411 UTC [40] LOG:  aborting any active transactions
2026-10-08 14:19:25.412 UTC [40] LOG:  background worker "logical replication launcher" (PID 46) exited with exit code 1
2026-10-08 14:19:25.413 UTC [41] LOG:  shutting down
2026-10-08 14:19:25.414 UTC [41] LOG:  checkpoint starting: shutdown immediate
2026-10-08 14:19:25.418 UTC [41] LOG:  checkpoint complete: wrote 926 buffers (5.7%); 0 WAL file(s) added, 0 removed, 0 recycled; write=0.004 s, sync=0.001 s, total=0.005 s; sync files=301, longest=0.001 s, average=0.000 s; distance=4283 kB, estimate=4283 kB; lsn=0/1925D68, redo lsn=0/1925D68
2026-10-08 14:19:25.422 UTC [40] LOG:  database system is shut down
 done
server stopped

PostgreSQL init process complete; ready for start up.

2026-10-08 14:19:25.530 UTC [1] LOG:  starting PostgreSQL 16.15 on x86_64-pc-linux-musl, compiled by gcc (Alpine 15.2.0) 15.2.0, 64-bit
2026-10-08 14:19:25.530 UTC [1] LOG:  listening on IPv4 address "0.0.0.0", port 5432
2026-10-08 14:19:25.530 UTC [1] LOG:  listening on IPv6 address "::", port 5432
2026-10-08 14:19:25.534 UTC [1] LOG:  listening on Unix socket "/var/run/postgresql/.s.PGSQL.5432"
2026-10-08 14:19:25.535 UTC [56] LOG:  database system was shut down at 2026-10-08 14:19:25 UTC
2026-10-08 14:19:25.539 UTC [1] LOG:  database system is ready to accept connections
