[WebServer] (node:13940) Warning: The 'NO_COLOR' env is ignored due to the 'FORCE_COLOR' env being set.
[WebServer] (Use `node --trace-warnings ...` to show where the warning was created)
[WebServer] project-work-preview-api:3201
[WebServer] (node:29268) Warning: The 'NO_COLOR' env is ignored due to the 'FORCE_COLOR' env being set.
[WebServer] (Use `pnpm --trace-warnings ...` to show where the warning was created)
[WebServer] (node:5024) Warning: The 'NO_COLOR' env is ignored due to the 'FORCE_COLOR' env being set.
[WebServer] (Use `node --trace-warnings ...` to show where the warning was created)
[WebServer] (node:44196) Warning: The 'NO_COLOR' env is ignored due to the 'FORCE_COLOR' env being set.
[WebServer] (Use `node --trace-warnings ...` to show where the warning was created)
[WebServer]    ▲ Next.js 15.5.22
[WebServer]    - Local:        http://localhost:3200
[WebServer]    - Network:      http://100.77.217.65:3200
[WebServer] 
[WebServer]  ✓ Starting...
[WebServer]  ✓ Ready in 3s
[WebServer]  ○ Compiling / ...
[WebServer]  ✓ Compiled / in 10.3s (10513 modules)
[WebServer]  GET / 200 in 11138ms

Running 14 tests using 1 worker

(node:24036) Warning: The 'NO_COLOR' env is ignored due to the 'FORCE_COLOR' env being set.
(Use `node --trace-warnings ...` to show where the warning was created)
[WebServer]  ○ Compiling /workbench ...
[WebServer]  ✓ Compiled /workbench in 1891ms (10525 modules)
[WebServer]  GET /workbench 200 in 2362ms
[WebServer]  ⚠ Cross origin request detected from 127.0.0.1 to /_next/* resource. In a future major version of Next.js, you will need to explicitly configure "allowedDevOrigins" in next.config to allow this.
[WebServer] Read more: https://nextjs.org/docs/app/api-reference/config/next-config-js/allowedDevOrigins
[WebServer]  GET /workbench 200 in 66ms
  ok  1 [desktop-1440x1000] › e2e\mocked\d0-visual-baseline.mocked.spec.ts:90:5 › D0 亮色视觉基线 › 工作台：覆盖、两次采集一致、D1 可直接比对 (6.8s)
[WebServer]  GET /?view=projects&project=project-1&tab=board 200 in 190ms
[WebServer]  GET /?view=projects&project=project-1&tab=board 200 in 72ms
  ok  2 [desktop-1440x1000] › e2e\mocked\d0-visual-baseline.mocked.spec.ts:90:5 › D0 亮色视觉基线 › 看板：覆盖、两次采集一致、D1 可直接比对 (4.9s)
[WebServer]  GET /?view=projects&project=project-1 200 in 72ms
[WebServer]  GET /?view=projects&project=project-1 200 in 94ms
  ok  3 [desktop-1440x1000] › e2e\mocked\d0-visual-baseline.mocked.spec.ts:90:5 › D0 亮色视觉基线 › 项目总览：覆盖、两次采集一致、D1 可直接比对 (4.5s)
[WebServer]  ○ Compiling /agents/[id] ...
[WebServer]  ✓ Compiled /agents/[id] in 3s (10553 modules)
[WebServer] (node:2712) Warning: The 'NO_COLOR' env is ignored due to the 'FORCE_COLOR' env being set.
[WebServer] (Use `node --trace-warnings ...` to show where the warning was created)
[WebServer]  GET /agents/agent%2F1 200 in 3999ms
[WebServer]  GET /agents/agent%2F1 200 in 152ms
[WebServer] (node:32468) Warning: The 'NO_COLOR' env is ignored due to the 'FORCE_COLOR' env being set.
[WebServer] (Use `node --trace-warnings ...` to show where the warning was created)
  ok  4 [desktop-1440x1000] › e2e\mocked\d0-visual-baseline.mocked.spec.ts:90:5 › D0 亮色视觉基线 › Agent 详情：覆盖、两次采集一致、D1 可直接比对 (8.0s)
[WebServer]  GET /?view=my-work 200 in 157ms
[WebServer]  GET /?view=my-work 200 in 66ms
  ok  5 [desktop-1440x1000] › e2e\mocked\d0-visual-baseline.mocked.spec.ts:90:5 › D0 亮色视觉基线 › 工作项列表：覆盖、两次采集一致、D1 可直接比对 (4.8s)
[WebServer]  GET /?view=my-work&workItem=work-101 200 in 74ms
[WebServer]  GET /?view=my-work&workItem=work-101 200 in 74ms
  ok  6 [desktop-1440x1000] › e2e\mocked\d0-visual-baseline.mocked.spec.ts:90:5 › D0 亮色视觉基线 › 工作项详情：覆盖、两次采集一致、D1 可直接比对 (5.3s)
[WebServer]  ○ Compiling /settings ...
[WebServer]  ✓ Compiled /settings in 1763ms (10560 modules)
[WebServer]  GET /settings?team=team-page-2 200 in 2150ms
[WebServer]  GET /settings?team=team-page-2 200 in 53ms
  ok  7 [desktop-1440x1000] › e2e\mocked\d0-visual-baseline.mocked.spec.ts:90:5 › D0 亮色视觉基线 › 设置：覆盖、两次采集一致、D1 可直接比对 (6.2s)
(node:37612) Warning: The 'NO_COLOR' env is ignored due to the 'FORCE_COLOR' env being set.
(Use `node --trace-warnings ...` to show where the warning was created)
[WebServer]  GET /workbench 200 in 224ms
[WebServer]  GET /workbench 200 in 105ms
  ok  8 [mobile-390x844] › e2e\mocked\d0-visual-baseline.mocked.spec.ts:90:5 › D0 亮色视觉基线 › 工作台：覆盖、两次采集一致、D1 可直接比对 (4.3s)
[WebServer]  GET /?view=projects&project=project-1&tab=board 200 in 262ms
[WebServer]  GET /?view=projects&project=project-1&tab=board 200 in 76ms
  ok  9 [mobile-390x844] › e2e\mocked\d0-visual-baseline.mocked.spec.ts:90:5 › D0 亮色视觉基线 › 看板：覆盖、两次采集一致、D1 可直接比对 (5.2s)
[WebServer]  GET /?view=projects&project=project-1 200 in 56ms
[WebServer]  GET /?view=projects&project=project-1 200 in 99ms
  ok 10 [mobile-390x844] › e2e\mocked\d0-visual-baseline.mocked.spec.ts:90:5 › D0 亮色视觉基线 › 项目总览：覆盖、两次采集一致、D1 可直接比对 (4.8s)
[WebServer]  GET /agents/agent%2F1 200 in 218ms
[WebServer] (node:37060) Warning: The 'NO_COLOR' env is ignored due to the 'FORCE_COLOR' env being set.
[WebServer] (Use `node --trace-warnings ...` to show where the warning was created)
[WebServer]  GET /agents/agent%2F1 200 in 98ms
[WebServer] (node:22812) Warning: The 'NO_COLOR' env is ignored due to the 'FORCE_COLOR' env being set.
[WebServer] (Use `node --trace-warnings ...` to show where the warning was created)
  ok 11 [mobile-390x844] › e2e\mocked\d0-visual-baseline.mocked.spec.ts:90:5 › D0 亮色视觉基线 › Agent 详情：覆盖、两次采集一致、D1 可直接比对 (4.4s)
[WebServer]  GET /?view=my-work 200 in 138ms
[WebServer]  GET /?view=my-work 200 in 69ms
  ok 12 [mobile-390x844] › e2e\mocked\d0-visual-baseline.mocked.spec.ts:90:5 › D0 亮色视觉基线 › 工作项列表：覆盖、两次采集一致、D1 可直接比对 (4.9s)
[WebServer]  GET /?view=my-work&workItem=work-101 200 in 109ms
[WebServer]  GET /?view=my-work&workItem=work-101 200 in 79ms
  ok 13 [mobile-390x844] › e2e\mocked\d0-visual-baseline.mocked.spec.ts:90:5 › D0 亮色视觉基线 › 工作项详情：覆盖、两次采集一致、D1 可直接比对 (4.2s)
[WebServer]  GET /settings?team=team-page-2 200 in 72ms
[WebServer]  GET /settings?team=team-page-2 200 in 50ms
  ok 14 [mobile-390x844] › e2e\mocked\d0-visual-baseline.mocked.spec.ts:90:5 › D0 亮色视觉基线 › 设置：覆盖、两次采集一致、D1 可直接比对 (3.4s)

  14 passed (1.5m)
