
> workmesh@ test:e2e C:\Users\xurx\.tds\workspaces\01a116f8-8172-7082-8d61-867bd9f0b749
> turbo run test:e2e --filter=@workmesh/web

• turbo 2.10.6

   • Packages in scope: @workmesh/web
   • Running test:e2e in 1 packages
   • Remote caching disabled, using shared worktree cache

@workmesh/contracts:build: cache miss, executing 22dc9f60e5220c7f
@workmesh/ui:build: cache miss, executing 59091b5c1a5a4f66
@workmesh/contracts:build:
@workmesh/contracts:build: > @workmesh/contracts@ build C:\Users\xurx\.tds\workspaces\01a116f8-8172-7082-8d61-867bd9f0b749\packages\contracts
@workmesh/contracts:build: > tsc -p tsconfig.build.json
@workmesh/contracts:build:
@workmesh/ui:build:
@workmesh/ui:build: > @workmesh/ui@ build C:\Users\xurx\.tds\workspaces\01a116f8-8172-7082-8d61-867bd9f0b749\packages\ui
@workmesh/ui:build: > tsc -p tsconfig.json
@workmesh/ui:build:
@workmesh/web:test:e2e: cache bypass, force executing 46a9ac2538e61be1
@workmesh/web:test:e2e:
@workmesh/web:test:e2e: > @workmesh/web@ test:e2e C:\Users\xurx\.tds\workspaces\01a116f8-8172-7082-8d61-867bd9f0b749\apps\web
@workmesh/web:test:e2e: > playwright test --config ../../playwright.config.ts
@workmesh/web:test:e2e:
@workmesh/web:test:e2e: [WebServer] (node:4516) Warning: The 'NO_COLOR' env is ignored due to the 'FORCE_COLOR' env being set.
@workmesh/web:test:e2e: [WebServer] (Use `pnpm --trace-warnings ...` to show where the warning was created)
@workmesh/web:test:e2e: [WebServer] (node:16280) Warning: The 'NO_COLOR' env is ignored due to the 'FORCE_COLOR' env being set.
@workmesh/web:test:e2e: [WebServer] (Use `node --trace-warnings ...` to show where the warning was created)
@workmesh/web:test:e2e: [WebServer] (node:38380) Warning: The 'NO_COLOR' env is ignored due to the 'FORCE_COLOR' env being set.
@workmesh/web:test:e2e: [WebServer] (Use `node --trace-warnings ...` to show where the warning was created)
@workmesh/web:test:e2e: [WebServer] C:\Users\xurx\.tds\workspaces\01a116f8-8172-7082-8d61-867bd9f0b749\packages\config\src\index.ts:331
@workmesh/web:test:e2e: [WebServer]   if (bootstrapIssue) throw new Error(bootstrapIssue)
@workmesh/web:test:e2e: [WebServer]                             ^
@workmesh/web:test:e2e: [WebServer]
@workmesh/web:test:e2e: [WebServer] Error: WORKMESH_BOOTSTRAP_TOKEN must be canonical unpadded base64url encoding of 32 to 256 random bytes
@workmesh/web:test:e2e: [WebServer]     at loadConfig (C:\Users\xurx\.tds\workspaces\01a116f8-8172-7082-8d61-867bd9f0b749\packages\config\src\index.ts:331:29)
@workmesh/web:test:e2e: [WebServer]     at <anonymous> (C:\Users\xurx\.tds\workspaces\01a116f8-8172-7082-8d61-867bd9f0b749\apps\api\src\server.ts:131:16)
@workmesh/web:test:e2e: [WebServer]     at ModuleJob.run (node:internal/modules/esm/module_job:561:25)
@workmesh/web:test:e2e: [WebServer]     at process.processTicksAndRejections (node:internal/process/task_queues:104:5)
@workmesh/web:test:e2e: [WebServer]     at async node:internal/modules/esm/loader:647:26
@workmesh/web:test:e2e: [WebServer]     at async asyncRunEntryPointWithESMLoader (node:internal/modules/run_main:101:5)
@workmesh/web:test:e2e: [WebServer]
@workmesh/web:test:e2e: [WebServer] Node.js v24.20.0
@workmesh/web:test:e2e: [WebServer] undefined
@workmesh/web:test:e2e: [WebServer] C:\Users\xurx\.tds\workspaces\01a116f8-8172-7082-8d61-867bd9f0b749\apps\api:
@workmesh/web:test:e2e: [WebServer]  ERR_PNPM_RECURSIVE_EXEC_FIRST_FAIL  Command failed with exit code 1: tsx src/server.ts
@workmesh/web:test:e2e: Error: Process from config.webServer was not able to start. Exit code: 1
@workmesh/web:test:e2e:
@workmesh/web:test:e2e:  ELIFECYCLE  Command failed with exit code 1.
@workmesh/web#test:e2e:  ERROR  command (C:\Users\xurx\.tds\workspaces\01a116f8-8172-7082-8d61-867bd9f0b749\apps\web) C:\nvm4w\nodejs\pnpm.cmd run test:e2e exited (1)

 Tasks:    2 successful, 3 total
Cached:    0 cached, 3 total
  Time:    6.505s
Failed:    @workmesh/web#test:e2e

 ERROR  run failed: command  exited (1)
 ELIFECYCLE  Command failed with exit code 1.
