{
  "commit": "5743f027ec86e8726d2cfdd38e0e038bdebeae49",
  "sourceManifest": "docs/references/todos-analysis/SOURCE-MANIFEST.json",
  "checkedFiles": 44,
  "p1Assertions": 16,
  "errors": [
    "docs/adr/0074-workspace-configuration-readiness-check-and-first-run-surface.md: 工作树版本与 base 提交不一致",
    "docs/adr/0075-verifiable-and-simplified-agent-connection-onboarding.md: 工作树版本与 base 提交不一致",
    "docs/adr/0076-china-ecosystem-ingress-channel-delivery-contract-and-model-presets.md: 工作树版本与 base 提交不一致",
    "docs/adr/0077-reference-derived-visual-system-and-workbench-layout.md: 工作树版本与 base 提交不一致",
    "docs/plan/2026-10-07-activation-onboarding-and-china-ecosystem.md: 工作树版本与 base 提交不一致"
  ],
  "results": [
    {
      "file": "docs/adr/0074-workspace-configuration-readiness-check-and-first-run-surface.md",
      "blobId": "2453d156e3609ff5fccb83111ac1cc0826483ec3",
      "committedBytes": 12420,
      "committedSha256": "1552ede369a26d3f57e8976fd4b5074ac246db8a0ca5e9b316330114ea72ec1c",
      "worktreeGitBlobId": "2862bbd93eaa9da285aa65f7a64ae98860dd0c42",
      "worktreeBytes": 12733,
      "worktreeSha256": "37e3126275cbba72ba95c21234568e5eba4a1af79ca586de498bf4ada84e9034",
      "committedReadable": true,
      "worktreeReadable": true
    },
    {
      "file": "docs/adr/0075-verifiable-and-simplified-agent-connection-onboarding.md",
      "blobId": "67450ac4675f0374e7cb191e4c446943679bacd8",
      "committedBytes": 16275,
      "committedSha256": "796ddbb99b81e8330b54d9fcd17f147aa68df1873b1e8c3fed9c3e9ec467108d",
      "worktreeGitBlobId": "b0bc283a676fbd80eea302bf0b0600102db309a0",
      "worktreeBytes": 17234,
      "worktreeSha256": "d8106075a3d72a4752e57e2fb4291f9658ec850b96c1d62c6837ff3fa2acc1c8",
      "committedReadable": true,
      "worktreeReadable": true
    },
    {
      "file": "docs/adr/0076-china-ecosystem-ingress-channel-delivery-contract-and-model-presets.md",
      "blobId": "e72dc4f37c67d83adbc27c23d6b2f25eb6b8fa09",
      "committedBytes": 15576,
      "committedSha256": "977644f9a9979702ece38198796e2f3e79df8903fa641cd288a57c955fc7cb5e",
      "worktreeGitBlobId": "b80e3ba4c2687f8ef0b7fbbf7b22530a71dba09e",
      "worktreeBytes": 16259,
      "worktreeSha256": "41684ab39309bd9cc0716fce3c2b8a87e41b56cbc9603bc2af4af861ee51c36d",
      "committedReadable": true,
      "worktreeReadable": true
    },
    {
      "file": "docs/adr/0077-reference-derived-visual-system-and-workbench-layout.md",
      "blobId": "353cc589f6ad0cc6a98f8c68c0786a8c4bdc229f",
      "committedBytes": 13822,
      "committedSha256": "e59978475562b6a1320c050b12589a436890290b8a0fcadcaef4b4800ed49876",
      "worktreeGitBlobId": "0bde1d7e2e7c620d6eae244b5bc51ea278429b03",
      "worktreeBytes": 14561,
      "worktreeSha256": "f72b997809e2a577dbe77c649acfcfff38c7f5385f300ccac6ed655fd81c53af",
      "committedReadable": true,
      "worktreeReadable": true
    },
    {
      "file": "docs/plan/2026-10-07-activation-onboarding-and-china-ecosystem.md",
      "blobId": "559c64d9150a4b223fdd07974e0a44a457410d41",
      "committedBytes": 73034,
      "committedSha256": "381ade3200a661584f77036ae4aa5df921200398b7f18ec872b688f361b96e4a",
      "worktreeGitBlobId": "9d7c2485e717c43380d0c1f62a0610e8a91e3da4",
      "worktreeBytes": 27440,
      "worktreeSha256": "ae489808253ef0c53a212f202933d68798b86e4eac075dcbb587125277762cf0",
      "committedReadable": true,
      "worktreeReadable": true
    },
    {
      "file": "docs/references/todos-analysis/SOURCE-MANIFEST.json",
      "blobId": "b5c9bec0892d526d02cd36a14b2ad6c2e17d3e68",
      "committedBytes": 10338,
      "committedSha256": "e49b4c29207521117257cfff788f763392e7a493b50cde9daaed994ad1c38ccd",
      "worktreeGitBlobId": "b5c9bec0892d526d02cd36a14b2ad6c2e17d3e68",
      "worktreeBytes": 10338,
      "worktreeSha256": "e49b4c29207521117257cfff788f763392e7a493b50cde9daaed994ad1c38ccd",
      "committedReadable": true,
      "worktreeReadable": true
    },
    {
      "file": "docs/references/todos-analysis/board-guide-observations.json",
      "blobId": "7f465e6fb8350490edad97744c0aa87d34dc6d8a",
      "committedBytes": 9960,
      "committedSha256": "6f02180b7289d13c52248ef1f1716c6c3118bec31d987c7c177d40b2725bcc2d",
      "worktreeGitBlobId": "7f465e6fb8350490edad97744c0aa87d34dc6d8a",
      "worktreeBytes": 9960,
      "worktreeSha256": "6f02180b7289d13c52248ef1f1716c6c3118bec31d987c7c177d40b2725bcc2d",
      "committedReadable": true,
      "worktreeReadable": true
    },
    {
      "file": "docs/references/todos-analysis/component-observations.json",
      "blobId": "56c8702e6ca6b2428c49689b723ece9b0f25fc10",
      "committedBytes": 34304,
      "committedSha256": "63224bc6db496fb514f7407717fb17a8b19c446806e9f9bdae0d54823a8def54",
      "worktreeGitBlobId": "56c8702e6ca6b2428c49689b723ece9b0f25fc10",
      "worktreeBytes": 34304,
      "worktreeSha256": "63224bc6db496fb514f7407717fb17a8b19c446806e9f9bdae0d54823a8def54",
      "committedReadable": true,
      "worktreeReadable": true
    },
    {
      "file": "docs/references/todos-analysis/css-evidence.json",
      "blobId": "b8b53e9dc54c7013912baa4c3c5e310fb4e13de9",
      "committedBytes": 334624,
      "committedSha256": "eee8b725d4b48f12cb89f72b050700e3d6c4ee2905e96e875e45376830b7e199",
      "worktreeGitBlobId": "b8b53e9dc54c7013912baa4c3c5e310fb4e13de9",
      "worktreeBytes": 334624,
      "worktreeSha256": "eee8b725d4b48f12cb89f72b050700e3d6c4ee2905e96e875e45376830b7e199",
      "committedReadable": true,
      "worktreeReadable": true
    },
    {
      "file": "docs/references/todos-analysis/design-observations.json",
      "blobId": "f70a0f62022db197334739b1512b4a98c3c4d7b5",
      "committedBytes": 1533975,
      "committedSha256": "cdb7b2479d9a863bc17080f7e3ad4a8226bbcb380c09f9bd58535b971eca8888",
      "worktreeGitBlobId": "f70a0f62022db197334739b1512b4a98c3c4d7b5",
      "worktreeBytes": 1533975,
      "worktreeSha256": "cdb7b2479d9a863bc17080f7e3ad4a8226bbcb380c09f9bd58535b971eca8888",
      "committedReadable": true,
      "worktreeReadable": true
    },
    {
      "file": "docs/references/todos-analysis/design-tokens.md",
      "blobId": "c66a054c2679bd6ca39a555fc9594d41ad1e6dc4",
      "committedBytes": 13406,
      "committedSha256": "4861fdbb3babde65a64f3de55936fdd53b1ba63498e4ca90c87471404c9e8c9b",
      "worktreeGitBlobId": "c66a054c2679bd6ca39a555fc9594d41ad1e6dc4",
      "worktreeBytes": 13406,
      "worktreeSha256": "4861fdbb3babde65a64f3de55936fdd53b1ba63498e4ca90c87471404c9e8c9b",
      "committedReadable": true,
      "worktreeReadable": true
    },
    {
      "file": "docs/references/todos-analysis/kanban-cards.md",
      "blobId": "43036264d68c964026de6b5842ba3f9855786569",
      "committedBytes": 9172,
      "committedSha256": "5ce7748e421b28c69c5322d3117a71154832bf8a435040a2d302130b22368d93",
      "worktreeGitBlobId": "43036264d68c964026de6b5842ba3f9855786569",
      "worktreeBytes": 9172,
      "worktreeSha256": "5ce7748e421b28c69c5322d3117a71154832bf8a435040a2d302130b22368d93",
      "committedReadable": true,
      "worktreeReadable": true
    },
    {
      "file": "docs/references/todos-analysis/observations.json",
      "blobId": "f6ac8454eac59197ab216acdadcc71e4d2911107",
      "committedBytes": 110530,
      "committedSha256": "6186c63d98f9bbeee576fa247196e95abb45b1c583679ec4cf9d767e2ec21bdf",
      "worktreeGitBlobId": "f6ac8454eac59197ab216acdadcc71e4d2911107",
      "worktreeBytes": 110530,
      "worktreeSha256": "6186c63d98f9bbeee576fa247196e95abb45b1c583679ec4cf9d767e2ec21bdf",
      "committedReadable": true,
      "worktreeReadable": true
    },
    {
      "file": "docs/references/todos-analysis/reviews/todos-review.md",
      "blobId": "56adba83ceb95ca4dfd90fdf4d71ae05cb101283",
      "committedBytes": 56573,
      "committedSha256": "c4fabf4571c35f41bf11cc022d7260b84b467766875b6e988f96d3afbedae5f8",
      "worktreeGitBlobId": "56adba83ceb95ca4dfd90fdf4d71ae05cb101283",
      "worktreeBytes": 56573,
      "worktreeSha256": "c4fabf4571c35f41bf11cc022d7260b84b467766875b6e988f96d3afbedae5f8",
      "committedReadable": true,
      "worktreeReadable": true
    },
    {
      "file": "docs/references/todos-analysis/screenshots/00-create-agent-modal.png",
      "blobId": "cc1cbbc7bf93a2f6d9f662ae3cf46b5d86909acd",
      "committedBytes": 77550,
      "committedSha256": "6a2869600635247326f5acdb7966daab7805c56f6895d59f1a596935ebbb6c0d",
      "worktreeGitBlobId": "cc1cbbc7bf93a2f6d9f662ae3cf46b5d86909acd",
      "worktreeBytes": 77550,
      "worktreeSha256": "6a2869600635247326f5acdb7966daab7805c56f6895d59f1a596935ebbb6c0d",
      "committedReadable": true,
      "worktreeReadable": true
    },
    {
      "file": "docs/references/todos-analysis/screenshots/01-workbench-board-dark.png",
      "blobId": "b78528bc7be66707b93386f12a70b66144740c7d",
      "committedBytes": 77549,
      "committedSha256": "4bfb11ede2caed38ca174cc0237be4c47acbae4d4a7a0cf82769a2bdc23b5770",
      "worktreeGitBlobId": "b78528bc7be66707b93386f12a70b66144740c7d",
      "worktreeBytes": 77549,
      "worktreeSha256": "4bfb11ede2caed38ca174cc0237be4c47acbae4d4a7a0cf82769a2bdc23b5770",
      "committedReadable": true,
      "worktreeReadable": true
    },
    {
      "file": "docs/references/todos-analysis/screenshots/02-schedules.png",
      "blobId": "5f3b9de7c4698d174b992c8d5a3427cf527e0e56",
      "committedBytes": 64404,
      "committedSha256": "dd385ebbdf6166cab1fe9034700bee34f345092799197f7f5f9424f089ccd2d7",
      "worktreeGitBlobId": "5f3b9de7c4698d174b992c8d5a3427cf527e0e56",
      "worktreeBytes": 64404,
      "worktreeSha256": "dd385ebbdf6166cab1fe9034700bee34f345092799197f7f5f9424f089ccd2d7",
      "committedReadable": true,
      "worktreeReadable": true
    },
    {
      "file": "docs/references/todos-analysis/screenshots/03-connections.png",
      "blobId": "75c694e46fbb74a6019a9ec0e7195455c7fd93ce",
      "committedBytes": 197290,
      "committedSha256": "e974dbedd94654d60b7cc61df152c49c0a922a5a1c4d9bf90cfc6e1ca799a3b0",
      "worktreeGitBlobId": "75c694e46fbb74a6019a9ec0e7195455c7fd93ce",
      "worktreeBytes": 197290,
      "worktreeSha256": "e974dbedd94654d60b7cc61df152c49c0a922a5a1c4d9bf90cfc6e1ca799a3b0",
      "committedReadable": true,
      "worktreeReadable": true
    },
    {
      "file": "docs/references/todos-analysis/screenshots/04-skills.png",
      "blobId": "4b051c73139f1747539acbf21eda0dfd756fcf70",
      "committedBytes": 63580,
      "committedSha256": "cb3cea7cec9f7d73f5bbda1a7827f4355711ff9715c208b4b4e7487273953bf2",
      "worktreeGitBlobId": "4b051c73139f1747539acbf21eda0dfd756fcf70",
      "worktreeBytes": 63580,
      "worktreeSha256": "cb3cea7cec9f7d73f5bbda1a7827f4355711ff9715c208b4b4e7487273953bf2",
      "committedReadable": true,
      "worktreeReadable": true
    },
    {
      "file": "docs/references/todos-analysis/screenshots/05-usage-tokens.png",
      "blobId": "12cf4ad176f4963d2f77058b7e04ab8cc5b686d8",
      "committedBytes": 63744,
      "committedSha256": "900ce4b69b2ef9402c74fdb9be6d393583ad37c0a6ad6ce369e97d84cca0062f",
      "worktreeGitBlobId": "12cf4ad176f4963d2f77058b7e04ab8cc5b686d8",
      "worktreeBytes": 63744,
      "worktreeSha256": "900ce4b69b2ef9402c74fdb9be6d393583ad37c0a6ad6ce369e97d84cca0062f",
      "committedReadable": true,
      "worktreeReadable": true
    },
    {
      "file": "docs/references/todos-analysis/screenshots/06-usage-subscription.png",
      "blobId": "284a3b6104730be3f30d7c45ab49e2d08f53a6f7",
      "committedBytes": 57316,
      "committedSha256": "24cb645db35e8d79ccc01605ff507684d634ab7e7b6683c17c8839c108efcb0c",
      "worktreeGitBlobId": "284a3b6104730be3f30d7c45ab49e2d08f53a6f7",
      "worktreeBytes": 57316,
      "worktreeSha256": "24cb645db35e8d79ccc01605ff507684d634ab7e7b6683c17c8839c108efcb0c",
      "committedReadable": true,
      "worktreeReadable": true
    },
    {
      "file": "docs/references/todos-analysis/screenshots/07-machines.png",
      "blobId": "29783db4ee123641b0d5d15039328c4f6dad2c8e",
      "committedBytes": 52577,
      "committedSha256": "cb57e1d3b6c93bf0e517f0985c92a5bf1fe5a3fbd85ed834dcdc8406953fb350",
      "worktreeGitBlobId": "29783db4ee123641b0d5d15039328c4f6dad2c8e",
      "worktreeBytes": 52577,
      "worktreeSha256": "cb57e1d3b6c93bf0e517f0985c92a5bf1fe5a3fbd85ed834dcdc8406953fb350",
      "committedReadable": true,
      "worktreeReadable": true
    },
    {
      "file": "docs/references/todos-analysis/screenshots/08-machine-detail.png",
      "blobId": "f72d12345ae0057c43bbbb4517d1870862c72d55",
      "committedBytes": 61077,
      "committedSha256": "faf239165cf44eccf1e696a01de2a8b0426f77001e3ccb5d47d9086268790d4e",
      "worktreeGitBlobId": "f72d12345ae0057c43bbbb4517d1870862c72d55",
      "worktreeBytes": 61077,
      "worktreeSha256": "faf239165cf44eccf1e696a01de2a8b0426f77001e3ccb5d47d9086268790d4e",
      "committedReadable": true,
      "worktreeReadable": true
    },
    {
      "file": "docs/references/todos-analysis/screenshots/09-model-providers.png",
      "blobId": "d13dbc426c6de71b0ee7c1304665ad55c14acce1",
      "committedBytes": 67683,
      "committedSha256": "1fd43063f342921efb3b4d026dec9159d16a5cdefc5bfe33ca985655360e006f",
      "worktreeGitBlobId": "d13dbc426c6de71b0ee7c1304665ad55c14acce1",
      "worktreeBytes": 67683,
      "worktreeSha256": "1fd43063f342921efb3b4d026dec9159d16a5cdefc5bfe33ca985655360e006f",
      "committedReadable": true,
      "worktreeReadable": true
    },
    {
      "file": "docs/references/todos-analysis/screenshots/10-secrets.png",
      "blobId": "5455c34097850f4141d9c02d8660b6df64a73cd1",
      "committedBytes": 60921,
      "committedSha256": "3e039346e90c3ee471dd41cc27b8b133f9f878e23bc1a3b079bd7505eb253961",
      "worktreeGitBlobId": "5455c34097850f4141d9c02d8660b6df64a73cd1",
      "worktreeBytes": 60921,
      "worktreeSha256": "3e039346e90c3ee471dd41cc27b8b133f9f878e23bc1a3b079bd7505eb253961",
      "committedReadable": true,
      "worktreeReadable": true
    },
    {
      "file": "docs/references/todos-analysis/screenshots/11-install-app.png",
      "blobId": "a3312eea5e0d7103de9923d9c55ae78796cfd1ef",
      "committedBytes": 132754,
      "committedSha256": "9f744072420e540df6075fb599290d7729445c6bfaa96a302609141a1e108a91",
      "worktreeGitBlobId": "a3312eea5e0d7103de9923d9c55ae78796cfd1ef",
      "worktreeBytes": 132754,
      "worktreeSha256": "9f744072420e540df6075fb599290d7729445c6bfaa96a302609141a1e108a91",
      "committedReadable": true,
      "worktreeReadable": true
    },
    {
      "file": "docs/references/todos-analysis/screenshots/12-new-task-entry.png",
      "blobId": "11136f45c15cbca6a2ef159da2e8be5964e4c6cc",
      "committedBytes": 78314,
      "committedSha256": "1ea27de4edc721a40b783559e5e9a0c11589bec67ef50af4bcaa42974ed901f5",
      "worktreeGitBlobId": "11136f45c15cbca6a2ef159da2e8be5964e4c6cc",
      "worktreeBytes": 78314,
      "worktreeSha256": "1ea27de4edc721a40b783559e5e9a0c11589bec67ef50af4bcaa42974ed901f5",
      "committedReadable": true,
      "worktreeReadable": true
    },
    {
      "file": "docs/references/todos-analysis/screenshots/13-search-panel.png",
      "blobId": "75df262b44ee5177d2ca58e012fd7a1ca3e7e517",
      "committedBytes": 90066,
      "committedSha256": "34b04a1728cf4918a49cb409d1031c5c9d26decfe31d85c50e34339d25c56811",
      "worktreeGitBlobId": "75df262b44ee5177d2ca58e012fd7a1ca3e7e517",
      "worktreeBytes": 90066,
      "worktreeSha256": "34b04a1728cf4918a49cb409d1031c5c9d26decfe31d85c50e34339d25c56811",
      "committedReadable": true,
      "worktreeReadable": true
    },
    {
      "file": "docs/references/todos-analysis/screenshots/14-user-menu.png",
      "blobId": "48d8957fe6030c434807139a9c4a0f644931b3db",
      "committedBytes": 89415,
      "committedSha256": "59c87dc81ca04833644b5d85144ffb60d70b51729b9cffd8c821fe0b151c4afb",
      "worktreeGitBlobId": "48d8957fe6030c434807139a9c4a0f644931b3db",
      "worktreeBytes": 89415,
      "worktreeSha256": "59c87dc81ca04833644b5d85144ffb60d70b51729b9cffd8c821fe0b151c4afb",
      "committedReadable": true,
      "worktreeReadable": true
    },
    {
      "file": "docs/references/todos-analysis/screenshots/15-workbench-light.png",
      "blobId": "e436b6864174a63c23ac249138cc1219ec5b9509",
      "committedBytes": 77910,
      "committedSha256": "bd946966c3965d8898a3201ef583d0cb036fe472d9f3f8ca8722e5913892d54c",
      "worktreeGitBlobId": "e436b6864174a63c23ac249138cc1219ec5b9509",
      "worktreeBytes": 77910,
      "worktreeSha256": "bd946966c3965d8898a3201ef583d0cb036fe472d9f3f8ca8722e5913892d54c",
      "committedReadable": true,
      "worktreeReadable": true
    },
    {
      "file": "docs/references/todos-analysis/screenshots/16-board-full-light.png",
      "blobId": "258a889f73fecb40e44f4bbc145b1c02c99a9b96",
      "committedBytes": 69181,
      "committedSha256": "9afb2847a20c9a55d0f8606e2f76f2742add1f149f221373410a3d7b64ac2164",
      "worktreeGitBlobId": "258a889f73fecb40e44f4bbc145b1c02c99a9b96",
      "worktreeBytes": 69181,
      "worktreeSha256": "9afb2847a20c9a55d0f8606e2f76f2742add1f149f221373410a3d7b64ac2164",
      "committedReadable": true,
      "worktreeReadable": true
    },
    {
      "file": "docs/references/todos-analysis/screenshots/17-connections-light.png",
      "blobId": "e4e1357bf65551dab65705e8cc3e28b5a5d4b547",
      "committedBytes": 213752,
      "committedSha256": "3e5f17205320af5c4240bc56cd788f2f5ffca95abe2adb1500e511e72d618e2f",
      "worktreeGitBlobId": "e4e1357bf65551dab65705e8cc3e28b5a5d4b547",
      "worktreeBytes": 213752,
      "worktreeSha256": "3e5f17205320af5c4240bc56cd788f2f5ffca95abe2adb1500e511e72d618e2f",
      "committedReadable": true,
      "worktreeReadable": true
    },
    {
      "file": "docs/references/todos-analysis/screenshots/18-board-full-dark.png",
      "blobId": "30fb1c0ae82d69350c5824e8e9fb22541b39b89c",
      "committedBytes": 52478,
      "committedSha256": "d74756c65127a2fa4281193ce23277bc55bb672982744f6c3bc19a01f1615494",
      "worktreeGitBlobId": "30fb1c0ae82d69350c5824e8e9fb22541b39b89c",
      "worktreeBytes": 52478,
      "worktreeSha256": "d74756c65127a2fa4281193ce23277bc55bb672982744f6c3bc19a01f1615494",
      "committedReadable": true,
      "worktreeReadable": true
    },
    {
      "file": "docs/references/todos-analysis/screenshots/19-chief-chat.png",
      "blobId": "66fa7ad44ff71b04a26bc3807a2df7895dd0acc4",
      "committedBytes": 67094,
      "committedSha256": "e33da6866eaeaafccf002d0068a99eac990bf1f46692e1b1a0e920fb6da15cf7",
      "worktreeGitBlobId": "66fa7ad44ff71b04a26bc3807a2df7895dd0acc4",
      "worktreeBytes": 67094,
      "worktreeSha256": "e33da6866eaeaafccf002d0068a99eac990bf1f46692e1b1a0e920fb6da15cf7",
      "committedReadable": true,
      "worktreeReadable": true
    },
    {
      "file": "docs/references/todos-analysis/screenshots/20-setup-panel.png",
      "blobId": "7593d486798f345bfa1ad5860379fa1449d1c337",
      "committedBytes": 95095,
      "committedSha256": "e72a2865cfac9e64acb1d79781663c6ed98ef250773f0fe2aaec17d77a984bcf",
      "worktreeGitBlobId": "7593d486798f345bfa1ad5860379fa1449d1c337",
      "worktreeBytes": 95095,
      "worktreeSha256": "e72a2865cfac9e64acb1d79781663c6ed98ef250773f0fe2aaec17d77a984bcf",
      "committedReadable": true,
      "worktreeReadable": true
    },
    {
      "file": "docs/references/todos-analysis/screenshots/21-team-agents.png",
      "blobId": "96204bfb41b75829c98415f4bbca465b4dbab323",
      "committedBytes": 51829,
      "committedSha256": "ba39cfa5ce0e93fc881e270bb93fd21b40fbee2f8a9c8c4e5145e264cdaea8f1",
      "worktreeGitBlobId": "96204bfb41b75829c98415f4bbca465b4dbab323",
      "worktreeBytes": 51829,
      "worktreeSha256": "ba39cfa5ce0e93fc881e270bb93fd21b40fbee2f8a9c8c4e5145e264cdaea8f1",
      "committedReadable": true,
      "worktreeReadable": true
    },
    {
      "file": "docs/references/todos-analysis/screenshots/22-agent-detail.png",
      "blobId": "9f19f9e262b0a60cd4fece0acdc96b9112f9e327",
      "committedBytes": 80745,
      "committedSha256": "7dbf41a3a04eac56595e5fab10b8bcdfd9d2c2e96c0ac5127792be3d59106dbd",
      "worktreeGitBlobId": "9f19f9e262b0a60cd4fece0acdc96b9112f9e327",
      "worktreeBytes": 80745,
      "worktreeSha256": "7dbf41a3a04eac56595e5fab10b8bcdfd9d2c2e96c0ac5127792be3d59106dbd",
      "committedReadable": true,
      "worktreeReadable": true
    },
    {
      "file": "docs/references/todos-analysis/screenshots/23-board-guide.png",
      "blobId": "afb7a758f939348e33d9f89cc931bff6651f7b0a",
      "committedBytes": 97069,
      "committedSha256": "2850e37c7cdf32596561d956bc4eb4cd2feffe6debed59f8ae251fde244d12eb",
      "worktreeGitBlobId": "afb7a758f939348e33d9f89cc931bff6651f7b0a",
      "worktreeBytes": 97069,
      "worktreeSha256": "2850e37c7cdf32596561d956bc4eb4cd2feffe6debed59f8ae251fde244d12eb",
      "committedReadable": true,
      "worktreeReadable": true
    },
    {
      "file": "docs/references/todos-analysis/screenshots/24-board-guide-states.png",
      "blobId": "35f2ae8eab5450a63cbd81d6a2cfcb11ad534069",
      "committedBytes": 136693,
      "committedSha256": "50c1afbc3555772d6c524ed2d8bbc37a9d934c83b0d1fcd4e1fddc554c06d805",
      "worktreeGitBlobId": "35f2ae8eab5450a63cbd81d6a2cfcb11ad534069",
      "worktreeBytes": 136693,
      "worktreeSha256": "50c1afbc3555772d6c524ed2d8bbc37a9d934c83b0d1fcd4e1fddc554c06d805",
      "committedReadable": true,
      "worktreeReadable": true
    },
    {
      "file": "docs/references/todos-analysis/screenshots/25-board-filters.png",
      "blobId": "389a1b5127a108b14263ad49c4bf916fe4e44d45",
      "committedBytes": 86923,
      "committedSha256": "946b001b935a2acff5d490be706586df9fa489532a406f6e6008a5084fb5afa5",
      "worktreeGitBlobId": "389a1b5127a108b14263ad49c4bf916fe4e44d45",
      "worktreeBytes": 86923,
      "worktreeSha256": "946b001b935a2acff5d490be706586df9fa489532a406f6e6008a5084fb5afa5",
      "committedReadable": true,
      "worktreeReadable": true
    },
    {
      "file": "docs/references/todos-analysis/screenshots/26-workbench-restored.png",
      "blobId": "b1ffa7b3efb4800dd6cf798bb0d9a7e71b92bc03",
      "committedBytes": 79567,
      "committedSha256": "ea4370f169b49454e457ed6e8411ae753cd24a4f00cf012dc1244a687fc63624",
      "worktreeGitBlobId": "b1ffa7b3efb4800dd6cf798bb0d9a7e71b92bc03",
      "worktreeBytes": 79567,
      "worktreeSha256": "ea4370f169b49454e457ed6e8411ae753cd24a4f00cf012dc1244a687fc63624",
      "committedReadable": true,
      "worktreeReadable": true
    },
    {
      "file": "docs/references/todos-analysis/screenshots/30-demo-board-cards.png",
      "blobId": "c3de205990f3ec6e8459b09ce5626708b122d114",
      "committedBytes": 182527,
      "committedSha256": "da34fbb246cf91a422a893998e301fef2ede7e826a80f957bb1a8f7fa397e142",
      "worktreeGitBlobId": "c3de205990f3ec6e8459b09ce5626708b122d114",
      "worktreeBytes": 182527,
      "worktreeSha256": "da34fbb246cf91a422a893998e301fef2ede7e826a80f957bb1a8f7fa397e142",
      "committedReadable": true,
      "worktreeReadable": true
    },
    {
      "file": "docs/references/todos-analysis/screenshots/INDEX.md",
      "blobId": "6b0aadcd41649088b2a5049a0007be09ac265248",
      "committedBytes": 7284,
      "committedSha256": "71af93d645c9326ddaef222b02f38ef5c5b6db8c0fe4b5ca3bfd2e412f3761f1",
      "worktreeGitBlobId": "6b0aadcd41649088b2a5049a0007be09ac265248",
      "worktreeBytes": 7284,
      "worktreeSha256": "71af93d645c9326ddaef222b02f38ef5c5b6db8c0fe4b5ca3bfd2e412f3761f1",
      "committedReadable": true,
      "worktreeReadable": true
    },
    {
      "file": "docs/references/todos-analysis/ui-inventory.md",
      "blobId": "dc8fc6d933264a805fc054bd49b77b8266b2a6fd",
      "committedBytes": 13730,
      "committedSha256": "8ff1cfab8c473651454976849f2d713f4e7203ff4f8e2377dc4338562bc21bfd",
      "worktreeGitBlobId": "dc8fc6d933264a805fc054bd49b77b8266b2a6fd",
      "worktreeBytes": 13730,
      "worktreeSha256": "8ff1cfab8c473651454976849f2d713f4e7203ff4f8e2377dc4338562bc21bfd",
      "committedReadable": true,
      "worktreeReadable": true
    }
  ],
  "archiveInputs": [
    {
      "file": "docs/evidence/build-input-reachability.current/raw-evidence.zip",
      "blobId": "1875e8935dee1d406616f6d5e799d4acc739041a",
      "committedBytes": 2339178,
      "committedSha256": "58b9cb552d7cf8ef80b8604d0c2633b8ac3d53ab4389295832b632706ef4584b",
      "worktreeGitBlobId": "1875e8935dee1d406616f6d5e799d4acc739041a",
      "worktreeBytes": 2339178,
      "worktreeSha256": "58b9cb552d7cf8ef80b8604d0c2633b8ac3d53ab4389295832b632706ef4584b",
      "committedReadable": true,
      "worktreeReadable": true
    },
    {
      "file": "docs/evidence/build-input-reachability.current/raw-evidence-index.json",
      "blobId": "f5c477c404645a070d5ae7e9aafb6c744da8decb",
      "committedBytes": 140663,
      "committedSha256": "cd05ecfe6ee4ccde8b2af72ebb378e130486b572ea2cb79a281a1fa4d9d60162",
      "worktreeGitBlobId": "f5c477c404645a070d5ae7e9aafb6c744da8decb",
      "worktreeBytes": 143475,
      "worktreeSha256": "18e58fbf60da2a90f1cd7f76782eb73f02cb7657e50148b32f8a5d85877e959f",
      "committedReadable": true,
      "worktreeReadable": true
    },
    {
      "file": "scripts/verify-raw-evidence-archive.mjs",
      "blobId": "b32919f321b8d42913e7e476989f1c8f389327dd",
      "committedBytes": 9722,
      "committedSha256": "f6a8289a15ad68c52a3f254dfe804aaafe3039bdb33279d9def3ee3561fd4131",
      "worktreeGitBlobId": "b32919f321b8d42913e7e476989f1c8f389327dd",
      "worktreeBytes": 9860,
      "worktreeSha256": "8bf5dbbb154b204c4eb24fed8df223ce1b3d35228444e06f3bc6377dd864d198",
      "committedReadable": true,
      "worktreeReadable": true
    }
  ],
  "archiveVerification": {
    "entries": 280,
    "members": 61,
    "bytes": 21268498,
    "selfContained": true
  }
}
