命令: node scripts/ci-policy.mjs
本地模拟PR200准确base/head，非伪称线上event
base: f4e5915ea4dbc5e3f3c66a80a2dba518eeb1b9c9
head: d0806bc257fce1fba7ca7b320b79d6698ec6be45
node:internal/errors:986
  const err = new Error(message);
              ^

Error: Command failed: git diff --check f4e5915ea4dbc5e3f3c66a80a2dba518eeb1b9c9 d0806bc257fce1fba7ca7b320b79d6698ec6be45
    at genericNodeError (node:internal/errors:986:15)
    at wrappedFn (node:internal/errors:540:14)
    at checkExecSyncError (node:child_process:942:11)
    at execFileSync (node:child_process:978:15)
    at git (file:///C:/Users/xurx/.tds/workspaces/01a116f7-1027-7c75-90df-32ebc5488752/scripts/ci-policy.mjs:78:74)
    at planForEvent (file:///C:/Users/xurx/.tds/workspaces/01a116f7-1027-7c75-90df-32ebc5488752/scripts/ci-policy.mjs:99:3)
    at file:///C:/Users/xurx/.tds/workspaces/01a116f7-1027-7c75-90df-32ebc5488752/scripts/ci-policy.mjs:112:18
    at ModuleJob.run (node:internal/modules/esm/module_job:561:25)
    at async node:internal/modules/esm/loader:647:26
    at async asyncRunEntryPointWithESMLoader (node:internal/modules/run_main:101:5) {
  status: 2,
  signal: null,
  output: [
    null,
    'docs/evidence/build-input-reachability.current/e2e-documents.1.log:32: trailing whitespace.\n' +
      '+[WebServer] \n' +
      'docs/evidence/build-input-reachability.current/e2e.1.log:21: trailing whitespace.\n' +
      '+@workmesh/artifact-storage:build: \n' +
      'docs/evidence/build-input-reachability.current/e2e.1.log:24: trailing whitespace.\n' +
      '+@workmesh/artifact-storage:build: \n' +
      'docs/evidence/build-input-reachability.current/e2e.1.log:25: trailing whitespace.\n' +
      '+@workmesh/ui:build: \n' +
      'docs/evidence/build-input-reachability.current/e2e.1.log:28: trailing whitespace.\n' +
      '+@workmesh/ui:build: \n' +
      'docs/evidence/build-input-reachability.current/e2e.1.log:29: trailing whitespace.\n' +
      '+@workmesh/observability:build: \n' +
      'docs/evidence/build-input-reachability.current/e2e.1.log:32: trailing whitespace.\n' +
      '+@workmesh/observability:build: \n' +
      'docs/evidence/build-input-reachability.current/e2e.1.log:33: trailing whitespace.\n' +
      '+@workmesh/contracts:build: \n' +
      'docs/evidence/build-input-reachability.current/e2e.1.log:36: trailing whitespace.\n' +
      '+@workmesh/contracts:build: \n' +
      'docs/evidence/build-input-reachability.current/e2e.1.log:37: trailing whitespace.\n' +
      '+@workmesh/git-provider:build: \n' +
      'docs/evidence/build-input-reachability.current/e2e.1.log:40: trailing whitespace.\n' +
      '+@workmesh/git-provider:build: \n' +
      'docs/evidence/build-input-reachability.current/e2e.1.log:46: trailing whitespace.\n' +
      '+@workmesh/a2a-adapter:build: \n' +
      'docs/evidence/build-input-reachability.current/e2e.1.log:49: trailing whitespace.\n' +
      '+@workmesh/a2a-adapter:build: \n' +
      'docs/evidence/build-input-reachability.current/e2e.1.log:50: trailing whitespace.\n' +
      '+@workmesh/web:test:e2e: \n' +
      'docs/evidence/build-input-reachability.current/e2e.1.log:53: trailing whitespace.\n' +
      '+@workmesh/web:test:e2e: \n' +
      'docs/evidence/build-input-reachability.current/e2e.1.log:54: trailing whitespace.\n' +
      '+@workmesh/agent-sdk:build: \n' +
      'docs/evidence/build-input-reachability.current/e2e.1.log:57: trailing whitespace.\n' +
      '+@workmesh/agent-sdk:build: \n' +
      'docs/evidence/build-input-reachability.current/e2e.1.log:58: trailing whitespace.\n' +
      '+@workmesh/config:build: \n' +
      'docs/evidence/build-input-reachability.current/e2e.1.log:61: trailing whitespace.\n' +
      '+@workmesh/config:build: \n' +
      'docs/evidence/build-input-reachability.current/e2e.1.log:62: trailing whitespace.\n' +
      '+@workmesh/domain:build: \n' +
      'docs/evidence/build-input-reachability.current/e2e.1.log:65: trailing whitespace.\n' +
      '+@workmesh/domain:build: \n' +
      'docs/evidence/build-input-reachability.current/e2e.1.log:73: trailing whitespace.\n' +
      '+@workmesh/db:build: \n' +
      'docs/evidence/build-input-reachability.current/e2e.1.log:76: trailing whitespace.\n' +
      '+@workmesh/db:build: \n' +
      'docs/evidence/build-input-reachability.current/e2e.1.log:93: trailing whitespace.\n' +
      '+@workmesh/web:test:e2e: [WebServer] \n' +
      'docs/evidence/build-input-reachability.current/e2e.1.log:96: trailing whitespace.\n' +
      '+@workmesh/recovery:build: \n' +
      'docs/evidence/build-input-reachability.current/e2e.1.log:99: trailing whitespace.\n' +
      '+@workmesh/recovery:build: \n' +
      'docs/evidence/build-input-reachability.current/e2e.1.log:104: trailing whitespace.\n' +
      '+@workmesh/web:test:e2e: [WebServer] \n' +
      'docs/evidence/build-input-reachability.current/e2e.1.log:106: trailing whitespace.\n' +
      '+@workmesh/web:test:e2e: [WebServer] \n' +
      'docs/evidence/build-input-reachability.current/e2e.1.log:110: trailing whitespace.\n' +
      '+@workmesh/web:test:e2e: [WebServer] \n' +
      'docs/evidence/build-input-reachability.current/e2e.1.log:113: trailing whitespace.\n' +
      '+@workmesh/web:test:e2e: [WebServer] \n' +
      'docs/evidence/build-input-reachability.current/e2e.1.log:115: trailing whitespace.\n' +
      '+@workmesh/web:test:e2e: [WebServer] \n' +
      'docs/evidence/build-input-reachability.current/e2e.1.log:119: trailing whitespace.\n' +
      '+@workmesh/web:test:e2e: [WebServer] \n' +
      'docs/evidence/build-input-reachability.current/e2e.1.log:122: trailing whitespace.\n' +
      '+@workmesh/web:test:e2e: [WebServer] \n' +
      'docs/evidence/build-input-reachability.current/e2e.1.log:124: trailing whitespace.\n' +
      '+@workmesh/web:test:e2e: [WebServer] \n' +
      'docs/evidence/build-input-reachability.current/e2e.1.log:128: trailing whitespace.\n' +
      '+@workmesh/web:test:e2e: [WebServer] \n' +
      'docs/evidence/build-input-reachability.current/e2e.1.log:131: trailing whitespace.\n' +
      '+@workmesh/web:test:e2e: [WebServer] \n' +
      'docs/evidence/build-input-reachability.current/e2e.1.log:133: trailing whitespace.\n' +
      '+@workmesh/web:test:e2e: [WebServer] \n' +
      'docs/evidence/build-input-reachability.current/e2e.1.log:140: trailing whitespace.\n' +
      '+@workmesh/web:test:e2e: \n' +
      'docs/evidence/build-input-reachability.current/e2e.1.log:142: trailing whitespace.\n' +
      '+@workmesh/web:test:e2e: \n' +
      'docs/evidence/build-input-reachability.current/e2e.1.log:149: trailing whitespace.\n' +
      '+@workmesh/web:test:e2e: [WebServer] \n' +
      'docs/evidence/build-input-reachability.current/e2e.1.log:151: trailing whitespace.\n' +
      '+@workmesh/web:test:e2e: [WebServer] \n' +
      'docs/evidence/build-input-reachability.current/e2e.1.log:155: trailing whitespace.\n' +
      '+@workmesh/web:test:e2e: [WebServer] \n' +
      'docs/evidence/build-input-reachability.current/e2e.1.log:158: trailing whitespace.\n' +
      '+@workmesh/web:test:e2e: [WebServer] \n' +
      'docs/evidence/build-input-reachability.current/e2e.1.log:160: trailing whitespace.\n' +
      '+@workmesh/web:test:e2e: [WebServer] \n' +
      'docs/evidence/build-input-reachability.current/e2e.1.log:164: trailing whitespace.\n' +
      '+@workmesh/web:test:e2e: [WebServer] \n' +
      'docs/evidence/build-input-reachability.current/e2e.1.log:167: trailing whitespace.\n' +
      '+@workmesh/web:test:e2e: [WebServer] \n' +
      'docs/evidence/build-input-reachability.current/e2e.1.log:169: trailing whitespace.\n' +
      '+@workmesh/web:test:e2e: [WebServer] \n' +
      'docs/evidence/build-input-reachability.current/e2e.1.log:173: trailing whitespace.\n' +
      '+@workmesh/web:test:e2e: [WebServer] \n' +
      'docs/evidence/build-input-reachability.current/e2e.1.log:176: trailing whitespace.\n' +
      '+@workmesh/web:test:e2e: [WebServer] \n' +
      'docs/evidence/build-input-reachability.current/e2e.1.log:178: trailing whitespace.\n' +
      '+@workmesh/web:test:e2e: [WebServer] \n' +
      'docs/evidence/build-input-reachability.current/e2e.1.log:5792: trailing whitespace.\n' +
      '+@workmesh/web:test:e2e: \n' +
      'docs/evidence/build-input-reachability.current/e2e.1.log:5793: trailing whitespace.\n' +
      '+@workmesh/web:test:e2e: \n' +
      'docs/evidence/build-input-reachability.current/e2e.1.log:5794: trailing whitespace.\n' +
      '+@workmesh/web:test:e2e:   1) [authenticated] › e2e\\documents.spec.ts:3:1 › Project and Issue documents keep immutable revisions through the real Web and API \n' +
      'docs/evidence/build-input-reachability.current/e2e.1.log:5795: trailing whitespace.\n' +
      '+@workmesh/web:test:e2e: \n' +
      'docs/evidence/build-input-reachability.current/e2e.1.log:5797: trailing whitespace.\n' +
      '+@workmesh/web:test:e2e: \n' +
      'docs/evidence/build-input-reachability.current/e2e.1.log:5808: trailing whitespace.\n' +
      '+@workmesh/web:test:e2e: \n' +
      'docs/evidence/build-input-reachability.current/e2e.1.log:5809: trailing whitespace.\n' +
      '+@workmesh/web:test:e2e: \n' +
      'docs/evidence/build-input-reachability.current/e2e.1.log:5818: trailing whitespace.\n' +
      '+@workmesh/web:test:e2e: \n' +
      'docs/evidence/build-input-reachability.current/e2e.1.log:5822: trailing whitespace.\n' +
      '+@workmesh/web:test:e2e: \n' +
      'docs/evidence/build-input-reachability.current/e2e.1.log:5826: trailing whitespace.\n' +
      '+@workmesh/web:test:e2e: \n' +
      'docs/evidence/build-input-reachability.current/e2e.1.log:5828: trailing whitespace.\n' +
      '+@workmesh/web:test:e2e: \n' +
      'docs/evidence/build-input-reachability.current/e2e.1.log:5832: trailing whitespace.\n' +
      '+@workmesh/web:test:e2e: \n' +
      'docs/evidence/build-input-reachability.current/e2e.1.log:5834: trailing whitespace.\n' +
      '+@workmesh/web:test:e2e: \n' +
      'docs/evidence/build-input-reachability.current/e2e.1.log:5836: trailing whitespace.\n' +
      '+@workmesh/web:test:e2e: \n' +
      'docs/evidence/build-input-reachability.current/e2e.1.log:5838: trailing whitespace.\n' +
      '+@workmesh/web:test:e2e:     [authenticated] › e2e\\documents.spec.ts:3:1 › Project and Issue documents keep immutable revisions through the real Web and API \n' +
      'docs/evidence/build-input-reachability.current/e2e.1.log:5845: trailing whitespace.\n' +
      '+  Time:    6m19.835s \n' +
      'docs/evidence/build-input-reachability.current/e2e.2.log:21: trailing whitespace.\n' +
      '+@workmesh/contracts:build: \n' +
      'docs/evidence/build-input-reachability.current/e2e.2.log:24: trailing whitespace.\n' +
      '+@workmesh/contracts:build: \n' +
      'docs/evidence/build-input-reachability.current/e2e.2.log:25: trailing whitespace.\n' +
      '+@workmesh/ui:build: \n' +
      'docs/evidence/build-input-reachability.current/e2e.2.log:28: trailing whitespace.\n' +
      '+@workmesh/ui:build: \n' +
      'docs/evidence/build-input-reachability.current/e2e.2.log:29: trailing whitespace.\n' +
      '+@workmesh/artifact-storage:build: \n' +
      'docs/evidence/build-input-reachability.current/e2e.2.log:32: trailing whitespace.\n' +
      '+@workmesh/artifact-storage:build: \n' +
      'docs/evidence/build-input-reachability.current/e2e.2.log:33: trailing whitespace.\n' +
      '+@workmesh/observability:build: \n' +
      'docs/evidence/build-input-reachability.current/e2e.2.log:36: trailing whitespace.\n' +
      '+@workmesh/observability:build: \n' +
      'docs/evidence/build-input-reachability.current/e2e.2.log:37: trailing whitespace.\n' +
      '+@workmesh/git-provider:build: \n' +
      'docs/evidence/build-input-reachability.current/e2e.2.log:40: trailing whitespace.\n' +
      '+@workmesh/git-provider:build: \n' +
      'docs/evidence/build-input-reachability.current/e2e.2.log:46: trailing whitespace.\n' +
      '+@workmesh/agent-sdk:build: \n' +
      'docs/evidence/build-input-reachability.current/e2e.2.log:49: trailing whitespace.\n' +
      '+@workmesh/agent-sdk:build: \n' +
      'docs/evidence/build-input-reachability.current/e2e.2.log:50: trailing whitespace.\n' +
      '+@workmesh/web:test:e2e: \n' +
      'docs/evidence/build-input-reachability.current/e2e.2.log:53: trailing whitespace.\n' +
      '+@workmesh/web:test:e2e: \n' +
      'docs/evidence/build-input-reachability.current/e2e.2.log:54: trailing whitespace.\n' +
      '+@workmesh/domain:build: \n' +
      'docs/evidence/build-input-reachability.current/e2e.2.log:57: trailing whitespace.\n' +
      '+@workmesh/domain:build: \n' +
      'docs/evidence/build-input-reachability.current/e2e.2.log:58: trailing whitespace.\n' +
      '+@workmesh/a2a-adapter:build: \n' +
      'docs/evidence/build-input-reachability.current/e2e.2.log:61: trailing whitespace.\n' +
      '+@workmesh/a2a-adapter:build: \n' +
      'docs/evidence/build-input-reachability.current/e2e.2.log:62: trailing whitespace.\n' +
      '+@workmesh/config:build: \n' +
      'docs/evidence/build-input-reachability.current/e2e.2.log:65: trailing whitespace.\n' +
      '+@workmesh/config:build: \n' +
      'docs'... 84899 more characters,
    ''
  ],
  pid: 9844,
  stdout: 'docs/evidence/build-input-reachability.current/e2e-documents.1.log:32: trailing whitespace.\n' +
    '+[WebServer] \n' +
    'docs/evidence/build-input-reachability.current/e2e.1.log:21: trailing whitespace.\n' +
    '+@workmesh/artifact-storage:build: \n' +
    'docs/evidence/build-input-reachability.current/e2e.1.log:24: trailing whitespace.\n' +
    '+@workmesh/artifact-storage:build: \n' +
    'docs/evidence/build-input-reachability.current/e2e.1.log:25: trailing whitespace.\n' +
    '+@workmesh/ui:build: \n' +
    'docs/evidence/build-input-reachability.current/e2e.1.log:28: trailing whitespace.\n' +
    '+@workmesh/ui:build: \n' +
    'docs/evidence/build-input-reachability.current/e2e.1.log:29: trailing whitespace.\n' +
    '+@workmesh/observability:build: \n' +
    'docs/evidence/build-input-reachability.current/e2e.1.log:32: trailing whitespace.\n' +
    '+@workmesh/observability:build: \n' +
    'docs/evidence/build-input-reachability.current/e2e.1.log:33: trailing whitespace.\n' +
    '+@workmesh/contracts:build: \n' +
    'docs/evidence/build-input-reachability.current/e2e.1.log:36: trailing whitespace.\n' +
    '+@workmesh/contracts:build: \n' +
    'docs/evidence/build-input-reachability.current/e2e.1.log:37: trailing whitespace.\n' +
    '+@workmesh/git-provider:build: \n' +
    'docs/evidence/build-input-reachability.current/e2e.1.log:40: trailing whitespace.\n' +
    '+@workmesh/git-provider:build: \n' +
    'docs/evidence/build-input-reachability.current/e2e.1.log:46: trailing whitespace.\n' +
    '+@workmesh/a2a-adapter:build: \n' +
    'docs/evidence/build-input-reachability.current/e2e.1.log:49: trailing whitespace.\n' +
    '+@workmesh/a2a-adapter:build: \n' +
    'docs/evidence/build-input-reachability.current/e2e.1.log:50: trailing whitespace.\n' +
    '+@workmesh/web:test:e2e: \n' +
    'docs/evidence/build-input-reachability.current/e2e.1.log:53: trailing whitespace.\n' +
    '+@workmesh/web:test:e2e: \n' +
    'docs/evidence/build-input-reachability.current/e2e.1.log:54: trailing whitespace.\n' +
    '+@workmesh/agent-sdk:build: \n' +
    'docs/evidence/build-input-reachability.current/e2e.1.log:57: trailing whitespace.\n' +
    '+@workmesh/agent-sdk:build: \n' +
    'docs/evidence/build-input-reachability.current/e2e.1.log:58: trailing whitespace.\n' +
    '+@workmesh/config:build: \n' +
    'docs/evidence/build-input-reachability.current/e2e.1.log:61: trailing whitespace.\n' +
    '+@workmesh/config:build: \n' +
    'docs/evidence/build-input-reachability.current/e2e.1.log:62: trailing whitespace.\n' +
    '+@workmesh/domain:build: \n' +
    'docs/evidence/build-input-reachability.current/e2e.1.log:65: trailing whitespace.\n' +
    '+@workmesh/domain:build: \n' +
    'docs/evidence/build-input-reachability.current/e2e.1.log:73: trailing whitespace.\n' +
    '+@workmesh/db:build: \n' +
    'docs/evidence/build-input-reachability.current/e2e.1.log:76: trailing whitespace.\n' +
    '+@workmesh/db:build: \n' +
    'docs/evidence/build-input-reachability.current/e2e.1.log:93: trailing whitespace.\n' +
    '+@workmesh/web:test:e2e: [WebServer] \n' +
    'docs/evidence/build-input-reachability.current/e2e.1.log:96: trailing whitespace.\n' +
    '+@workmesh/recovery:build: \n' +
    'docs/evidence/build-input-reachability.current/e2e.1.log:99: trailing whitespace.\n' +
    '+@workmesh/recovery:build: \n' +
    'docs/evidence/build-input-reachability.current/e2e.1.log:104: trailing whitespace.\n' +
    '+@workmesh/web:test:e2e: [WebServer] \n' +
    'docs/evidence/build-input-reachability.current/e2e.1.log:106: trailing whitespace.\n' +
    '+@workmesh/web:test:e2e: [WebServer] \n' +
    'docs/evidence/build-input-reachability.current/e2e.1.log:110: trailing whitespace.\n' +
    '+@workmesh/web:test:e2e: [WebServer] \n' +
    'docs/evidence/build-input-reachability.current/e2e.1.log:113: trailing whitespace.\n' +
    '+@workmesh/web:test:e2e: [WebServer] \n' +
    'docs/evidence/build-input-reachability.current/e2e.1.log:115: trailing whitespace.\n' +
    '+@workmesh/web:test:e2e: [WebServer] \n' +
    'docs/evidence/build-input-reachability.current/e2e.1.log:119: trailing whitespace.\n' +
    '+@workmesh/web:test:e2e: [WebServer] \n' +
    'docs/evidence/build-input-reachability.current/e2e.1.log:122: trailing whitespace.\n' +
    '+@workmesh/web:test:e2e: [WebServer] \n' +
    'docs/evidence/build-input-reachability.current/e2e.1.log:124: trailing whitespace.\n' +
    '+@workmesh/web:test:e2e: [WebServer] \n' +
    'docs/evidence/build-input-reachability.current/e2e.1.log:128: trailing whitespace.\n' +
    '+@workmesh/web:test:e2e: [WebServer] \n' +
    'docs/evidence/build-input-reachability.current/e2e.1.log:131: trailing whitespace.\n' +
    '+@workmesh/web:test:e2e: [WebServer] \n' +
    'docs/evidence/build-input-reachability.current/e2e.1.log:133: trailing whitespace.\n' +
    '+@workmesh/web:test:e2e: [WebServer] \n' +
    'docs/evidence/build-input-reachability.current/e2e.1.log:140: trailing whitespace.\n' +
    '+@workmesh/web:test:e2e: \n' +
    'docs/evidence/build-input-reachability.current/e2e.1.log:142: trailing whitespace.\n' +
    '+@workmesh/web:test:e2e: \n' +
    'docs/evidence/build-input-reachability.current/e2e.1.log:149: trailing whitespace.\n' +
    '+@workmesh/web:test:e2e: [WebServer] \n' +
    'docs/evidence/build-input-reachability.current/e2e.1.log:151: trailing whitespace.\n' +
    '+@workmesh/web:test:e2e: [WebServer] \n' +
    'docs/evidence/build-input-reachability.current/e2e.1.log:155: trailing whitespace.\n' +
    '+@workmesh/web:test:e2e: [WebServer] \n' +
    'docs/evidence/build-input-reachability.current/e2e.1.log:158: trailing whitespace.\n' +
    '+@workmesh/web:test:e2e: [WebServer] \n' +
    'docs/evidence/build-input-reachability.current/e2e.1.log:160: trailing whitespace.\n' +
    '+@workmesh/web:test:e2e: [WebServer] \n' +
    'docs/evidence/build-input-reachability.current/e2e.1.log:164: trailing whitespace.\n' +
    '+@workmesh/web:test:e2e: [WebServer] \n' +
    'docs/evidence/build-input-reachability.current/e2e.1.log:167: trailing whitespace.\n' +
    '+@workmesh/web:test:e2e: [WebServer] \n' +
    'docs/evidence/build-input-reachability.current/e2e.1.log:169: trailing whitespace.\n' +
    '+@workmesh/web:test:e2e: [WebServer] \n' +
    'docs/evidence/build-input-reachability.current/e2e.1.log:173: trailing whitespace.\n' +
    '+@workmesh/web:test:e2e: [WebServer] \n' +
    'docs/evidence/build-input-reachability.current/e2e.1.log:176: trailing whitespace.\n' +
    '+@workmesh/web:test:e2e: [WebServer] \n' +
    'docs/evidence/build-input-reachability.current/e2e.1.log:178: trailing whitespace.\n' +
    '+@workmesh/web:test:e2e: [WebServer] \n' +
    'docs/evidence/build-input-reachability.current/e2e.1.log:5792: trailing whitespace.\n' +
    '+@workmesh/web:test:e2e: \n' +
    'docs/evidence/build-input-reachability.current/e2e.1.log:5793: trailing whitespace.\n' +
    '+@workmesh/web:test:e2e: \n' +
    'docs/evidence/build-input-reachability.current/e2e.1.log:5794: trailing whitespace.\n' +
    '+@workmesh/web:test:e2e:   1) [authenticated] › e2e\\documents.spec.ts:3:1 › Project and Issue documents keep immutable revisions through the real Web and API \n' +
    'docs/evidence/build-input-reachability.current/e2e.1.log:5795: trailing whitespace.\n' +
    '+@workmesh/web:test:e2e: \n' +
    'docs/evidence/build-input-reachability.current/e2e.1.log:5797: trailing whitespace.\n' +
    '+@workmesh/web:test:e2e: \n' +
    'docs/evidence/build-input-reachability.current/e2e.1.log:5808: trailing whitespace.\n' +
    '+@workmesh/web:test:e2e: \n' +
    'docs/evidence/build-input-reachability.current/e2e.1.log:5809: trailing whitespace.\n' +
    '+@workmesh/web:test:e2e: \n' +
    'docs/evidence/build-input-reachability.current/e2e.1.log:5818: trailing whitespace.\n' +
    '+@workmesh/web:test:e2e: \n' +
    'docs/evidence/build-input-reachability.current/e2e.1.log:5822: trailing whitespace.\n' +
    '+@workmesh/web:test:e2e: \n' +
    'docs/evidence/build-input-reachability.current/e2e.1.log:5826: trailing whitespace.\n' +
    '+@workmesh/web:test:e2e: \n' +
    'docs/evidence/build-input-reachability.current/e2e.1.log:5828: trailing whitespace.\n' +
    '+@workmesh/web:test:e2e: \n' +
    'docs/evidence/build-input-reachability.current/e2e.1.log:5832: trailing whitespace.\n' +
    '+@workmesh/web:test:e2e: \n' +
    'docs/evidence/build-input-reachability.current/e2e.1.log:5834: trailing whitespace.\n' +
    '+@workmesh/web:test:e2e: \n' +
    'docs/evidence/build-input-reachability.current/e2e.1.log:5836: trailing whitespace.\n' +
    '+@workmesh/web:test:e2e: \n' +
    'docs/evidence/build-input-reachability.current/e2e.1.log:5838: trailing whitespace.\n' +
    '+@workmesh/web:test:e2e:     [authenticated] › e2e\\documents.spec.ts:3:1 › Project and Issue documents keep immutable revisions through the real Web and API \n' +
    'docs/evidence/build-input-reachability.current/e2e.1.log:5845: trailing whitespace.\n' +
    '+  Time:    6m19.835s \n' +
    'docs/evidence/build-input-reachability.current/e2e.2.log:21: trailing whitespace.\n' +
    '+@workmesh/contracts:build: \n' +
    'docs/evidence/build-input-reachability.current/e2e.2.log:24: trailing whitespace.\n' +
    '+@workmesh/contracts:build: \n' +
    'docs/evidence/build-input-reachability.current/e2e.2.log:25: trailing whitespace.\n' +
    '+@workmesh/ui:build: \n' +
    'docs/evidence/build-input-reachability.current/e2e.2.log:28: trailing whitespace.\n' +
    '+@workmesh/ui:build: \n' +
    'docs/evidence/build-input-reachability.current/e2e.2.log:29: trailing whitespace.\n' +
    '+@workmesh/artifact-storage:build: \n' +
    'docs/evidence/build-input-reachability.current/e2e.2.log:32: trailing whitespace.\n' +
    '+@workmesh/artifact-storage:build: \n' +
    'docs/evidence/build-input-reachability.current/e2e.2.log:33: trailing whitespace.\n' +
    '+@workmesh/observability:build: \n' +
    'docs/evidence/build-input-reachability.current/e2e.2.log:36: trailing whitespace.\n' +
    '+@workmesh/observability:build: \n' +
    'docs/evidence/build-input-reachability.current/e2e.2.log:37: trailing whitespace.\n' +
    '+@workmesh/git-provider:build: \n' +
    'docs/evidence/build-input-reachability.current/e2e.2.log:40: trailing whitespace.\n' +
    '+@workmesh/git-provider:build: \n' +
    'docs/evidence/build-input-reachability.current/e2e.2.log:46: trailing whitespace.\n' +
    '+@workmesh/agent-sdk:build: \n' +
    'docs/evidence/build-input-reachability.current/e2e.2.log:49: trailing whitespace.\n' +
    '+@workmesh/agent-sdk:build: \n' +
    'docs/evidence/build-input-reachability.current/e2e.2.log:50: trailing whitespace.\n' +
    '+@workmesh/web:test:e2e: \n' +
    'docs/evidence/build-input-reachability.current/e2e.2.log:53: trailing whitespace.\n' +
    '+@workmesh/web:test:e2e: \n' +
    'docs/evidence/build-input-reachability.current/e2e.2.log:54: trailing whitespace.\n' +
    '+@workmesh/domain:build: \n' +
    'docs/evidence/build-input-reachability.current/e2e.2.log:57: trailing whitespace.\n' +
    '+@workmesh/domain:build: \n' +
    'docs/evidence/build-input-reachability.current/e2e.2.log:58: trailing whitespace.\n' +
    '+@workmesh/a2a-adapter:build: \n' +
    'docs/evidence/build-input-reachability.current/e2e.2.log:61: trailing whitespace.\n' +
    '+@workmesh/a2a-adapter:build: \n' +
    'docs/evidence/build-input-reachability.current/e2e.2.log:62: trailing whitespace.\n' +
    '+@workmesh/config:build: \n' +
    'docs/evidence/build-input-reachability.current/e2e.2.log:65: trailing whitespace.\n' +
    '+@workmesh/config:build: \n' +
    'docs'... 84899 more characters,
  stderr: ''
}

Node.js v24.20.0

退出码: 1
