命令: pnpm test:integration:worker
执行HEAD: d0806bc257fce1fba7ca7b320b79d6698ec6be45
Node: v24.20.0
开始UTC: 2026-10-07T17:44:31.911Z


> workmesh@ test:integration:worker C:\Users\xurx\.tds\workspaces\01a116f7-1027-7c75-90df-32ebc5488752
> node scripts/require-integration-env.mjs && pnpm --filter @workmesh/db test:reset && pnpm --filter @workmesh/worker test:integration


> @workmesh/db@ test:reset C:\Users\xurx\.tds\workspaces\01a116f7-1027-7c75-90df-32ebc5488752\packages\db
> tsx scripts/reset-test.ts


> @workmesh/worker@ test:integration C:\Users\xurx\.tds\workspaces\01a116f7-1027-7c75-90df-32ebc5488752\apps\worker
> vitest run --config ../../vitest.integration.config.ts --maxWorkers=1


 RUN  v3.2.7 C:/Users/xurx/.tds/workspaces/01a116f7-1027-7c75-90df-32ebc5488752/apps/worker

 ✓ integration/stage3-provider.integration.test.ts (14 tests) 6171ms
   ✓ Stage 3 provider webhook worker > makes duplicate commit webhooks a single projection effect  431ms
   ✓ Stage 3 provider webhook worker > recovers a stale webhook claim after a worker dies  402ms
   ✓ Stage 3 provider webhook worker > does not claim or effect webhook deliveries from a disabled provider  399ms
   ✓ Stage 3 provider webhook worker > revalidates the provider allowlist before every provider access and recovers released actions  454ms
   ✓ Stage 3 provider webhook worker > reconciles a webhook-first provider PR, retries prerequisite deliveries, and preserves exact provenance through merge  530ms
   ✓ Stage 3 provider webhook worker > dead-letters contradictory PR reconciliation and exhausted missing-PR delivery with audit outbox  447ms
   ✓ Stage 3 provider webhook worker > recovers and idempotently projects provider reviews with exact head and author provenance  376ms
   ✓ Stage 3 provider webhook worker > keeps pull request, check, review, and exact-head approval projections monotonic when old deliveries arrive late  434ms
   ✓ Stage 3 provider webhook worker > rolls back and then emits exactly one claim-owned terminal event for action, webhook, and upload rejection  408ms
   ✓ Stage 3 provider webhook worker > revalidates every queued provider mutation and audits revoked authority without a provider write  545ms
   ✓ Stage 3 provider webhook worker > reconciles a checkpointed provider result after revocation without repeating the provider mutation  440ms
   ✓ Stage 3 provider webhook worker > reconciles a provider-merged webhook race after a crash exactly once without a second merge  459ms
   ✓ Stage 3 provider webhook worker > expires a delayed merge approval without calling the provider  415ms
   ✓ Stage 3 provider webhook worker > invalidates exact-head authority and terminally fails when the live provider head drifts  382ms
 ✓ integration/stage1-lifecycle.integration.test.ts (6 tests) 2948ms
   ✓ stage 1 worker durability > treats receiver 409 as delivered and the durable ledger rejects duplicate delivery ids  363ms
   ✓ stage 1 worker durability > reconciles existing pending approvals under YOLO exactly once across worker restarts  465ms
   ✓ stage 1 worker durability > retries, reclaims after a crash, and dead-letters bounded failures without persisting receiver errors  401ms
   ✓ stage 1 worker durability > dead-letters a private target without sending and permits the explicit private-network override  578ms
   ✓ stage 1 worker durability > normalizes Work Item and project-only room targets before delivery or suppression  670ms
   ✓ stage 1 worker durability > handles ACK timeout/late ACK, heartbeat stale, stop grace, and approval expiry in durable transactions  440ms
 ✓ integration/stage4-automation.integration.test.ts (14 tests) 1806ms
   ✓ Stage 4 durable Automation and Loop runtime > admits a durable domain-event trigger exactly once across replay  340ms
 ✓ integration/retention.integration.test.ts (36 tests) 9887ms
   ✓ retention soak sampling > executes the formal sampling query against PostgreSQL  313ms
   ✓ retention worker destructive-path fences > fails closed on claim/segment and manifest fixed-cutoff mismatches  7662ms
 ✓ integration/stage2-lease.integration.test.ts (1 test) 429ms
   ✓ Stage 2 lease expiry worker > expires durable leases, appends an outbox-backed event, and permits reacquisition after expiry  397ms
 ✓ integration/outbox-recovery.integration.test.ts (5 tests) 447ms
 ✓ integration/realtime-redis.integration.test.ts (1 test) 207ms
 ✓ integration/auth-idempotency-cleanup.integration.test.ts (1 test) 52ms
 ↓ integration/retention-upgrade-barrier.integration.test.ts (1 test | 1 skipped)

 Test Files  8 passed | 1 skipped (9)
      Tests  78 passed | 1 skipped (79)
   Start at  01:44:36
   Duration  31.31s (transform 663ms, setup 0ms, collect 6.67s, tests 21.95s, environment 1ms, prepare 1.07s)


退出码: 0
