node:internal/modules/cjs/loader:1568
  throw err;
  ^

Error: Cannot find module '@aws-sdk/client-s3'
Require stack:
- C:\Users\xurx\.tds\workspaces\01a1187a-f4ff-735d-814f-a7b26f8cfdc5\apps\api/package.json
    at Module._resolveFilename (node:internal/modules/cjs/loader:1564:15)
    at wrapResolveFilename (node:internal/modules/cjs/loader:1118:27)
    at defaultResolveImplForCJSLoading (node:internal/modules/cjs/loader:1142:10)
    at resolveForCJSWithHooks (node:internal/modules/cjs/loader:1169:12)
    at Module._load (node:internal/modules/cjs/loader:1341:5)
    at wrapModuleLoad (node:internal/modules/cjs/loader:261:19)
    at Module.require (node:internal/modules/cjs/loader:1674:12)
    at require (node:internal/modules/helpers:157:16)
    at [eval]:1:184
    at runScriptInThisContext (node:internal/vm:219:10) {
  code: 'MODULE_NOT_FOUND',
  requireStack: [
    'C:\\Users\\xurx\\.tds\\workspaces\\01a1187a-f4ff-735d-814f-a7b26f8cfdc5\\apps\\api/package.json'
  ]
}

Node.js v24.20.0
