The files belonging to this database system will be owned by user "postgres".
This user must also own the server process.

The database cluster will be initialized with locale "en_US.utf8".
The default database encoding has accordingly been set to "UTF8".
The default text search configuration will be set to "english".

Data page checksums are disabled.

fixing permissions on existing directory /var/lib/postgresql/data ... ok
creating subdirectories ... ok
selecting dynamic shared memory implementation ... posix
selecting default max_connections ... 100
selecting default shared_buffers ... 128MB
selecting default time zone ... UTC
creating configuration files ... ok
running bootstrap script ... ok
sh: locale: not found
2026-10-08 16:05:26.398 UTC [35] WARNING:  no usable system locales were found
performing post-bootstrap initialization ... ok
syncing data to disk ... ok


Success. You can now start the database server using:

    pg_ctl -D /var/lib/postgresql/data -l logfile start

initdb: warning: enabling "trust" authentication for local connections
initdb: hint: You can change this by editing pg_hba.conf or using the option -A, or --auth-local and --auth-host, the next time you run initdb.
waiting for server to start....2026-10-08 16:05:26.797 UTC [41] LOG:  starting PostgreSQL 16.15 on x86_64-pc-linux-musl, compiled by gcc (Alpine 15.2.0) 15.2.0, 64-bit
2026-10-08 16:05:26.804 UTC [41] LOG:  listening on Unix socket "/var/run/postgresql/.s.PGSQL.5432"
2026-10-08 16:05:26.806 UTC [44] LOG:  database system was shut down at 2026-10-08 16:05:26 UTC
2026-10-08 16:05:26.811 UTC [41] LOG:  database system is ready to accept connections
 done
server started
CREATE DATABASE


/usr/local/bin/docker-entrypoint.sh: ignoring /docker-entrypoint-initdb.d/*

waiting for server to shut down....2026-10-08 16:05:26.951 UTC [41] LOG:  received fast shutdown request
2026-10-08 16:05:26.951 UTC [41] LOG:  aborting any active transactions
2026-10-08 16:05:26.953 UTC [41] LOG:  background worker "logical replication launcher" (PID 47) exited with exit code 1
2026-10-08 16:05:26.953 UTC [42] LOG:  shutting down
2026-10-08 16:05:26.953 UTC [42] LOG:  checkpoint starting: shutdown immediate
2026-10-08 16:05:26.958 UTC [42] LOG:  checkpoint complete: wrote 926 buffers (5.7%); 0 WAL file(s) added, 0 removed, 0 recycled; write=0.005 s, sync=0.001 s, total=0.006 s; sync files=301, longest=0.001 s, average=0.000 s; distance=4283 kB, estimate=4283 kB; lsn=0/1925D68, redo lsn=0/1925D68
2026-10-08 16:05:26.964 UTC [41] LOG:  database system is shut down
 done
server stopped

PostgreSQL init process complete; ready for start up.

2026-10-08 16:05:27.068 UTC [1] LOG:  starting PostgreSQL 16.15 on x86_64-pc-linux-musl, compiled by gcc (Alpine 15.2.0) 15.2.0, 64-bit
2026-10-08 16:05:27.068 UTC [1] LOG:  listening on IPv4 address "0.0.0.0", port 5432
2026-10-08 16:05:27.069 UTC [1] LOG:  listening on IPv6 address "::", port 5432
2026-10-08 16:05:27.070 UTC [1] LOG:  listening on Unix socket "/var/run/postgresql/.s.PGSQL.5432"
2026-10-08 16:05:27.072 UTC [63] LOG:  database system was shut down at 2026-10-08 16:05:26 UTC
2026-10-08 16:05:27.075 UTC [1] LOG:  database system is ready to accept connections
2026-10-08 16:10:27.171 UTC [61] LOG:  checkpoint starting: time
2026-10-08 16:10:31.387 UTC [61] LOG:  checkpoint complete: wrote 45 buffers (0.3%); 0 WAL file(s) added, 0 removed, 0 recycled; write=4.215 s, sync=0.001 s, total=4.216 s; sync files=12, longest=0.001 s, average=0.001 s; distance=261 kB, estimate=261 kB; lsn=0/19671D8, redo lsn=0/19671A0
2026-10-08 16:14:09.550 UTC [99] ERROR:  relation "migration_missing_relation" does not exist at character 13
2026-10-08 16:14:09.550 UTC [99] STATEMENT:  INSERT INTO migration_missing_relation(id) VALUES(1)
2026-10-08 16:14:24.708 UTC [104] ERROR:  duplicate key value violates unique constraint "context_snapshots_workspace_content_hash_key"
2026-10-08 16:14:24.708 UTC [104] DETAIL:  Key (workspace_id, content_hash)=(22589a5c-0ac0-4d9d-bb26-29bdd9f85a85, sha256:shared) already exists.
2026-10-08 16:14:24.708 UTC [104] STATEMENT:  INSERT INTO context_snapshots(workspace_id,manifest,content_hash) VALUES($1,'{}','sha256:shared')
2026-10-08 16:14:24.894 UTC [105] ERROR:  new row for relation "agent_sessions" violates check constraint "agent_sessions_retry_count_nonnegative"
2026-10-08 16:14:24.894 UTC [105] DETAIL:  Failing row contains (17f7e004-4011-463d-88e6-1e000f77f421, ca8f1d35-ec9a-41f8-812e-920864c803f5, 41db085f-f33c-4851-ac7d-690034774791, 106265b7-37a6-4783-80ce-3cb773f3211f, 9c232d1f-31d8-40c4-ab41-36b8c4f41dd2, c807cd5c-6d1e-4357-a698-54b0dcbcbf72, null, e10dbc68-71e2-47a5-8b7f-5c39f4623759, null, null, queued, null, 0, 1, null, null, {}, [], null, null, null, null, null, [], null, null, null, null, 2026-10-08 16:14:24.893809+00, 2026-10-08 16:14:24.893809+00, null, null, -1, 8, {}, f, null, null, healthy, 2026-10-08 16:14:24.893809+00, null, null, {}, null, null).
2026-10-08 16:14:24.894 UTC [105] STATEMENT:  INSERT INTO agent_sessions(workspace_id,team_id,agent_id,agent_actor_id,delegation_id,work_item_id,retry_count) VALUES($1,$2,$3,$4,$5,$6,-1)
2026-10-08 16:14:24.911 UTC [106] ERROR:  new row for relation "agent_sessions" violates check constraint "agent_sessions_retry_not_self"
2026-10-08 16:14:24.911 UTC [106] DETAIL:  Failing row contains (f10591bd-6d9d-4c76-b46c-52138fe3225f, ca8f1d35-ec9a-41f8-812e-920864c803f5, 41db085f-f33c-4851-ac7d-690034774791, 106265b7-37a6-4783-80ce-3cb773f3211f, 9c232d1f-31d8-40c4-ab41-36b8c4f41dd2, c807cd5c-6d1e-4357-a698-54b0dcbcbf72, null, e10dbc68-71e2-47a5-8b7f-5c39f4623759, null, null, queued, null, 0, 1, null, null, {}, [], null, null, null, null, null, [], null, null, null, null, 2026-10-08 16:14:24.906561+00, 2026-10-08 16:14:24.906561+00, f10591bd-6d9d-4c76-b46c-52138fe3225f, null, 1, 8, {}, f, null, null, healthy, 2026-10-08 16:14:24.906561+00, null, null, {}, null, null).
2026-10-08 16:14:24.911 UTC [106] STATEMENT:  INSERT INTO agent_sessions(id,workspace_id,team_id,agent_id,agent_actor_id,delegation_id,work_item_id,retry_of_session_id,retry_count) VALUES($1,$2,$3,$4,$5,$6,$7,$1,1)
2026-10-08 16:14:27.209 UTC [107] ERROR:  insert or update on table "work_items" violates foreign key constraint "work_items_workspace_team_fk"
2026-10-08 16:14:27.209 UTC [107] DETAIL:  Key (workspace_id, team_id)=(aea4289b-3984-4277-b7a3-414c9fa91da4, 79eac433-2f8e-479f-bd68-4f36ba8c4d64) is not present in table "teams".
2026-10-08 16:14:27.209 UTC [107] STATEMENT:  INSERT INTO work_items(workspace_id,team_id,number,title,status_id) VALUES($1,$2,1,'Invalid',$3)
2026-10-08 16:14:27.246 UTC [108] ERROR:  insert or update on table "comments" violates foreign key constraint "comments_same_channel_parent_fk"
2026-10-08 16:14:27.246 UTC [108] DETAIL:  Key (channel_id, parent_comment_id)=(d2f0ef0a-75b2-4dbb-afd1-f4d4edd846ab, 908a0b25-2a56-481e-826d-7f084b61b3db) is not present in table "comments".
2026-10-08 16:14:27.246 UTC [108] STATEMENT:  INSERT INTO comments(workspace_id,channel_id,author_actor_id,parent_comment_id,body) VALUES($1,$2,$3,$4,$5)
2026-10-08 16:14:27.266 UTC [109] ERROR:  COMMENT_MENTION_REQUIRES_HUMAN_ACTOR
2026-10-08 16:14:27.266 UTC [109] CONTEXT:  PL/pgSQL function enforce_human_comment_mention() line 7 at RAISE
2026-10-08 16:14:27.266 UTC [109] STATEMENT:  INSERT INTO comment_mentions(workspace_id,comment_id,actor_id) VALUES($1,$2,$3)
2026-10-08 16:14:32.283 UTC [111] ERROR:  duplicate key value violates unique constraint "actors_workspace_id_email_key"
2026-10-08 16:14:32.283 UTC [111] DETAIL:  Key (workspace_id, email)=(2820cd74-05f0-47d4-9db5-72117e0d5cf5, bob@example.test) already exists.
2026-10-08 16:14:32.283 UTC [111] STATEMENT:  INSERT INTO actors(workspace_id,kind,workspace_role,email,display_name,password_hash) VALUES($1,'human','admin',$2,$3,$4) RETURNING id
2026-10-08 16:14:32.290 UTC [111] ERROR:  new row for relation "outbox_events" violates check constraint "outbox_events_attempt_count_range"
2026-10-08 16:14:32.290 UTC [111] DETAIL:  Failing row contains (4d03939a-8699-4ffd-b5f7-ea4b948d752d, 1dc3f38b-6771-455c-93bc-5ed784649c24, workspace.installed, 2820cd74-05f0-47d4-9db5-72117e0d5cf5, pending, 9, 2026-10-08 16:14:31.716446+00, null, null, null, null, 2026-10-08 16:14:31.716446+00).
2026-10-08 16:14:32.290 UTC [111] STATEMENT:  UPDATE outbox_events SET attempt_count=9 WHERE id=$1
2026-10-08 16:14:34.842 UTC [110] ERROR:  insert or update on table "delegations" violates foreign key constraint "delegations_workspace_id_team_id_work_item_id_fkey"
2026-10-08 16:14:34.842 UTC [110] DETAIL:  Key (workspace_id, team_id, work_item_id)=(cc495593-c3c5-40da-bc0a-8cdad85cec3b, d2751515-b636-434b-b9a9-e6994ce6b29e, 91198ffc-1a26-4320-a5b0-38ec6d33bfea) is not present in table "work_items".
2026-10-08 16:14:34.842 UTC [110] STATEMENT:  INSERT INTO delegations(workspace_id,team_id,agent_id,agent_actor_id,principal_human_actor_id,work_item_id,role,scope_type,scope_id) VALUES($1,$2,$3,$4,$5,$6,'executor','work_item',$6)
2026-10-08 16:14:34.861 UTC [112] ERROR:  duplicate key value violates unique constraint "delegations_one_active_executor_per_work_item"
2026-10-08 16:14:34.861 UTC [112] DETAIL:  Key (work_item_id)=(91198ffc-1a26-4320-a5b0-38ec6d33bfea) already exists.
2026-10-08 16:14:34.861 UTC [112] STATEMENT:  INSERT INTO delegations(workspace_id,team_id,agent_id,agent_actor_id,principal_human_actor_id,work_item_id,role,scope_type,scope_id) VALUES($1,$2,$3,$4,$5,$6,'executor','work_item',$6)
2026-10-08 16:14:34.881 UTC [113] ERROR:  IMMUTABLE_STAGE1_FACT
2026-10-08 16:14:34.881 UTC [113] CONTEXT:  PL/pgSQL function prevent_stage1_fact_mutation() line 1 at RAISE
2026-10-08 16:14:34.881 UTC [113] STATEMENT:  UPDATE context_snapshots SET manifest='{"changed":true}' WHERE id=$1
2026-10-08 16:14:34.913 UTC [114] ERROR:  IMMUTABLE_STAGE1_FACT
2026-10-08 16:14:34.913 UTC [114] CONTEXT:  PL/pgSQL function prevent_stage1_fact_mutation() line 1 at RAISE
2026-10-08 16:14:34.913 UTC [114] STATEMENT:  UPDATE agent_plan_versions SET change_summary='Mutated' WHERE id=$1
2026-10-08 16:14:34.929 UTC [115] ERROR:  duplicate key value violates unique constraint "agent_activities_session_id_sequence_key"
2026-10-08 16:14:34.929 UTC [115] DETAIL:  Key (session_id, sequence)=(901d9a45-2db3-492f-8c57-f672860fc255, 1) already exists.
2026-10-08 16:14:34.929 UTC [115] STATEMENT:  INSERT INTO agent_activities(session_id,actor_id,sequence,kind,summary) VALUES($1,$2,1,'ack','Duplicate')
2026-10-08 16:14:36.763 UTC [116] ERROR:  duplicate key value violates unique constraint "agent_session_tokens_one_live_exchange"
2026-10-08 16:14:36.763 UTC [116] DETAIL:  Key (session_id)=(e00bf98d-60f1-49c6-b3ba-5f9baf0c5fe9) already exists.
2026-10-08 16:14:36.763 UTC [116] STATEMENT:  INSERT INTO agent_session_tokens(session_id,agent_id,installation_token_id,token_hash,exchange_nonce_hash,expires_at) VALUES($1,$2,$3,'token-two','nonce-two',now()+interval '5 minutes')
2026-10-08 16:14:36.783 UTC [117] ERROR:  duplicate key value violates unique constraint "agent_webhook_deliveries_agent_id_delivery_id_key"
2026-10-08 16:14:36.783 UTC [117] DETAIL:  Key (agent_id, delivery_id)=(b7c35a61-0435-4ac1-b20d-1ab06128fb4e, delivery-1) already exists.
2026-10-08 16:14:36.783 UTC [117] STATEMENT:  INSERT INTO agent_webhook_deliveries(agent_id,endpoint_id,secret_version,delivery_id,event_type,session_id) VALUES($1,$2,1,'delivery-1','agent.session.created',$3)
2026-10-08 16:14:42.631 UTC [123] ERROR:  new row for relation "agent_sessions" violates check constraint "agent_sessions_external_urls_array_check"
2026-10-08 16:14:42.631 UTC [123] DETAIL:  Failing row contains (a415e21e-d1c7-4aa9-a34d-1a92ab066054, ce77fe49-68f1-499d-8e53-f2f13f2991e2, 832da2d8-7863-4f64-821a-7f29cb941a75, 47c16ee3-0506-4aec-afd8-b8a34eacc275, 0fe2f3d8-e3e1-447a-bcd7-2180015db4f2, 452ce216-3c90-4b3f-9001-2421f90f5071, null, b7fcdb41-9c62-46de-8df3-00e645662deb, null, null, queued, null, 0, 1, null, null, {}, {}, null, null, null, null, null, [], null, null, null, null, 2026-10-08 16:14:42.63069+00, 2026-10-08 16:14:42.63069+00, null, null, 0, 8, {}, f, null, null, healthy, 2026-10-08 16:14:42.63069+00, null, null, {}, null, null).
2026-10-08 16:14:42.631 UTC [123] STATEMENT:  INSERT INTO agent_sessions(
	         workspace_id,team_id,agent_id,agent_actor_id,
	    delegation_id,work_item_id,external_urls
	       ) VALUES(
	         $1,$2,$3,$4,$5,$6,$7::jsonb
	       ) RETURNING id
2026-10-08 16:14:42.645 UTC [124] ERROR:  new row for relation "api_idempotency_keys" violates check constraint "api_idempotency_ack_session_external_urls_array_check"
2026-10-08 16:14:42.645 UTC [124] DETAIL:  Failing row contains (ce77fe49-68f1-499d-8e53-f2f13f2991e2, 0fe2f3d8-e3e1-447a-bcd7-2180015db4f2, clean-invalid-ack, sha256:aaaaaaaaaaaaaaaaaaaaaaaaaaaaaaaaaaaaaaaaaaaaaaaaaaaaaaaaa..., 200, {"external_urls": {}}, 2026-10-08 16:14:42.643186+00, acknowledgeAgentSession, 2026-10-09 16:14:42.643186+00, 2026-11-07 16:14:42.643186+00).
2026-10-08 16:14:42.645 UTC [124] STATEMENT:  INSERT INTO api_idempotency_keys(
	       workspace_id,actor_id,idempotency_key,operation,request_hash,
	       response_status,response_body
	     ) VALUES($1,$2,$3,$4,$5,$6,$7::jsonb)
2026-10-08 16:14:42.906 UTC [121] ERROR:  check constraint "agent_sessions_external_urls_array_check" of relation "agent_sessions" is violated by some row
2026-10-08 16:14:42.906 UTC [121] STATEMENT:  ALTER TABLE agent_sessions
	  ADD CONSTRAINT agent_sessions_external_urls_array_check
	  CHECK (jsonb_typeof(external_urls) = 'array') NOT VALID;

	ALTER TABLE api_idempotency_keys
	  ADD CONSTRAINT api_idempotency_ack_session_external_urls_array_check
	  CHECK (
	    operation <> 'acknowledgeAgentSession'
	    OR response_body IS NULL
	    OR COALESCE(
	      jsonb_typeof(response_body) = 'object'
	      AND jsonb_typeof(response_body->'external_urls') = 'array',
	      false
	    )
	  ) NOT VALID;

	UPDATE agent_sessions
	  SET external_urls = '[]'::jsonb
	  WHERE external_urls = '{}'::jsonb;

	UPDATE api_idempotency_keys
	  SET response_body = jsonb_set(
	    response_body,
	    '{external_urls}',
	    '[]'::jsonb,
	    false
	  )
	  WHERE operation = 'acknowledgeAgentSession'
	    AND response_body->'external_urls' = '{}'::jsonb;

	ALTER TABLE agent_sessions
	  VALIDATE CONSTRAINT agent_sessions_external_urls_array_check;

	ALTER TABLE api_idempotency_keys
	  VALIDATE CONSTRAINT api_idempotency_ack_session_external_urls_array_check;
2026-10-08 16:14:43.075 UTC [121] ERROR:  check constraint "api_idempotency_ack_session_external_urls_array_check" of relation "api_idempotency_keys" is violated by some row
2026-10-08 16:14:43.075 UTC [121] STATEMENT:  ALTER TABLE agent_sessions
	  ADD CONSTRAINT agent_sessions_external_urls_array_check
	  CHECK (jsonb_typeof(external_urls) = 'array') NOT VALID;

	ALTER TABLE api_idempotency_keys
	  ADD CONSTRAINT api_idempotency_ack_session_external_urls_array_check
	  CHECK (
	    operation <> 'acknowledgeAgentSession'
	    OR response_body IS NULL
	    OR COALESCE(
	      jsonb_typeof(response_body) = 'object'
	      AND jsonb_typeof(response_body->'external_urls') = 'array',
	      false
	    )
	  ) NOT VALID;

	UPDATE agent_sessions
	  SET external_urls = '[]'::jsonb
	  WHERE external_urls = '{}'::jsonb;

	UPDATE api_idempotency_keys
	  SET response_body = jsonb_set(
	    response_body,
	    '{external_urls}',
	    '[]'::jsonb,
	    false
	  )
	  WHERE operation = 'acknowledgeAgentSession'
	    AND response_body->'external_urls' = '{}'::jsonb;

	ALTER TABLE agent_sessions
	  VALIDATE CONSTRAINT agent_sessions_external_urls_array_check;

	ALTER TABLE api_idempotency_keys
	  VALIDATE CONSTRAINT api_idempotency_ack_session_external_urls_array_check;
2026-10-08 16:14:43.367 UTC [122] ERROR:  check constraint "agent_sessions_external_urls_array_check" of relation "agent_sessions" is violated by some row
2026-10-08 16:14:43.367 UTC [122] STATEMENT:  ALTER TABLE agent_sessions
	  ADD CONSTRAINT agent_sessions_external_urls_array_check
	  CHECK (jsonb_typeof(external_urls) = 'array') NOT VALID;

	ALTER TABLE api_idempotency_keys
	  ADD CONSTRAINT api_idempotency_ack_session_external_urls_array_check
	  CHECK (
	    operation <> 'acknowledgeAgentSession'
	    OR response_body IS NULL
	    OR COALESCE(
	      jsonb_typeof(response_body) = 'object'
	      AND jsonb_typeof(response_body->'external_urls') = 'array',
	      false
	    )
	  ) NOT VALID;

	UPDATE agent_sessions
	  SET external_urls = '[]'::jsonb
	  WHERE external_urls = '{}'::jsonb;

	UPDATE api_idempotency_keys
	  SET response_body = jsonb_set(
	    response_body,
	    '{external_urls}',
	    '[]'::jsonb,
	    false
	  )
	  WHERE operation = 'acknowledgeAgentSession'
	    AND response_body->'external_urls' = '{}'::jsonb;

	ALTER TABLE agent_sessions
	  VALIDATE CONSTRAINT agent_sessions_external_urls_array_check;

	ALTER TABLE api_idempotency_keys
	  VALIDATE CONSTRAINT api_idempotency_ack_session_external_urls_array_check;
2026-10-08 16:14:43.556 UTC [122] ERROR:  check constraint "api_idempotency_ack_session_external_urls_array_check" of relation "api_idempotency_keys" is violated by some row
2026-10-08 16:14:43.556 UTC [122] STATEMENT:  ALTER TABLE agent_sessions
	  ADD CONSTRAINT agent_sessions_external_urls_array_check
	  CHECK (jsonb_typeof(external_urls) = 'array') NOT VALID;

	ALTER TABLE api_idempotency_keys
	  ADD CONSTRAINT api_idempotency_ack_session_external_urls_array_check
	  CHECK (
	    operation <> 'acknowledgeAgentSession'
	    OR response_body IS NULL
	    OR COALESCE(
	      jsonb_typeof(response_body) = 'object'
	      AND jsonb_typeof(response_body->'external_urls') = 'array',
	      false
	    )
	  ) NOT VALID;

	UPDATE agent_sessions
	  SET external_urls = '[]'::jsonb
	  WHERE external_urls = '{}'::jsonb;

	UPDATE api_idempotency_keys
	  SET response_body = jsonb_set(
	    response_body,
	    '{external_urls}',
	    '[]'::jsonb,
	    false
	  )
	  WHERE operation = 'acknowledgeAgentSession'
	    AND response_body->'external_urls' = '{}'::jsonb;

	ALTER TABLE agent_sessions
	  VALIDATE CONSTRAINT agent_sessions_external_urls_array_check;

	ALTER TABLE api_idempotency_keys
	  VALIDATE CONSTRAINT api_idempotency_ack_session_external_urls_array_check;
2026-10-08 16:14:43.569 UTC [61] LOG:  checkpoint starting: immediate force wait
2026-10-08 16:14:43.718 UTC [61] LOG:  checkpoint complete: wrote 14016 buffers (85.5%); 0 WAL file(s) added, 0 removed, 19 recycled; write=0.058 s, sync=0.055 s, total=0.149 s; sync files=27191, longest=0.001 s, average=0.001 s; distance=305546 kB, estimate=305546 kB; lsn=0/143C9CA0, redo lsn=0/143C9C68
2026-10-08 16:14:43.727 UTC [61] LOG:  checkpoint starting: immediate force wait
2026-10-08 16:14:43.728 UTC [61] LOG:  checkpoint complete: wrote 2 buffers (0.0%); 0 WAL file(s) added, 0 removed, 0 recycled; write=0.001 s, sync=0.001 s, total=0.001 s; sync files=2, longest=0.001 s, average=0.001 s; distance=1 kB, estimate=274992 kB; lsn=0/143CA3D8, redo lsn=0/143CA3A0
2026-10-08 16:14:43.733 UTC [61] LOG:  checkpoint starting: immediate force wait
2026-10-08 16:14:43.734 UTC [61] LOG:  checkpoint complete: wrote 2 buffers (0.0%); 0 WAL file(s) added, 0 removed, 0 recycled; write=0.001 s, sync=0.001 s, total=0.001 s; sync files=2, longest=0.001 s, average=0.001 s; distance=1 kB, estimate=247493 kB; lsn=0/143CAAF8, redo lsn=0/143CAAC0
2026-10-08 16:14:43.740 UTC [61] LOG:  checkpoint starting: immediate force wait
2026-10-08 16:14:43.741 UTC [61] LOG:  checkpoint complete: wrote 2 buffers (0.0%); 0 WAL file(s) added, 0 removed, 0 recycled; write=0.001 s, sync=0.001 s, total=0.001 s; sync files=2, longest=0.001 s, average=0.001 s; distance=1 kB, estimate=222744 kB; lsn=0/143CB218, redo lsn=0/143CB1E0
2026-10-08 16:14:54.532 UTC [126] ERROR:  INBOX_REPLY_MESSAGE_SCOPE_MISMATCH
2026-10-08 16:14:54.532 UTC [126] CONTEXT:  PL/pgSQL function enforce_inbox_receipt_scope() line 45 at RAISE
2026-10-08 16:14:54.532 UTC [126] STATEMENT:  INSERT INTO inbox_item_receipts(inbox_item_id,workspace_id,actor_id,session_id,kind,reply_message_id,correlation_id,idempotency_key) VALUES($1,$2,$3,$4,'replied',$5,'new-foreign','new-foreign')
2026-10-08 16:14:54.564 UTC [127] ERROR:  INBOX_REPLY_MESSAGE_SCOPE_MISMATCH
2026-10-08 16:14:54.564 UTC [127] CONTEXT:  PL/pgSQL function enforce_inbox_receipt_scope() line 45 at RAISE
2026-10-08 16:14:54.564 UTC [127] STATEMENT:  INSERT INTO inbox_item_receipts(inbox_item_id,workspace_id,actor_id,session_id,kind,reply_message_id,correlation_id,idempotency_key) VALUES($1,$2,$3,$4,'replied',$5,'new-unrelated','new-unrelated')
2026-10-08 16:14:56.857 UTC [128] ERROR:  insert or update on table "room_message_session_recipients" violates foreign key constraint "room_message_session_recipients_workspace_id_message_id_fkey"
2026-10-08 16:14:56.857 UTC [128] DETAIL:  Key (workspace_id, message_id)=(1b88717f-2efd-4822-a17a-a4e80630ee10, 2d45386e-3974-4fb0-879a-2bf1b2868858) is not present in table "room_messages".
2026-10-08 16:14:56.857 UTC [128] STATEMENT:  INSERT INTO room_message_session_recipients(message_id,workspace_id,session_id,actor_id) VALUES($1,$2,$3,$4)
2026-10-08 16:14:56.874 UTC [129] ERROR:  INBOX_RECEIPT_RECIPIENT_MISMATCH
2026-10-08 16:14:56.874 UTC [129] CONTEXT:  PL/pgSQL function enforce_inbox_receipt_scope() line 27 at RAISE
2026-10-08 16:14:56.874 UTC [129] STATEMENT:  INSERT INTO inbox_item_receipts(inbox_item_id,workspace_id,actor_id,session_id,kind,correlation_id,idempotency_key) VALUES($1,$2,$3,$4,'read','cross-workspace','cross-workspace')
2026-10-08 16:14:56.899 UTC [130] ERROR:  INBOX_RECEIPT_RECIPIENT_MISMATCH
2026-10-08 16:14:56.899 UTC [130] CONTEXT:  PL/pgSQL function enforce_inbox_receipt_scope() line 27 at RAISE
2026-10-08 16:14:56.899 UTC [130] STATEMENT:  INSERT INTO inbox_item_receipts(inbox_item_id,workspace_id,actor_id,session_id,kind,correlation_id,idempotency_key) VALUES($1,$2,$3,$4,'read','sibling','sibling')
2026-10-08 16:14:56.937 UTC [131] ERROR:  INBOX_RECEIPT_RECIPIENT_MISMATCH
2026-10-08 16:14:56.937 UTC [131] CONTEXT:  PL/pgSQL function enforce_inbox_receipt_scope() line 27 at RAISE
2026-10-08 16:14:56.937 UTC [131] STATEMENT:  INSERT INTO inbox_item_receipts(inbox_item_id,workspace_id,actor_id,session_id,kind,correlation_id,idempotency_key) VALUES($1,$2,$3,$4,'read','foreign-actor','foreign-actor')
2026-10-08 16:14:56.971 UTC [132] ERROR:  INBOX_REPLY_MESSAGE_SCOPE_MISMATCH
2026-10-08 16:14:56.971 UTC [132] CONTEXT:  PL/pgSQL function enforce_inbox_receipt_scope() line 45 at RAISE
2026-10-08 16:14:56.971 UTC [132] STATEMENT:  INSERT INTO inbox_item_receipts(inbox_item_id,workspace_id,actor_id,session_id,kind,reply_message_id,correlation_id,idempotency_key) VALUES($1,$2,$3,$4,'replied',$5,'wrong-room','wrong-room')
2026-10-08 16:14:57.001 UTC [133] ERROR:  INBOX_REPLY_MESSAGE_SCOPE_MISMATCH
2026-10-08 16:14:57.001 UTC [133] CONTEXT:  PL/pgSQL function enforce_inbox_receipt_scope() line 45 at RAISE
2026-10-08 16:14:57.001 UTC [133] STATEMENT:  INSERT INTO inbox_item_receipts(inbox_item_id,workspace_id,actor_id,session_id,kind,reply_message_id,correlation_id,idempotency_key) VALUES($1,$2,$3,$4,'replied',$5,'foreign-author','foreign-author')
2026-10-08 16:14:57.029 UTC [134] ERROR:  INBOX_REPLY_MESSAGE_SCOPE_MISMATCH
2026-10-08 16:14:57.029 UTC [134] CONTEXT:  PL/pgSQL function enforce_inbox_receipt_scope() line 45 at RAISE
2026-10-08 16:14:57.029 UTC [134] STATEMENT:  INSERT INTO inbox_item_receipts(inbox_item_id,workspace_id,actor_id,session_id,kind,reply_message_id,correlation_id,idempotency_key) VALUES($1,$2,$3,$4,'replied',$5,'unrelated-message','unrelated-message')
2026-10-08 16:14:57.064 UTC [135] ERROR:  new row for relation "handoffs" violates check constraint "handoffs_check"
2026-10-08 16:14:57.064 UTC [135] DETAIL:  Failing row contains (02703953-3f04-4003-8376-e8b911dd1b8b, f7fefdd9-5856-45c9-bf5d-d7013b1c7c19, 5ea1a2a2-3071-4628-8e91-532aee5e4deb, null, null, null, null, invalid, [], [], null, {}, [], [], [], null, retain, {}, draft, null, null, null, null, null, {}, 1, 2026-10-08 16:14:57.063003+00, null, null, null).
2026-10-08 16:14:57.064 UTC [135] STATEMENT:  INSERT INTO handoffs(workspace_id,from_session_id,summary,target_skill,target_agent_id) VALUES($1,$2,'invalid',NULL,NULL)
2026-10-08 16:14:57.076 UTC [136] ERROR:  new row for relation "handoffs" violates check constraint "handoffs_check"
2026-10-08 16:14:57.076 UTC [136] DETAIL:  Failing row contains (96ac4778-edb3-4d03-a662-24167a868115, f7fefdd9-5856-45c9-bf5d-d7013b1c7c19, 5ea1a2a2-3071-4628-8e91-532aee5e4deb, 558a2061-8c20-4da1-9f4a-7909b11860f7, skill, null, null, invalid, [], [], null, {}, [], [], [], null, retain, {}, draft, null, null, null, null, null, {}, 1, 2026-10-08 16:14:57.074351+00, null, null, null).
2026-10-08 16:14:57.076 UTC [136] STATEMENT:  INSERT INTO handoffs(workspace_id,from_session_id,summary,target_skill,target_agent_id) VALUES($1,$2,'invalid','skill',$3)
2026-10-08 16:14:57.098 UTC [137] ERROR:  duplicate key value violates unique constraint "routing_attempts_workspace_id_handoff_id_attempt_key_key"
2026-10-08 16:14:57.098 UTC [137] DETAIL:  Key (workspace_id, handoff_id, attempt_key)=(f7fefdd9-5856-45c9-bf5d-d7013b1c7c19, 3ed66c7e-e886-4e5c-b7a4-2641a8806f76, attempt-1) already exists.
2026-10-08 16:14:57.098 UTC [137] STATEMENT:  INSERT INTO routing_attempts(workspace_id,handoff_id,source_session_id,attempt_key,candidate_count,outcome) VALUES($1,$2,$3,'attempt-1',0,'no_candidate')
2026-10-08 16:14:57.114 UTC [138] ERROR:  IMMUTABLE_STAGE2_FACT
2026-10-08 16:14:57.114 UTC [138] CONTEXT:  PL/pgSQL function prevent_stage2_fact_mutation() line 1 at RAISE
2026-10-08 16:14:57.114 UTC [138] STATEMENT:  UPDATE routing_attempts SET failure_code='CHANGED' WHERE handoff_id=$1
2026-10-08 16:14:57.140 UTC [139] ERROR:  duplicate key value violates unique constraint "decision_transition_consumptions_target_decision_id_key"
2026-10-08 16:14:57.140 UTC [139] DETAIL:  Key (target_decision_id)=(0d45f7fc-9c08-466d-bbc8-c0ffc38d84e1) already exists.
2026-10-08 16:14:57.140 UTC [139] STATEMENT:  INSERT INTO decision_transition_consumptions(target_decision_id,transition_type,derived_decision_id,consumed_by_actor_id) VALUES($1,'reverse',$2,$3)
2026-10-08 16:14:57.151 UTC [140] ERROR:  IMMUTABLE_STAGE2_FACT
2026-10-08 16:14:57.151 UTC [140] CONTEXT:  PL/pgSQL function prevent_stage2_fact_mutation() line 1 at RAISE
2026-10-08 16:14:57.151 UTC [140] STATEMENT:  UPDATE decision_transition_consumptions SET transition_type='reverse' WHERE target_decision_id=$1
2026-10-08 16:14:57.177 UTC [141] ERROR:  duplicate key value violates unique constraint "leases_active_exclusive_resource"
2026-10-08 16:14:57.177 UTC [141] DETAIL:  Key (workspace_id, resource_type, resource_id)=(f7fefdd9-5856-45c9-bf5d-d7013b1c7c19, plan_step, 2635aa1f-c57e-40cd-9440-8d6997fed277) already exists.
2026-10-08 16:14:57.177 UTC [141] STATEMENT:  INSERT INTO leases(workspace_id,session_id,resource_type,resource_id,kind,reason,expires_at) VALUES($1,$2,'plan_step',$3,'exclusive','duplicate',now()+interval '1 minute')
2026-10-08 16:15:01.467 UTC [144] ERROR:  new row for relation "decisions" violates check constraint "decisions_check"
2026-10-08 16:15:01.467 UTC [144] DETAIL:  Failing row contains (6da47d4b-1e97-40c4-8db0-2c228b9236ac, 1bfdf70b-0c00-459c-933f-e3911b716072, 4d7cc6cd-f86b-4ccb-af8a-09e1a2efacfe, null, 0f929161-22b3-49ff-af3a-8322bfb34135, 360c4c27-f18d-4098-8fbd-f7226efd88c5, null, Pre-upgrade provenance, Old constraint rejects this, [], null, [], proposed, 1, 2026-10-08 16:15:01.466978+00, null).
2026-10-08 16:15:01.467 UTC [144] STATEMENT:  INSERT INTO decisions(
	         workspace_id,work_item_id,session_id,proposed_by_actor_id,title,rationale
	       ) VALUES($1,$2,$3,$4,'Pre-upgrade provenance','Old constraint rejects this')
2026-10-08 16:15:01.789 UTC [145] ERROR:  new row for relation "decisions" violates check constraint "decisions_subject_check"
2026-10-08 16:15:01.789 UTC [145] DETAIL:  Failing row contains (3d192c32-dfc8-4863-832f-101057c097d6, 1bfdf70b-0c00-459c-933f-e3911b716072, null, null, null, 360c4c27-f18d-4098-8fbd-f7226efd88c5, null, Missing subject, Must fail, [], null, [], proposed, 1, 2026-10-08 16:15:01.789127+00, null).
2026-10-08 16:15:01.789 UTC [145] STATEMENT:  INSERT INTO decisions(
	       workspace_id,proposed_by_actor_id,title,rationale
	     ) VALUES($1,$2,'Missing subject','Must fail')
2026-10-08 16:15:01.801 UTC [146] ERROR:  new row for relation "decisions" violates check constraint "decisions_subject_check"
2026-10-08 16:15:01.801 UTC [146] DETAIL:  Failing row contains (f0a96b0d-eed2-4b9c-8e85-93d6131ed572, 1bfdf70b-0c00-459c-933f-e3911b716072, 4d7cc6cd-f86b-4ccb-af8a-09e1a2efacfe, 644ceedd-de7d-4f16-b808-6753f77aaea2, 0f929161-22b3-49ff-af3a-8322bfb34135, 360c4c27-f18d-4098-8fbd-f7226efd88c5, null, Multiple resource subjects, Must fail, [], null, [], proposed, 1, 2026-10-08 16:15:01.800352+00, null).
2026-10-08 16:15:01.801 UTC [146] STATEMENT:  INSERT INTO decisions(
	       workspace_id,work_item_id,project_id,session_id,
	       proposed_by_actor_id,title,rationale
	     ) VALUES($1,$2,$3,$4,$5,'Multiple resource subjects','Must fail')
2026-10-08 16:15:04.081 UTC [147] ERROR:  new row for relation "decisions" violates check constraint "decisions_subject_check"
2026-10-08 16:15:04.081 UTC [147] DETAIL:  Failing row contains (b6dfa292-5910-4ced-8d05-b1985ddcf9d0, 2ca8a58f-4012-4005-b6f2-85d52bc69440, null, null, null, 801cc8bf-d1d2-481f-bb78-fd09de898d54, null, Missing subject, Must fail, [], null, [], proposed, 1, 2026-10-08 16:15:04.081366+00, null).
2026-10-08 16:15:04.081 UTC [147] STATEMENT:  INSERT INTO decisions(
	       workspace_id,proposed_by_actor_id,title,rationale
	     ) VALUES($1,$2,'Missing subject','Must fail')
2026-10-08 16:15:04.098 UTC [148] ERROR:  new row for relation "decisions" violates check constraint "decisions_subject_check"
2026-10-08 16:15:04.098 UTC [148] DETAIL:  Failing row contains (66000327-78fb-437b-afcf-569c574f3d95, 2ca8a58f-4012-4005-b6f2-85d52bc69440, 6fc76d61-452e-4fad-a3be-2b281a3f93a7, de98252f-8556-4230-aa4b-2ecd40ad3adf, 694bc064-ff59-43ab-9e58-c62cdaf0c981, 801cc8bf-d1d2-481f-bb78-fd09de898d54, null, Multiple resource subjects, Must fail, [], null, [], proposed, 1, 2026-10-08 16:15:04.097135+00, null).
2026-10-08 16:15:04.098 UTC [148] STATEMENT:  INSERT INTO decisions(
	       workspace_id,work_item_id,project_id,session_id,
	       proposed_by_actor_id,title,rationale
	     ) VALUES($1,$2,$3,$4,$5,'Multiple resource subjects','Must fail')
2026-10-08 16:15:15.691 UTC [153] ERROR:  new row for relation "event_archive_segments" violates check constraint "event_archive_segments_object_version_state_check"
2026-10-08 16:15:15.691 UTC [153] DETAIL:  Failing row contains (c110fa66-2e9b-466f-a208-a49c1592e876, 2acb7d25-4db8-4e70-b709-55cc970058ad, 1, 1, 2026-07-01 02:03:04.567+00, 1, durable-plan, null, 1, sha256:bbbbbbbbbbbbbbbbbbbbbbbbbbbbbbbbbbbbbbbbbbbbbbbbbbbbbbbbb..., sha256:aaaaaaaaaaaaaaaaaaaaaaaaaaaaaaaaaaaaaaaaaaaaaaaaaaaaaaaaa..., {"fixedCutoffAt": "2026-07-01T02:03:04.567Z"}, uploaded, 2027-10-09 16:15:15.686053+00, 2026-10-08 16:15:15.690525+00, null, null, null, 2026-10-08 16:15:15.686053+00, 2026-10-08 16:15:15.686053+00, pending_exact, 0, null, null, 7).
2026-10-08 16:15:15.691 UTC [153] STATEMENT:  UPDATE event_archive_segments
	            SET state='uploaded',uploaded_at=now()
	          WHERE id=$1
2026-10-08 16:15:15.707 UTC [154] ERROR:  new row for relation "event_archive_segments" violates check constraint "event_archive_segments_object_version_state_check"
2026-10-08 16:15:15.707 UTC [154] DETAIL:  Failing row contains (c110fa66-2e9b-466f-a208-a49c1592e876, 2acb7d25-4db8-4e70-b709-55cc970058ad, 1, 1, 2026-07-01 02:03:04.567+00, 1, durable-plan, version-before-upload, 1, sha256:bbbbbbbbbbbbbbbbbbbbbbbbbbbbbbbbbbbbbbbbbbbbbbbbbbbbbbbbb..., sha256:aaaaaaaaaaaaaaaaaaaaaaaaaaaaaaaaaaaaaaaaaaaaaaaaaaaaaaaaa..., {"fixedCutoffAt": "2026-07-01T02:03:04.567Z"}, planned, 2027-10-09 16:15:15.686053+00, null, null, null, null, 2026-10-08 16:15:15.686053+00, 2026-10-08 16:15:15.686053+00, pending_exact, 0, null, null, 7).
2026-10-08 16:15:15.707 UTC [154] STATEMENT:  UPDATE event_archive_segments
	            SET object_version_id='version-before-upload'
	          WHERE id=$1
2026-10-08 16:15:15.723 UTC [155] ERROR:  new row for relation "event_archive_segments" violates check constraint "event_archive_segments_timestamp_state_check"
2026-10-08 16:15:15.723 UTC [155] DETAIL:  Failing row contains (c110fa66-2e9b-466f-a208-a49c1592e876, 2acb7d25-4db8-4e70-b709-55cc970058ad, 1, 1, 2026-07-01 02:03:04.567+00, 1, durable-plan, null, 1, sha256:bbbbbbbbbbbbbbbbbbbbbbbbbbbbbbbbbbbbbbbbbbbbbbbbbbbbbbbbb..., sha256:aaaaaaaaaaaaaaaaaaaaaaaaaaaaaaaaaaaaaaaaaaaaaaaaaaaaaaaaa..., {"fixedCutoffAt": "2026-07-01T02:03:04.567Z"}, planned, 2027-10-09 16:15:15.686053+00, 2026-10-08 16:15:15.719885+00, null, null, null, 2026-10-08 16:15:15.686053+00, 2026-10-08 16:15:15.686053+00, pending_exact, 0, null, null, 7).
2026-10-08 16:15:15.723 UTC [155] STATEMENT:  UPDATE event_archive_segments
	            SET uploaded_at=now()
	          WHERE id=$1
2026-10-08 16:15:15.738 UTC [156] ERROR:  new row for relation "event_archive_segments" violates check constraint "event_archive_segments_fixed_cutoff_metadata_check"
2026-10-08 16:15:15.738 UTC [156] DETAIL:  Failing row contains (c110fa66-2e9b-466f-a208-a49c1592e876, 2acb7d25-4db8-4e70-b709-55cc970058ad, 1, 1, 2026-07-01 02:03:04.567+00, 1, durable-plan, null, 1, sha256:bbbbbbbbbbbbbbbbbbbbbbbbbbbbbbbbbbbbbbbbbbbbbbbbbbbbbbbbb..., sha256:aaaaaaaaaaaaaaaaaaaaaaaaaaaaaaaaaaaaaaaaaaaaaaaaaaaaaaaaa..., {"fixedCutoffAt": "2026-07-01T02:03:04.567+00:00"}, planned, 2027-10-09 16:15:15.686053+00, null, null, null, null, 2026-10-08 16:15:15.686053+00, 2026-10-08 16:15:15.686053+00, pending_exact, 0, null, null, 7).
2026-10-08 16:15:15.738 UTC [156] STATEMENT:  UPDATE event_archive_segments
	            SET metadata=jsonb_set(
	              metadata,
	              '{fixedCutoffAt}',
	              to_jsonb('2026-07-01T02:03:04.567+00:00'::text)
	            )
	          WHERE id=$1
2026-10-08 16:15:15.756 UTC [157] ERROR:  new row for relation "event_archive_segments" violates check constraint "event_archive_segments_membership_state_check"
2026-10-08 16:15:15.756 UTC [157] DETAIL:  Failing row contains (c110fa66-2e9b-466f-a208-a49c1592e876, 2acb7d25-4db8-4e70-b709-55cc970058ad, 1, 1, 2026-07-01 02:03:04.567+00, 1, durable-plan, null, 1, sha256:bbbbbbbbbbbbbbbbbbbbbbbbbbbbbbbbbbbbbbbbbbbbbbbbbbbbbbbbb..., sha256:aaaaaaaaaaaaaaaaaaaaaaaaaaaaaaaaaaaaaaaaaaaaaaaaaaaaaaaaa..., {"fixedCutoffAt": "2026-07-01T02:03:04.567Z"}, failed, 2027-10-09 16:15:15.686053+00, null, null, null, RETENTION_JOB_FAILED, 2026-10-08 16:15:15.686053+00, 2026-10-08 16:15:15.686053+00, pending_exact, 0, null, null, 7).
2026-10-08 16:15:15.756 UTC [157] STATEMENT:  UPDATE event_archive_segments
	            SET state='failed',last_error_code='RETENTION_JOB_FAILED'
	          WHERE id=$1
2026-10-08 16:15:15.774 UTC [158] ERROR:  new row for relation "event_archive_segments" violates check constraint "event_archive_segments_object_version_state_check"
2026-10-08 16:15:15.774 UTC [158] DETAIL:  Failing row contains (c110fa66-2e9b-466f-a208-a49c1592e876, 2acb7d25-4db8-4e70-b709-55cc970058ad, 1, 1, 2026-07-01 02:03:04.567+00, 1, durable-plan, null, 1, sha256:bbbbbbbbbbbbbbbbbbbbbbbbbbbbbbbbbbbbbbbbbbbbbbbbbbbbbbbbb..., sha256:aaaaaaaaaaaaaaaaaaaaaaaaaaaaaaaaaaaaaaaaaaaaaaaaaaaaaaaaa..., {"fixedCutoffAt": "2026-07-01T02:03:04.567Z"}, uploaded, 2027-10-09 16:15:15.686053+00, 2026-10-08 16:15:15.768922+00, null, null, null, 2026-10-08 16:15:15.686053+00, 2026-10-08 16:15:15.686053+00, pending_exact, 1, 2026-10-08 16:15:15.768922+00, 8, 7).
2026-10-08 16:15:15.774 UTC [158] STATEMENT:  UPDATE event_archive_segments
	            SET object_version_id=NULL
	          WHERE id=$1
2026-10-08 16:15:15.791 UTC [159] ERROR:  new row for relation "event_archive_segments" violates check constraint "event_archive_segments_membership_state_check"
2026-10-08 16:15:15.791 UTC [159] DETAIL:  Failing row contains (c110fa66-2e9b-466f-a208-a49c1592e876, 2acb7d25-4db8-4e70-b709-55cc970058ad, 1, 1, 2026-07-01 02:03:04.567+00, 1, durable-plan, null, 1, sha256:bbbbbbbbbbbbbbbbbbbbbbbbbbbbbbbbbbbbbbbbbbbbbbbbbbbbbbbbb..., sha256:aaaaaaaaaaaaaaaaaaaaaaaaaaaaaaaaaaaaaaaaaaaaaaaaaaaaaaaaa..., {"fixedCutoffAt": "2026-07-01T02:03:04.567Z"}, verified, 2027-10-09 16:15:15.686053+00, 2026-10-08 16:15:15.768922+00, 2026-10-08 16:15:15.787433+00, null, null, 2026-10-08 16:15:15.686053+00, 2026-10-08 16:15:15.686053+00, exact, 1, 2026-10-08 16:15:15.768922+00, 8, 7).
2026-10-08 16:15:15.791 UTC [159] STATEMENT:  UPDATE event_archive_segments
	            SET state='verified',membership_state='exact',
	                object_version_id=NULL,verified_at=now()
	          WHERE id=$1
2026-10-08 16:15:15.808 UTC [160] ERROR:  new row for relation "event_archive_segments" violates check constraint "event_archive_segments_membership_state_check"
2026-10-08 16:15:15.808 UTC [160] DETAIL:  Failing row contains (c110fa66-2e9b-466f-a208-a49c1592e876, 2acb7d25-4db8-4e70-b709-55cc970058ad, 1, 1, 2026-07-01 02:03:04.567+00, 1, durable-plan, null, 1, sha256:bbbbbbbbbbbbbbbbbbbbbbbbbbbbbbbbbbbbbbbbbbbbbbbbbbbbbbbbb..., sha256:aaaaaaaaaaaaaaaaaaaaaaaaaaaaaaaaaaaaaaaaaaaaaaaaaaaaaaaaa..., {"fixedCutoffAt": "2026-07-01T02:03:04.567Z"}, pruned, 2027-10-09 16:15:15.686053+00, 2026-10-08 16:15:15.768922+00, 2026-10-08 16:15:15.801766+00, 2026-10-08 16:15:15.807938+00, null, 2026-10-08 16:15:15.686053+00, 2026-10-08 16:15:15.686053+00, exact, 1, 2026-10-08 16:15:15.768922+00, 8, 7).
2026-10-08 16:15:15.808 UTC [160] STATEMENT:  UPDATE event_archive_segments
	            SET state='pruned',object_version_id=NULL,pruned_at=now()
	          WHERE id=$1
2026-10-08 16:15:15.958 UTC [152] ERROR:  UPGRADE_BARRIER_RETENTION_CLAIM_ACTIVE
2026-10-08 16:15:15.958 UTC [152] CONTEXT:  PL/pgSQL function inline_code_block line 10 at RAISE
2026-10-08 16:15:15.958 UTC [152] STATEMENT:  -- This is a secondary database-side barrier after operators have stopped the
	-- old Worker and run the exact target-image S3 reconciliation. It closes the
	-- race with any residual retention writer for the whole migration.
	LOCK TABLE retention_job_state IN SHARE ROW EXCLUSIVE MODE;

	DO $$
	BEGIN
	  IF EXISTS (
	    SELECT 1
	      FROM retention_job_state
	     WHERE job_name<>'worker_runtime'
	       AND lease_owner IS NOT NULL
	       AND lease_expires_at>now()
	  ) THEN
	    RAISE EXCEPTION USING
	      ERRCODE='55006',
	      MESSAGE='UPGRADE_BARRIER_RETENTION_CLAIM_ACTIVE';
	  END IF;
	END;
	$$;

	-- Before this migration pending_exact meant only "membership has not been
	-- materialized yet"; those rows predate durable upload intents and have no
	-- provisional reservations. Preserve them on the pinned-object legacy path.
	UPDATE event_archive_segments
	   SET membership_state='legacy_unindexed',
	       updated_at=now()
	 WHERE membership_state='pending_exact';

	ALTER TABLE event_archive_segments
	  ALTER COLUMN object_version_id DROP NOT NULL,
	  ADD COLUMN upload_attempt_count integer NOT NULL DEFAULT 0,
	  ADD COLUMN last_upload_attempt_at timestamptz,
	  ADD COLUMN last_upload_fence bigint,
	  ADD COLUMN planned_fence bigint;

	-- Canonical metadata did not originally require the frozen cutoff. PostgreSQL
	-- timestamps may retain microseconds while the Node.js Date boundary is
	-- millisecond-precise, so normalize historical values to that shared precision
	-- and write the exact UTC ISO spelling produced by Date#toISOString().
	UPDATE event_archive_segments
	   SET fixed_cutoff_at=date_trunc('milliseconds',fixed_cutoff_at),
	       metadata=jsonb_set(
	         metadata,
	         '{fixedCutoffAt}',
	         to_jsonb(
	           to_char(
	             date_trunc('milliseconds',fixed_cutoff_at) AT TIME ZONE 'UTC',
	             'YYYY-MM-DD"T"HH24:MI:SS.MS"Z"'
	           )
	         ),
	         true
	       );

	-- Replace the original state/timestamp checks and the 0029 membership check
	-- with one explicit durable-intent state machine. Constraint names generated
	-- for the old anonymous CHECKs differ between PostgreSQL versions, so identify
	-- only checks that reference the replaced columns.
	DO $$
	DECLARE
	  constraint_row record;
	BEGIN
	  FOR constraint_row IN
	    SELECT conname
	      FROM pg_constraint
	     WHERE conrelid='event_archive_segments'::regclass
	       AND contype='c'
	       AND (
	         pg_get_constraintdef(oid) ILIKE '%object_version_id%'
	         OR pg_get_constraintdef(oid) ILIKE '%uploaded_at%'
	         OR pg_get_constraintdef(oid) ILIKE '%verified_at%'
	         OR pg_get_constraintdef(oid) ILIKE '%pruned_at%'
	         OR pg_get_constraintdef(oid) ILIKE '%membership_state%'
	       )
	  LOOP
	    EXECUTE format(
	      'ALTER TABLE event_archive_segments DROP CONSTRAINT %I',
	      constraint_row.conname
	    );
	  END LOOP;
	END;
	$$;

	-- The pre-intent worker represented a failed readback by clearing uploaded_at
	-- even though the immutable VersionId was already durable. After removing the
	-- old state/timestamp checks, preserve that recoverable object on the legacy
	-- path while satisfying the explicit pairing installed below.
	UPDATE event_archive_segments
	   SET uploaded_at=COALESCE(uploaded_at,created_at),
	       updated_at=now()
	 WHERE membership_state='legacy_unindexed'
	   AND state='failed'
	   AND object_version_id IS NOT NULL
	   AND uploaded_at IS NULL;

	ALTER TABLE event_archive_segments
	  ADD CONSTRAINT event_archive_segments_object_version_state_check CHECK (
	    (
	      state='planned'
	      AND object_version_id IS NULL
	    )
	    OR (
	      state IN ('uploaded','verified','pruned')
	      AND object_version_id IS NOT NULL
	      AND length(btrim(object_version_id)) BETWEEN 1 AND 1024
	    )
	    OR (
	      state='failed'
	      AND (
	        object_version_id IS NULL
	        OR (
	          object_version_id IS NOT NULL
	          AND length(btrim(object_version_id)) BETWEEN 1 AND 1024
	        )
	      )
	    )
	  ),
	  ADD CONSTRAINT event_archive_segments_timestamp_state_check CHECK (
	    (state='planned'
	      AND uploaded_at IS NULL AND verified_at IS NULL AND pruned_at IS NULL)
	    OR
	    (state='uploaded'
	      AND uploaded_at IS NOT NULL AND verified_at IS NULL AND pruned_at IS NULL)
	    OR
	    (state='verified'
	      AND uploaded_at IS NOT NULL AND verified_at IS NOT NULL
	      AND pruned_at IS NULL)
	    OR
	    (state='pruned'
	      AND uploaded_at IS NOT NULL AND verified_at IS NOT NULL
	      AND pruned_at IS NOT NULL)
	    OR
	    (state='failed'
	      AND verified_at IS NULL AND pruned_at IS NULL
	      AND (
	        (object_version_id IS NULL AND uploaded_at IS NULL)
	        OR (object_version_id IS NOT NULL AND uploaded_at IS NOT NULL)
	      ))
	  ),
	  ADD CONSTRAINT event_archive_segments_membership_state_check CHECK (
	    (
	      membership_state='pending_exact'
	      AND state IN ('planned','uploaded','failed')
	      AND planned_fence IS NOT NULL
	      AND planned_fence >= 0
	      AND (
	        state <> 'failed'
	        OR last_error_code IN (
	          'RETENTION_OBJECT_IDENTITY_MISMATCH',
	          'ARCHIVE_FIXED_CUTOFF_MISMATCH',
	          'ARCHIVE_PLAN_CONFLICT',
	          'ARCHIVE_MEMBERSHIP_CONFLICT',
	          'ARCHIVE_OBJECT_MANIFEST_MISMATCH',
	          'ARCHIVE_SNAPSHOT_RECHECK_FAILED'
	        )
	      )
	    )
	    OR (
	      membership_state='exact'
	      AND state IN ('verified','pruned')
	      AND object_version_id IS NOT NULL
	    )
	    OR (
	      membership_state='legacy_unindexed'
	      AND state IN ('uploaded','verified','pruned','failed')
	      AND object_version_id IS NOT NULL
	    )
	  ),
	  ADD CONSTRAINT event_archive_segments_upload_attempt_check CHECK (
	    upload_attempt_count >= 0
	    AND (
	      (
	        upload_attempt_count=0
	        AND last_upload_attempt_at IS NULL
	        AND last_upload_fence IS NULL
	      )
	      OR (
	        upload_attempt_count>0
	        AND last_upload_attempt_at IS NOT NULL
	        AND last_upload_fence IS NOT NULL
	        AND last_upload_fence >= 0
	      )
	    )
	  ),
	  ADD CONSTRAINT event_archive_segments_fixed_cutoff_metadata_check CHECK (
	    jsonb_typeof(metadata->'fixedCutoffAt')='string'
	    AND metadata->>'fixedCutoffAt'=to_char(
	      fixed_cutoff_at AT TIME ZONE 'UTC',
	      'YYYY-MM-DD"T"HH24:MI:SS.MS"Z"'
	    )
	    AND (metadata->>'fixedCutoffAt')::timestamptz=fixed_cutoff_at
	  );

	-- At most one durable intent can exist for a Workspace. A deterministic
	-- conflict stays visible and blocks a replacement until an operator resolves
	-- it; retries always recover the same stable object key.
	CREATE UNIQUE INDEX event_archive_segments_one_pending_intent
	  ON event_archive_segments(workspace_id)
	  WHERE membership_state='pending_exact';

	CREATE INDEX event_archive_segments_pending_recovery
	  ON event_archive_segments(workspace_id,created_at,id)
	  WHERE membership_state='pending_exact'
	    AND state IN ('planned','uploaded','failed');

	COMMENT ON COLUMN event_archive_segments.planned_fence IS
	  'Fence that created the durable intent; successors may reconcile it.';
	COMMENT ON COLUMN event_archive_segments.last_upload_fence IS
	  'Fence that most recently attempted the stable-key conditional upload.';
	COMMENT ON COLUMN event_archive_segments.upload_attempt_count IS
	  'Durable count of same-key conditional upload/reconcile attempts.';
	COMMENT ON INDEX event_archive_segments_one_pending_intent IS
	  'Prevents a second immutable upload intent while recovery is pending.';
2026-10-08 16:15:16.102 UTC [161] ERROR:  duplicate key value violates unique constraint "event_archive_segments_one_pending_intent"
2026-10-08 16:15:16.102 UTC [161] DETAIL:  Key (workspace_id)=(30c909f4-eb6d-48b5-9c0e-87b1c192153f) already exists.
2026-10-08 16:15:16.102 UTC [161] STATEMENT:  INSERT INTO event_archive_segments(
	           workspace_id,start_cursor,end_cursor,fixed_cutoff_at,row_count,
	           object_key,object_size_bytes,object_sha256,snapshot_digest,metadata,
	           retain_until,planned_fence
	         ) VALUES($1,2,2,$2,1,'intent-two',1,$3,$4,$5,
	                  now()+interval '366 days',2)
2026-10-08 16:15:16.106 UTC [61] LOG:  checkpoint starting: immediate force wait
2026-10-08 16:15:16.165 UTC [61] LOG:  checkpoint complete: wrote 12847 buffers (78.4%); 0 WAL file(s) added, 0 removed, 6 recycled; write=0.044 s, sync=0.010 s, total=0.059 s; sync files=5404, longest=0.001 s, average=0.001 s; distance=103803 kB, estimate=210849 kB; lsn=0/1A929EA8, redo lsn=0/1A929E70
2026-10-08 16:15:16.172 UTC [61] LOG:  checkpoint starting: immediate force wait
2026-10-08 16:15:16.173 UTC [61] LOG:  checkpoint complete: wrote 2 buffers (0.0%); 0 WAL file(s) added, 0 removed, 0 recycled; write=0.001 s, sync=0.001 s, total=0.001 s; sync files=2, longest=0.001 s, average=0.001 s; distance=2 kB, estimate=189765 kB; lsn=0/1A92A7B8, redo lsn=0/1A92A780
2026-10-08 16:15:16.178 UTC [61] LOG:  checkpoint starting: immediate force wait
2026-10-08 16:15:16.178 UTC [61] LOG:  checkpoint complete: wrote 2 buffers (0.0%); 0 WAL file(s) added, 0 removed, 0 recycled; write=0.001 s, sync=0.001 s, total=0.001 s; sync files=2, longest=0.001 s, average=0.001 s; distance=2 kB, estimate=170788 kB; lsn=0/1A92B0B0, redo lsn=0/1A92B078
2026-10-08 16:15:20.702 UTC [164] ERROR:  WORK_ITEM_PARENT_SELF
2026-10-08 16:15:20.702 UTC [164] CONTEXT:  PL/pgSQL function enforce_work_item_parent_invariants() line 18 at RAISE
2026-10-08 16:15:20.702 UTC [164] STATEMENT:  UPDATE work_items SET parent_id=id WHERE id=$1
2026-10-08 16:15:20.708 UTC [163] ERROR:  WORK_ITEM_PARENT_PROJECT_MISMATCH
2026-10-08 16:15:20.708 UTC [163] CONTEXT:  PL/pgSQL function enforce_work_item_parent_invariants() line 31 at RAISE
2026-10-08 16:15:20.708 UTC [163] STATEMENT:  UPDATE work_items SET parent_id=$1 WHERE id=$2
2026-10-08 16:15:20.726 UTC [165] ERROR:  insert or update on table "work_items" violates foreign key constraint "work_items_parent_same_team_fk"
2026-10-08 16:15:20.726 UTC [165] DETAIL:  Key (workspace_id, team_id, parent_id)=(c0362730-1846-497d-80d5-e1d43e1369f9, 160d37ee-9dc1-4537-853d-d7da1795a271, 15da9d64-d8b7-49e2-ac04-e912bfbf13ef) is not present in table "work_items".
2026-10-08 16:15:20.726 UTC [165] STATEMENT:  UPDATE work_items SET parent_id=$1 WHERE id=$2
2026-10-08 16:15:20.744 UTC [166] ERROR:  WORK_ITEM_PARENT_CYCLE
2026-10-08 16:15:20.744 UTC [166] CONTEXT:  PL/pgSQL function enforce_work_item_parent_invariants() line 42 at RAISE
2026-10-08 16:15:20.744 UTC [166] STATEMENT:  UPDATE work_items SET parent_id=$1 WHERE id=$2
2026-10-08 16:15:20.816 UTC [168] ERROR:  WORK_ITEM_BLOCK_CYCLE
2026-10-08 16:15:20.816 UTC [168] CONTEXT:  PL/pgSQL function enforce_work_item_relation_invariants() line 36 at RAISE
2026-10-08 16:15:20.816 UTC [168] STATEMENT:  INSERT INTO work_item_relations(workspace_id,team_id,source_work_item_id,target_work_item_id,kind)
	       VALUES($1,$2,$3,$4,'blocks')
2026-10-08 16:15:20.824 UTC [167] ERROR:  WORK_ITEM_RELATED_ORDER
2026-10-08 16:15:20.824 UTC [167] CONTEXT:  PL/pgSQL function enforce_work_item_relation_invariants() line 11 at RAISE
2026-10-08 16:15:20.824 UTC [167] STATEMENT:  INSERT INTO work_item_relations(workspace_id,team_id,source_work_item_id,target_work_item_id,kind)
	       VALUES($1,$2,$3,$4,'related')
2026-10-08 16:15:20.845 UTC [169] ERROR:  insert or update on table "work_item_relations" violates foreign key constraint "work_item_relations_workspace_id_team_id_target_work_item__fkey"
2026-10-08 16:15:20.845 UTC [169] DETAIL:  Key (workspace_id, team_id, target_work_item_id)=(c00e1c6b-72e7-43f6-8ab3-29ca2bc1274c, 8445fd2f-8244-4c70-b2fa-04aa29868900, 7ae1e614-96d4-41fe-8d78-fa3d22e33730) is not present in table "work_items".
2026-10-08 16:15:20.845 UTC [169] STATEMENT:  INSERT INTO work_item_relations(workspace_id,team_id,source_work_item_id,target_work_item_id,kind)
	       VALUES($1,$2,$3,$4,'blocks')
2026-10-08 16:15:20.904 UTC [171] ERROR:  WORK_ITEM_HAS_ACTIVE_CHILDREN
2026-10-08 16:15:20.904 UTC [171] CONTEXT:  PL/pgSQL function enforce_work_item_unlinked_before_delete() line 12 at RAISE
2026-10-08 16:15:20.904 UTC [171] STATEMENT:  UPDATE work_items SET deleted_at=now() WHERE id=$1
2026-10-08 16:15:20.998 UTC [172] ERROR:  WORK_ITEM_HAS_ACTIVE_RELATIONS
2026-10-08 16:15:20.998 UTC [172] CONTEXT:  PL/pgSQL function enforce_work_item_unlinked_before_delete() line 19 at RAISE
2026-10-08 16:15:20.998 UTC [172] STATEMENT:  UPDATE work_items SET deleted_at=now() WHERE id=$1
2026-10-08 16:15:21.003 UTC [170] ERROR:  WORK_ITEM_RELATION_ENDPOINT_DELETED
2026-10-08 16:15:21.003 UTC [170] CONTEXT:  PL/pgSQL function enforce_work_item_relation_invariants() line 18 at RAISE
2026-10-08 16:15:21.003 UTC [170] STATEMENT:  INSERT INTO work_item_relations(workspace_id,team_id,source_work_item_id,target_work_item_id,kind)
	       VALUES($1,$2,$3,$4,'blocks')
2026-10-08 16:15:21.069 UTC [174] ERROR:  WORK_ITEM_MILESTONE_PROJECT_MISMATCH
2026-10-08 16:15:21.069 UTC [174] CONTEXT:  PL/pgSQL function enforce_work_item_milestone_invariants() line 20 at RAISE
2026-10-08 16:15:21.069 UTC [174] STATEMENT:  UPDATE work_items SET milestone_id=$1 WHERE id=$2
2026-10-08 16:15:21.076 UTC [173] ERROR:  MILESTONE_HAS_ACTIVE_WORK_ITEMS
2026-10-08 16:15:21.076 UTC [173] CONTEXT:  PL/pgSQL function enforce_milestone_unlinked_before_delete() line 8 at RAISE
2026-10-08 16:15:21.076 UTC [173] STATEMENT:  UPDATE project_milestones SET deleted_at=now() WHERE id=$1
2026-10-08 16:15:21.095 UTC [175] ERROR:  WORK_ITEM_MILESTONE_DELETED
2026-10-08 16:15:21.095 UTC [175] CONTEXT:  PL/pgSQL function enforce_work_item_milestone_invariants() line 17 at RAISE
2026-10-08 16:15:21.095 UTC [175] STATEMENT:  UPDATE work_items SET milestone_id=$1 WHERE id=$2
2026-10-08 16:15:21.132 UTC [177] ERROR:  duplicate key value violates unique constraint "project_milestones_active_project_name_unique"
2026-10-08 16:15:21.132 UTC [177] DETAIL:  Key (project_id, name)=(ca46e7d8-7715-48d1-91d5-78cfdac58951, Reusable milestone) already exists.
2026-10-08 16:15:21.132 UTC [177] STATEMENT:  INSERT INTO project_milestones(workspace_id,project_id,name)
	       VALUES($1,$2,'Reusable milestone')
2026-10-08 16:15:21.231 UTC [176] ERROR:  WORK_ITEM_PARENT_CYCLE
2026-10-08 16:15:21.231 UTC [176] CONTEXT:  PL/pgSQL function enforce_work_item_parent_invariants() line 42 at RAISE
2026-10-08 16:15:21.231 UTC [176] STATEMENT:  UPDATE work_items SET parent_id=$1 WHERE id=$2
2026-10-08 16:15:21.307 UTC [178] ERROR:  WORK_ITEM_BLOCK_CYCLE
2026-10-08 16:15:21.307 UTC [178] CONTEXT:  PL/pgSQL function enforce_work_item_relation_invariants() line 36 at RAISE
2026-10-08 16:15:21.307 UTC [178] STATEMENT:  INSERT INTO work_item_relations(workspace_id,team_id,source_work_item_id,target_work_item_id,kind)
	         VALUES($1,$2,$3,$4,'blocks')
2026-10-08 16:15:30.386 UTC [181] ERROR:  new row for relation "retention_job_state" violates check constraint "retention_worker_identity_pair"
2026-10-08 16:15:30.386 UTC [181] DETAIL:  Failing row contains (worker_runtime, a2034169-4868-4161-baa6-b7fb2ec219e8, null, null, 0, null, 0, null, {}, null, null, null, null, 2026-10-08 16:15:30.379985+00, 00000000-0000-4000-8000-000000000001, null, 0).
2026-10-08 16:15:30.386 UTC [181] STATEMENT:  UPDATE retention_job_state
	            SET worker_instance_id=$2
	          WHERE job_name='worker_runtime' AND workspace_id=$1
2026-10-08 16:15:30.406 UTC [183] ERROR:  new row for relation "retention_job_state" violates check constraint "retention_worker_identity_conflict_count_nonnegative"
2026-10-08 16:15:30.406 UTC [183] DETAIL:  Failing row contains (worker_runtime, a2034169-4868-4161-baa6-b7fb2ec219e8, null, null, 0, null, 0, null, {}, null, null, null, null, 2026-10-08 16:15:30.379985+00, 00000000-0000-4000-8000-000000000001, aaaaaaaaaaaaaaaaaaaaaaaaaaaaaaaaaaaaaaaa, -1).
2026-10-08 16:15:30.406 UTC [183] STATEMENT:  UPDATE retention_job_state
	            SET worker_identity_conflict_count=-1
	          WHERE job_name='worker_runtime' AND workspace_id=$1
2026-10-08 16:15:30.410 UTC [61] LOG:  checkpoint starting: immediate force wait
2026-10-08 16:15:30.440 UTC [61] LOG:  checkpoint complete: wrote 3596 buffers (21.9%); 0 WAL file(s) added, 0 removed, 3 recycled; write=0.022 s, sync=0.006 s, total=0.031 s; sync files=2681, longest=0.001 s, average=0.001 s; distance=41624 kB, estimate=157872 kB; lsn=0/1D1D1178, redo lsn=0/1D1D1140
2026-10-08 16:15:30.447 UTC [61] LOG:  checkpoint starting: immediate force wait
2026-10-08 16:15:30.448 UTC [61] LOG:  checkpoint complete: wrote 2 buffers (0.0%); 0 WAL file(s) added, 0 removed, 0 recycled; write=0.001 s, sync=0.001 s, total=0.001 s; sync files=2, longest=0.001 s, average=0.001 s; distance=2 kB, estimate=142085 kB; lsn=0/1D1D1BA8, redo lsn=0/1D1D1B70
2026-10-08 16:15:34.310 UTC [184] ERROR:  new row for relation "event_archive_segments" violates check constraint "event_archive_segments_membership_state_check"
2026-10-08 16:15:34.310 UTC [184] DETAIL:  Failing row contains (c8bec650-848c-4b77-b957-1976b7eb0f40, bba51064-1fb4-49b7-af39-630cc1144613, 1002, 1002, 2026-07-01 00:00:00+00, 1, uploaded-cannot-be-exact, version-uploaded, 0, sha256:ccccccccccccccccccccccccccccccccccccccccccccccccccccccccc..., sha256:ddddddddddddddddddddddddddddddddddddddddddddddddddddddddd..., {"fixedCutoffAt": "2026-07-01T00:00:00.000Z"}, uploaded, 2027-10-09 16:15:34.310042+00, 2026-10-08 16:15:34.310042+00, null, null, null, 2026-10-08 16:15:34.310042+00, 2026-10-08 16:15:34.310042+00, exact, 0, null, null, null).
2026-10-08 16:15:34.310 UTC [184] STATEMENT:  INSERT INTO event_archive_segments(
	           workspace_id,start_cursor,end_cursor,fixed_cutoff_at,row_count,
	           object_key,object_version_id,object_size_bytes,object_sha256,
	           snapshot_digest,metadata,state,retain_until,uploaded_at,
	           membership_state
	         ) VALUES(
	           $1,1002,1002,$2,1,'uploaded-cannot-be-exact','version-uploaded',0,
	           $3,$4,$5,'uploaded',now()+interval '366 days',now(),'exact'
	         )
2026-10-08 16:15:34.349 UTC [185] ERROR:  new row for relation "event_archive_segments" violates check constraint "event_archive_segments_check1"
2026-10-08 16:15:34.349 UTC [185] DETAIL:  Failing row contains (4022ff2b-d1a2-414c-9c5b-4b491108d90d, 5cb573a7-1c2f-4bba-8ce3-390e907d7191, 1, 1, 2026-10-08 16:15:34.348456+00, 1, too-short, version-1, 1, sha256:bbbbbbbbbbbbbbbbbbbbbbbbbbbbbbbbbbbbbbbbbbbbbbbbbbbbbbbbb..., sha256:aaaaaaaaaaaaaaaaaaaaaaaaaaaaaaaaaaaaaaaaaaaaaaaaaaaaaaaaa..., {}, planned, 2027-10-07 16:15:34.348456+00, null, null, null, null, 2026-10-08 16:15:34.348456+00, 2026-10-08 16:15:34.348456+00, pending_exact, 0, null, null, null).
2026-10-08 16:15:34.349 UTC [185] STATEMENT:
	      INSERT INTO event_archive_segments(
	        workspace_id,start_cursor,end_cursor,fixed_cutoff_at,row_count,
	        object_key,object_version_id,object_size_bytes,object_sha256,
	        snapshot_digest,retain_until
	      ) VALUES(
	        $1,1,1,now(),1,'too-short','version-1',1,
	        'sha256:bbbbbbbbbbbbbbbbbbbbbbbbbbbbbbbbbbbbbbbbbbbbbbbbbbbbbbbbbbbbbbbb','sha256:aaaaaaaaaaaaaaaaaaaaaaaaaaaaaaaaaaaaaaaaaaaaaaaaaaaaaaaaaaaaaaaa',
	        now()+interval '364 days'
	      )

2026-10-08 16:15:34.637 UTC [187] ERROR:  canceling statement due to statement timeout
2026-10-08 16:15:34.637 UTC [187] CONTEXT:  while locking tuple (0,3) in relation "event_retention_state"
2026-10-08 16:15:34.637 UTC [187] STATEMENT:
	        SELECT pruned_through_cursor FROM event_retention_state
	         WHERE workspace_id=$1 FOR UPDATE

2026-10-08 16:15:34.652 UTC [186] WARNING:  there is no transaction in progress
2026-10-08 16:15:34.653 UTC [187] WARNING:  there is no transaction in progress
2026-10-08 16:15:34.913 UTC [186] ERROR:  canceling statement due to statement timeout
2026-10-08 16:15:34.913 UTC [186] CONTEXT:  while locking tuple (0,4) in relation "event_retention_state"
	SQL statement "SELECT 1
	    FROM event_retention_state
	   WHERE workspace_id=NEW.workspace_id
	   FOR SHARE"
	PL/pgSQL function lock_event_retention_for_append() line 6 at PERFORM
2026-10-08 16:15:34.913 UTC [186] STATEMENT:
	        INSERT INTO domain_events(
	          workspace_id,event_type,aggregate_type,aggregate_id,actor_id,correlation_id
	        ) VALUES($1,'workspace.updated','workspace',$1,$2,'cursor-fence')

2026-10-08 16:15:34.971 UTC [187] WARNING:  there is no transaction in progress
2026-10-08 16:15:34.975 UTC [186] WARNING:  there is no transaction in progress
2026-10-08 16:15:39.897 UTC [192] ERROR:  duplicate key value violates unique constraint "event_archive_segment_events_workspace_id_event_cursor_key"
2026-10-08 16:15:39.897 UTC [192] DETAIL:  Key (workspace_id, event_cursor)=(62233bd3-3e65-49c8-8d44-0dbdeedf615e, 1) already exists.
2026-10-08 16:15:39.897 UTC [192] STATEMENT:  INSERT INTO event_archive_segment_events(
	           segment_id,workspace_id,ordinal,event_id,event_cursor,record_sha256
	         ) VALUES($1,$2,1,$3,1,$4)
2026-10-08 16:15:39.902 UTC [61] LOG:  checkpoint starting: immediate force wait
2026-10-08 16:15:39.925 UTC [61] LOG:  checkpoint complete: wrote 2765 buffers (16.9%); 0 WAL file(s) added, 1 removed, 0 recycled; write=0.019 s, sync=0.003 s, total=0.024 s; sync files=1669, longest=0.001 s, average=0.000 s; distance=30730 kB, estimate=130949 kB; lsn=0/1EFD4700, redo lsn=0/1EFD46C8
2026-10-08 16:15:39.932 UTC [61] LOG:  checkpoint starting: immediate force wait
2026-10-08 16:15:39.933 UTC [61] LOG:  checkpoint complete: wrote 2 buffers (0.0%); 0 WAL file(s) added, 0 removed, 0 recycled; write=0.001 s, sync=0.001 s, total=0.001 s; sync files=2, longest=0.001 s, average=0.001 s; distance=2 kB, estimate=117855 kB; lsn=0/1EFD5268, redo lsn=0/1EFD5230
2026-10-08 16:15:47.489 UTC [195] ERROR:  duplicate key value violates unique constraint "leases_active_exclusive_resource"
2026-10-08 16:15:47.489 UTC [195] DETAIL:  Key (workspace_id, resource_type, resource_id)=(e29b8acc-7278-44f1-9170-7cec6e36984c, work_item, 0f309fb2-3399-4bba-b4e2-a22165556102) already exists.
2026-10-08 16:15:47.489 UTC [195] STATEMENT:  INSERT INTO leases(workspace_id,session_id,resource_type,resource_id,kind,reason,expires_at) VALUES($1,$2,$3,$4,$5,'integration projection',now()+interval '10 minutes') RETURNING id
2026-10-08 16:15:51.783 UTC [196] ERROR:  duplicate key value violates unique constraint "auth_idempotency_records_key_fingerprint_subject_fingerprin_key"
2026-10-08 16:15:51.783 UTC [196] DETAIL:  Key (key_fingerprint, subject_fingerprint)=(aaaaaaaaaaaaaaaaaaaaaaaaaaaaaaaaaaaaaaaaaaaaaaaaaaaaaaaaaaaaaaaa, bbbbbbbbbbbbbbbbbbbbbbbbbbbbbbbbbbbbbbbbbbbbbbbbbbbbbbbbbbbbbbbb) already exists.
2026-10-08 16:15:51.783 UTC [196] STATEMENT:  INSERT INTO auth_idempotency_records(
	         key_fingerprint,subject_fingerprint,operation,request_fingerprint,
	         client_context_fingerprint
	       ) VALUES($1,$2,'two',$3,$4)
2026-10-08 16:15:51.800 UTC [197] ERROR:  new row for relation "auth_idempotency_records" violates check constraint "auth_idempotency_records_client_context_fingerprint_check"
2026-10-08 16:15:51.800 UTC [197] DETAIL:  Failing row contains (c252092d-05fd-4826-840f-198920337d13, plaintext-key, plaintext-subject, invalid, plaintext-request, plaintext-context, claimed, null, null, null, null, null, null, 2026-10-08 16:30:51.798697+00, 2026-10-09 16:15:51.798697+00, 2026-10-08 16:15:51.798697+00, null, null).
2026-10-08 16:15:51.800 UTC [197] STATEMENT:  INSERT INTO auth_idempotency_records(
	         key_fingerprint,subject_fingerprint,operation,request_fingerprint,
	         client_context_fingerprint
	       ) VALUES('plaintext-key','plaintext-subject','invalid','plaintext-request','plaintext-context')
2026-10-08 16:15:51.823 UTC [198] ERROR:  new row for relation "auth_idempotency_records" violates check constraint "auth_idempotency_records_check"
2026-10-08 16:15:51.823 UTC [198] DETAIL:  Failing row contains (bb974596-2dd6-4219-82d1-dcf832274b98, 1111111111111111111111111111111111111111111111111111111111111111, 2222222222222222222222222222222222222222222222222222222222222222, completed, 3333333333333333333333333333333333333333333333333333333333333333, 4444444444444444444444444444444444444444444444444444444444444444, completed, null, null, null, null, null, null, 2026-10-08 16:30:51.815627+00, 2026-10-09 16:15:51.815627+00, 2026-10-08 16:15:51.815627+00, 2026-10-08 16:15:51.815627+00, null).
2026-10-08 16:15:51.823 UTC [198] STATEMENT:  UPDATE auth_idempotency_records SET replay_wiped_at=NULL WHERE id=$1
2026-10-08 16:16:43.047 UTC [211] ERROR:  WORK_ITEM_MILESTONE_PROJECT_MISMATCH
2026-10-08 16:16:43.047 UTC [211] CONTEXT:  PL/pgSQL function enforce_work_item_milestone_invariants() line 20 at RAISE
2026-10-08 16:16:43.047 UTC [211] STATEMENT:  INSERT INTO work_items(workspace_id,team_id,number,title,description,status_id,priority,due_date,responsible_human_actor_id,labels,project_id,milestone_id,parent_id) VALUES($1,$2,$3,$4,$5,$6,$7,$8,$9,$10,$11,$12,$13) RETURNING id,revision,number
2026-10-08 16:16:43.114 UTC [211] ERROR:  WORK_ITEM_BLOCK_CYCLE
2026-10-08 16:16:43.114 UTC [211] CONTEXT:  PL/pgSQL function enforce_work_item_relation_invariants() line 36 at RAISE
2026-10-08 16:16:43.114 UTC [211] STATEMENT:  INSERT INTO work_item_relations(workspace_id,team_id,source_work_item_id,target_work_item_id,kind,created_by_actor_id)
	         VALUES($1,$2,$3,$4,$5,$6) RETURNING *
2026-10-08 16:16:46.178 UTC [219] ERROR:  forced assignment rollback fixture
2026-10-08 16:16:46.178 UTC [219] CONTEXT:  PL/pgSQL function stage5_fail_forced_assignment() line 4 at RAISE
2026-10-08 16:16:46.178 UTC [219] STATEMENT:  INSERT INTO delegations(
	             workspace_id,team_id,agent_id,agent_actor_id,
	             principal_human_actor_id,work_item_id,role,scope_type,scope_id,
	             permissions_snapshot,capability_scope,status
	           ) VALUES($1,$2,$3,$4,$5,$6,$7,'work_item',$6,$8,$9,'active')
	           RETURNING *
2026-10-08 16:16:46.489 UTC [219] ERROR:  stage5 self-claim delegation boundary failure
2026-10-08 16:16:46.489 UTC [219] CONTEXT:  PL/pgSQL function stage5_claim_boundary_failure_delegation_fn() line 4 at RAISE
2026-10-08 16:16:46.489 UTC [219] STATEMENT:  INSERT INTO delegations(
	             workspace_id,team_id,agent_id,agent_actor_id,
	             principal_human_actor_id,work_item_id,role,scope_type,scope_id,
	             permissions_snapshot,capability_scope,status
	           ) VALUES($1,$2,$3,$4,$5,$6,'executor','work_item',$6,$7,$8,'active')
	           RETURNING *
2026-10-08 16:16:46.669 UTC [219] ERROR:  stage5 self-claim session boundary failure
2026-10-08 16:16:46.669 UTC [219] CONTEXT:  PL/pgSQL function stage5_claim_boundary_failure_session_fn() line 4 at RAISE
2026-10-08 16:16:46.669 UTC [219] STATEMENT:  INSERT INTO agent_sessions(
	           workspace_id,team_id,agent_id,agent_actor_id,delegation_id,
	           work_item_id,context_snapshot_id,budget,retry_of_session_id,
	           retry_reason,retry_count
	         ) VALUES($1,$2,$3,$4,$5,$6,$7,$8,$9,$10,$11)
	         RETURNING *
2026-10-08 16:16:46.845 UTC [219] ERROR:  stage5 self-claim session credential boundary failure
2026-10-08 16:16:46.845 UTC [219] CONTEXT:  PL/pgSQL function stage5_claim_boundary_failure_session_credential_fn() line 8 at RAISE
2026-10-08 16:16:46.845 UTC [219] STATEMENT:  INSERT INTO agent_session_tokens(
	           session_id,agent_id,installation_token_id,token_hash,
	           exchange_nonce_hash,expires_at,issued_by_actor_id
	         ) VALUES($1,$2,$3,$4,$5,now()+interval '15 minutes',$6)
2026-10-08 16:16:47.020 UTC [219] ERROR:  stage5 self-claim prompt boundary failure
2026-10-08 16:16:47.020 UTC [219] CONTEXT:  PL/pgSQL function stage5_claim_boundary_failure_prompt_fn() line 9 at RAISE
2026-10-08 16:16:47.020 UTC [219] STATEMENT:  INSERT INTO agent_session_prompts(
	           session_id,author_actor_id,body_markdown
	         ) VALUES($1,$2,$3)
2026-10-08 16:16:47.203 UTC [219] ERROR:  stage5 self-claim event boundary failure
2026-10-08 16:16:47.203 UTC [219] CONTEXT:  PL/pgSQL function stage5_claim_boundary_failure_event_fn() line 5 at RAISE
2026-10-08 16:16:47.203 UTC [219] STATEMENT:  INSERT INTO domain_events(
	       workspace_id,team_id,audience_actor_id,event_type,event_version,
	       aggregate_type,aggregate_id,aggregate_revision,actor_id,correlation_id,
	       idempotency_key,payload,session_id,session_sequence,causation_id,notification_sources
	     ) VALUES($1,$2,$3,$4,2,$5,$6,$7,$8,$9,$10,$11,$12,$13,$14,$15)
	     RETURNING id
2026-10-08 16:16:47.391 UTC [219] ERROR:  stage5 self-claim outbox boundary failure
2026-10-08 16:16:47.391 UTC [219] CONTEXT:  PL/pgSQL function stage5_claim_boundary_failure_outbox_fn() line 8 at RAISE
2026-10-08 16:16:47.391 UTC [219] STATEMENT:  INSERT INTO outbox_events(domain_event_id,topic,partition_key)
	     VALUES($1,$2,$3)
2026-10-08 16:16:51.574 UTC [215] ERROR:  forced coordination recovery failure
2026-10-08 16:16:51.574 UTC [215] CONTEXT:  PL/pgSQL function stage5_fail_coordination_recovery() line 4 at RAISE
2026-10-08 16:16:51.574 UTC [215] STATEMENT:  INSERT INTO agent_sessions(workspace_id,team_id,agent_id,agent_actor_id,
	                                    delegation_id,state,state_reason,acknowledged_at,
	                                    last_heartbeat_at,session_kind,coordination_connection_id)
	         VALUES($1,$2,$3,$4,$5,'executing','coordination connection',now(),now(),
	                'coordination',$6)
	         RETURNING id,revision,sequence
2026-10-08 16:16:54.322 UTC [218] ERROR:  terminal recovery rollback fixture
2026-10-08 16:16:54.322 UTC [218] CONTEXT:  PL/pgSQL function stage5_fail_terminal_recovery() line 5 at RAISE
2026-10-08 16:16:54.322 UTC [218] STATEMENT:  INSERT INTO agent_sessions(
	           workspace_id,team_id,agent_id,agent_actor_id,delegation_id,
	           work_item_id,context_snapshot_id,budget,retry_of_session_id,
	           retry_reason,retry_count
	         ) VALUES($1,$2,$3,$4,$5,$6,$7,$8,$9,$10,$11)
	         RETURNING *
2026-10-08 16:16:56.113 UTC [220] ERROR:  stale recovery rollback fixture
2026-10-08 16:16:56.113 UTC [220] CONTEXT:  PL/pgSQL function stage5_fail_stale_recovery() line 5 at RAISE
2026-10-08 16:16:56.113 UTC [220] STATEMENT:  INSERT INTO agent_sessions(
	           workspace_id,team_id,agent_id,agent_actor_id,delegation_id,
	           work_item_id,context_snapshot_id,budget,retry_of_session_id,
	           retry_reason,retry_count
	         ) VALUES($1,$2,$3,$4,$5,$6,$7,$8,$9,$10,$11)
	         RETURNING *
2026-10-08 16:17:03.730 UTC [231] ERROR:  forced bootstrap integration rollback
2026-10-08 16:17:03.730 UTC [231] CONTEXT:  PL/pgSQL function bootstrap_install_test_failure() line 5 at RAISE
2026-10-08 16:17:03.730 UTC [231] STATEMENT:  INSERT INTO actors(workspace_id,kind,workspace_role,email,display_name,password_hash) VALUES($1,'human','admin',$2,$3,$4) RETURNING id
2026-10-08 16:17:32.618 UTC [241] ERROR:  could not obtain lock on row in relation "agent_session_tokens"
2026-10-08 16:17:32.618 UTC [241] STATEMENT:  SELECT id FROM agent_session_tokens
	              WHERE id=ANY($1::uuid[])
	              ORDER BY id
	              FOR UPDATE NOWAIT
2026-10-08 16:18:06.213 UTC [251] ERROR:  workbench recovery outbox failure
2026-10-08 16:18:06.213 UTC [251] CONTEXT:  PL/pgSQL function workbench_recovery_reject_outbox() line 2 at RAISE
2026-10-08 16:18:06.213 UTC [251] STATEMENT:  INSERT INTO outbox_events(domain_event_id,topic,partition_key)
	     VALUES($1,$2,$3)
2026-10-08 16:18:06.944 UTC [252] ERROR:  atomic completion failure
2026-10-08 16:18:06.944 UTC [252] CONTEXT:  PL/pgSQL function reject_atomic_session_completion() line 2 at RAISE
2026-10-08 16:18:06.944 UTC [252] STATEMENT:  INSERT INTO outbox_events(domain_event_id,topic,partition_key)
	     VALUES($1,$2,$3)
2026-10-08 16:18:18.019 UTC [254] WARNING:  there is no transaction in progress
2026-10-08 16:18:18.155 UTC [254] WARNING:  there is no transaction in progress
2026-10-08 16:18:18.282 UTC [254] WARNING:  there is no transaction in progress
2026-10-08 16:18:18.407 UTC [254] WARNING:  there is no transaction in progress
2026-10-08 16:18:18.537 UTC [254] WARNING:  there is no transaction in progress
2026-10-08 16:18:18.650 UTC [254] WARNING:  there is no transaction in progress
2026-10-08 16:18:18.791 UTC [254] WARNING:  there is no transaction in progress
2026-10-08 16:18:18.961 UTC [254] WARNING:  there is no transaction in progress
2026-10-08 16:19:38.343 UTC [313] ERROR:  duplicate key value violates unique constraint "workflow_states_team_id_name_key"
2026-10-08 16:19:38.343 UTC [313] DETAIL:  Key (team_id, name)=(cf6adb22-0494-4b1e-8678-4aec44e40335, Backlog) already exists.
2026-10-08 16:19:38.343 UTC [313] STATEMENT:  UPDATE workflow_states SET name=COALESCE($1,name),color=COALESCE($2,color),revision=revision+1,updated_at=now() WHERE id=$3 AND workspace_id=$4 AND team_id=$5 AND is_archived=false RETURNING id,revision
2026-10-08 16:19:42.579 UTC [314] ERROR:  IMMUTABLE_DOCUMENT_REVISION
2026-10-08 16:19:42.579 UTC [314] CONTEXT:  PL/pgSQL function prevent_document_revision_mutation() line 3 at RAISE
2026-10-08 16:19:42.579 UTC [314] STATEMENT:  UPDATE document_revisions SET markdown=$2 WHERE id=$1
2026-10-08 16:19:43.163 UTC [317] ERROR:  INVALID_DOCUMENT_PROJECT_OWNER
2026-10-08 16:19:43.163 UTC [317] CONTEXT:  PL/pgSQL function validate_document_owner() line 17 at RAISE
2026-10-08 16:19:43.163 UTC [317] STATEMENT:  INSERT INTO documents(workspace_id,team_id,project_id,title,current_revision_id,created_by_actor_id)
	       VALUES ((SELECT workspace_id FROM projects WHERE id=$1),$2,$1,'Cross Team',$3,$4)
2026-10-08 16:19:43.211 UTC [316] ERROR:  INJECTED_DOCUMENT_EVENT_FAILURE
2026-10-08 16:19:43.211 UTC [316] CONTEXT:  PL/pgSQL function fail_test_document_event() line 2 at RAISE
2026-10-08 16:19:43.211 UTC [316] STATEMENT:  INSERT INTO domain_events(
	       workspace_id,team_id,audience_actor_id,event_type,event_version,
	       aggregate_type,aggregate_id,aggregate_revision,actor_id,correlation_id,
	       idempotency_key,payload,session_id,session_sequence,causation_id,notification_sources
	     ) VALUES($1,$2,$3,$4,2,$5,$6,$7,$8,$9,$10,$11,$12,$13,$14,$15)
	     RETURNING id
2026-10-08 16:19:46.994 UTC [321] ERROR:  test outbox failure
2026-10-08 16:19:46.994 UTC [321] CONTEXT:  PL/pgSQL function workbench_test_fail_outbox() line 2 at RAISE
2026-10-08 16:19:46.994 UTC [321] STATEMENT:  INSERT INTO outbox_events(domain_event_id,topic,partition_key)
	     VALUES($1,$2,$3)
2026-10-08 16:20:11.651 UTC [330] ERROR:  DELEGATION_REQUIRES_HUMAN_PRINCIPAL_AND_AGENT_ACTOR
2026-10-08 16:20:11.651 UTC [330] CONTEXT:  PL/pgSQL function enforce_delegation_actor_kinds() line 6 at RAISE
2026-10-08 16:20:11.651 UTC [330] STATEMENT:  INSERT INTO delegations(
	       workspace_id,team_id,agent_id,agent_actor_id,principal_human_actor_id,role,scope_type,scope_id,
	       permissions_snapshot,capability_scope
	     ) VALUES($1,$2,$3,$4,$5,'executor','automation',$6,$7,$8) RETURNING id
2026-10-08 16:20:13.579 UTC [330] WARNING:  there is no transaction in progress
2026-10-08 16:20:13.695 UTC [330] WARNING:  there is no transaction in progress
2026-10-08 16:20:13.826 UTC [330] WARNING:  there is no transaction in progress
2026-10-08 16:20:13.968 UTC [330] WARNING:  there is no transaction in progress
2026-10-08 16:20:14.105 UTC [330] WARNING:  there is no transaction in progress
2026-10-08 16:20:14.238 UTC [330] WARNING:  there is no transaction in progress
2026-10-08 16:20:14.365 UTC [330] WARNING:  there is no transaction in progress
2026-10-08 16:20:14.452 UTC [330] WARNING:  there is no transaction in progress
2026-10-08 16:20:14.453 UTC [331] WARNING:  there is no transaction in progress
2026-10-08 16:20:17.777 UTC [330] ERROR:  new row for relation "notification_deliveries" violates check constraint "notification_delivery_kind_required"
2026-10-08 16:20:17.777 UTC [330] DETAIL:  Failing row contains (c5a6d668-1cd9-459c-a7c4-f5b3d36199d0, null, webhook, pending, 0, 2026-10-08 16:20:17.776728+00, null, null, 0, notification:7fd79005-8d7b-4f10-8d25-8ea71f3258d8:target:42da627..., null, null, null, 2026-10-08 16:20:17.776728+00, null, 2610fada-8281-4f82-89b6-ff496a30da71, 7fd79005-8d7b-4f10-8d25-8ea71f3258d8, 42da6277-22eb-41e3-9588-9438211aae0b, cbb8dfcf-a832-42d9-9a7c-820c5b560e49, 1, null, null, not_sent, null, 0, 1, null).
2026-10-08 16:20:17.777 UTC [330] STATEMENT:  INSERT INTO notification_deliveries(workspace_id,intent_id,channel_target_id,recipient_actor_id,target_revision,channel,effect_key)
	        SELECT workspace_id,intent_id,channel_target_id,recipient_actor_id,target_revision,channel,effect_key FROM notification_deliveries WHERE id=$1
2026-10-08 16:20:17.981 UTC [331] WARNING:  there is no transaction in progress
2026-10-08 16:20:36.854 UTC [337] ERROR:  duplicate key value violates unique constraint "agent_webhook_deliveries_agent_id_delivery_id_key"
2026-10-08 16:20:36.854 UTC [337] DETAIL:  Key (agent_id, delivery_id)=(b5585015-01e1-4c09-9f7b-aa68321960ab, del_d55e2385-f876-477a-931b-1535a067a0e8) already exists.
2026-10-08 16:20:36.854 UTC [337] STATEMENT:  INSERT INTO agent_webhook_deliveries(agent_id,endpoint_id,secret_version,event_id,delivery_id,event_type,session_id,payload) VALUES($1,$2,1,$3,$4,$5,$6,$7) RETURNING id
2026-10-08 16:20:39.037 UTC [61] LOG:  checkpoint starting: time
