The files belonging to this database system will be owned by user "postgres".
This user must also own the server process.

The database cluster will be initialized with locale "en_US.utf8".
The default database encoding has accordingly been set to "UTF8".
The default text search configuration will be set to "english".

Data page checksums are disabled.

fixing permissions on existing directory /var/lib/postgresql/data ... ok
creating subdirectories ... ok
selecting dynamic shared memory implementation ... posix
selecting default max_connections ... 100
selecting default shared_buffers ... 128MB
selecting default time zone ... UTC
creating configuration files ... ok
running bootstrap script ... ok
sh: locale: not found
2026-10-09 04:20:33.030 UTC [36] WARNING:  no usable system locales were found
performing post-bootstrap initialization ... ok
initdb: warning: enabling "trust" authentication for local connections
initdb: hint: You can change this by editing pg_hba.conf or using the option -A, or --auth-local and --auth-host, the next time you run initdb.
syncing data to disk ... ok


Success. You can now start the database server using:

    pg_ctl -D /var/lib/postgresql/data -l logfile start

waiting for server to start....2026-10-09 04:20:33.483 UTC [48] LOG:  starting PostgreSQL 16.15 on x86_64-pc-linux-musl, compiled by gcc (Alpine 15.2.0) 15.2.0, 64-bit
2026-10-09 04:20:33.485 UTC [48] LOG:  listening on Unix socket "/var/run/postgresql/.s.PGSQL.5432"
2026-10-09 04:20:33.487 UTC [51] LOG:  database system was shut down at 2026-10-09 04:20:33 UTC
2026-10-09 04:20:33.489 UTC [48] LOG:  database system is ready to accept connections
 done
server started
CREATE DATABASE


/usr/local/bin/docker-entrypoint.sh: ignoring /docker-entrypoint-initdb.d/*

waiting for server to shut down....2026-10-09 04:20:33.614 UTC [48] LOG:  received fast shutdown request
2026-10-09 04:20:33.614 UTC [48] LOG:  aborting any active transactions
2026-10-09 04:20:33.617 UTC [48] LOG:  background worker "logical replication launcher" (PID 54) exited with exit code 1
2026-10-09 04:20:33.634 UTC [59] FATAL:  terminating connection due to administrator command
2026-10-09 04:20:33.634 UTC [59] LOG:  could not send data to client: Broken pipe
2026-10-09 04:20:33.637 UTC [49] LOG:  shutting down
2026-10-09 04:20:33.638 UTC [49] LOG:  checkpoint starting: shutdown immediate
2026-10-09 04:20:33.654 UTC [49] LOG:  checkpoint complete: wrote 926 buffers (5.7%); 0 WAL file(s) added, 0 removed, 0 recycled; write=0.016 s, sync=0.001 s, total=0.017 s; sync files=301, longest=0.001 s, average=0.000 s; distance=4283 kB, estimate=4283 kB; lsn=0/1925D68, redo lsn=0/1925D68
2026-10-09 04:20:33.658 UTC [48] LOG:  database system is shut down
 done
server stopped

PostgreSQL init process complete; ready for start up.

2026-10-09 04:20:33.726 UTC [1] LOG:  starting PostgreSQL 16.15 on x86_64-pc-linux-musl, compiled by gcc (Alpine 15.2.0) 15.2.0, 64-bit
2026-10-09 04:20:33.726 UTC [1] LOG:  listening on IPv4 address "0.0.0.0", port 5432
2026-10-09 04:20:33.726 UTC [1] LOG:  listening on IPv6 address "::", port 5432
2026-10-09 04:20:33.727 UTC [1] LOG:  listening on Unix socket "/var/run/postgresql/.s.PGSQL.5432"
2026-10-09 04:20:33.729 UTC [64] LOG:  database system was shut down at 2026-10-09 04:20:33 UTC
2026-10-09 04:20:33.733 UTC [1] LOG:  database system is ready to accept connections
