The files belonging to this database system will be owned by user "postgres".
This user must also own the server process.

The database cluster will be initialized with locale "en_US.utf8".
The default database encoding has accordingly been set to "UTF8".
The default text search configuration will be set to "english".

Data page checksums are disabled.

fixing permissions on existing directory /var/lib/postgresql/data ... ok
creating subdirectories ... ok
selecting dynamic shared memory implementation ... posix
selecting default max_connections ... 100
selecting default shared_buffers ... 128MB
selecting default time zone ... UTC
creating configuration files ... ok
running bootstrap script ... ok
sh: locale: not found
2026-10-08 14:20:39.996 UTC [37] WARNING:  no usable system locales were found
performing post-bootstrap initialization ... ok
initdb: warning: enabling "trust" authentication for local connections
initdb: hint: You can change this by editing pg_hba.conf or using the option -A, or --auth-local and --auth-host, the next time you run initdb.
syncing data to disk ... ok


Success. You can now start the database server using:

    pg_ctl -D /var/lib/postgresql/data -l logfile start

waiting for server to start....2026-10-08 14:20:40.428 UTC [48] LOG:  starting PostgreSQL 16.15 on x86_64-pc-linux-musl, compiled by gcc (Alpine 15.2.0) 15.2.0, 64-bit
2026-10-08 14:20:40.429 UTC [48] LOG:  listening on Unix socket "/var/run/postgresql/.s.PGSQL.5432"
2026-10-08 14:20:40.431 UTC [51] LOG:  database system was shut down at 2026-10-08 14:20:40 UTC
2026-10-08 14:20:40.434 UTC [48] LOG:  database system is ready to accept connections
 done
server started
CREATE DATABASE


/usr/local/bin/docker-entrypoint.sh: ignoring /docker-entrypoint-initdb.d/*

waiting for server to shut down....2026-10-08 14:20:40.565 UTC [48] LOG:  received fast shutdown request
2026-10-08 14:20:40.565 UTC [48] LOG:  aborting any active transactions
2026-10-08 14:20:40.567 UTC [48] LOG:  background worker "logical replication launcher" (PID 54) exited with exit code 1
2026-10-08 14:20:40.568 UTC [49] LOG:  shutting down
2026-10-08 14:20:40.569 UTC [49] LOG:  checkpoint starting: shutdown immediate
2026-10-08 14:20:40.573 UTC [49] LOG:  checkpoint complete: wrote 926 buffers (5.7%); 0 WAL file(s) added, 0 removed, 0 recycled; write=0.005 s, sync=0.001 s, total=0.005 s; sync files=301, longest=0.001 s, average=0.000 s; distance=4283 kB, estimate=4283 kB; lsn=0/1925D68, redo lsn=0/1925D68
2026-10-08 14:20:40.576 UTC [48] LOG:  database system is shut down
 done
server stopped

PostgreSQL init process complete; ready for start up.

2026-10-08 14:20:40.703 UTC [1] LOG:  starting PostgreSQL 16.15 on x86_64-pc-linux-musl, compiled by gcc (Alpine 15.2.0) 15.2.0, 64-bit
2026-10-08 14:20:40.703 UTC [1] LOG:  listening on IPv4 address "0.0.0.0", port 5432
2026-10-08 14:20:40.703 UTC [1] LOG:  listening on IPv6 address "::", port 5432
2026-10-08 14:20:40.704 UTC [1] LOG:  listening on Unix socket "/var/run/postgresql/.s.PGSQL.5432"
2026-10-08 14:20:40.706 UTC [64] LOG:  database system was shut down at 2026-10-08 14:20:40 UTC
2026-10-08 14:20:40.709 UTC [1] LOG:  database system is ready to accept connections
2026-10-08 14:21:09.465 UTC [77] ERROR:  DELEGATION_REQUIRES_HUMAN_PRINCIPAL_AND_AGENT_ACTOR
2026-10-08 14:21:09.465 UTC [77] CONTEXT:  PL/pgSQL function enforce_delegation_actor_kinds() line 6 at RAISE
2026-10-08 14:21:09.465 UTC [77] STATEMENT:  INSERT INTO delegations(
	       workspace_id,team_id,agent_id,agent_actor_id,principal_human_actor_id,role,scope_type,scope_id,
	       permissions_snapshot,capability_scope
	     ) VALUES($1,$2,$3,$4,$5,'executor','automation',$6,$7,$8) RETURNING id
2026-10-08 14:21:11.622 UTC [77] WARNING:  there is no transaction in progress
2026-10-08 14:21:11.736 UTC [77] WARNING:  there is no transaction in progress
2026-10-08 14:21:11.845 UTC [77] WARNING:  there is no transaction in progress
2026-10-08 14:21:11.974 UTC [77] WARNING:  there is no transaction in progress
2026-10-08 14:21:12.092 UTC [77] WARNING:  there is no transaction in progress
2026-10-08 14:21:12.195 UTC [77] WARNING:  there is no transaction in progress
2026-10-08 14:21:12.307 UTC [77] WARNING:  there is no transaction in progress
2026-10-08 14:21:12.397 UTC [77] WARNING:  there is no transaction in progress
2026-10-08 14:21:12.397 UTC [76] WARNING:  there is no transaction in progress
2026-10-08 14:21:16.030 UTC [77] ERROR:  new row for relation "notification_deliveries" violates check constraint "notification_delivery_kind_required"
2026-10-08 14:21:16.030 UTC [77] DETAIL:  Failing row contains (e15f8aff-a638-4933-9815-399fd8d61e0d, null, webhook, pending, 0, 2026-10-08 14:21:16.030097+00, null, null, 0, notification:15f04706-3aec-47fb-8cd1-05b0c9375bf5:target:96b600b..., null, null, null, 2026-10-08 14:21:16.030097+00, null, 83225d36-9d1a-4626-aa10-da544cfbf57b, 15f04706-3aec-47fb-8cd1-05b0c9375bf5, 96b600bb-b1f9-4f75-8c4f-f039ad98c032, 388d735e-329e-4dbb-8268-590a8d1ebcf5, 1, null, null, not_sent, null, 0, 1, null).
2026-10-08 14:21:16.030 UTC [77] STATEMENT:  INSERT INTO notification_deliveries(workspace_id,intent_id,channel_target_id,recipient_actor_id,target_revision,channel,effect_key)
	        SELECT workspace_id,intent_id,channel_target_id,recipient_actor_id,target_revision,channel,effect_key FROM notification_deliveries WHERE id=$1
2026-10-08 14:21:16.243 UTC [76] WARNING:  there is no transaction in progress
2026-10-08 14:21:25.353 UTC [79] WARNING:  there is no transaction in progress
2026-10-08 14:21:25.471 UTC [79] WARNING:  there is no transaction in progress
2026-10-08 14:21:25.584 UTC [79] WARNING:  there is no transaction in progress
