warning: in the working copy of '.env.example', LF will be replaced by CRLF the next time Git touches it
warning: in the working copy of '.env.lite.example', LF will be replaced by CRLF the next time Git touches it
warning: in the working copy of '.github/workflows/ci.yml', LF will be replaced by CRLF the next time Git touches it
warning: in the working copy of 'apps/api/integration/notification-channels.integration.test.ts', LF will be replaced by CRLF the next time Git touches it
warning: in the working copy of 'apps/api/src/notification-channels.ts', LF will be replaced by CRLF the next time Git touches it
warning: in the working copy of 'apps/api/src/server.ts', LF will be replaced by CRLF the next time Git touches it
warning: in the working copy of 'apps/web/app/attention-center.tsx', LF will be replaced by CRLF the next time Git touches it
warning: in the working copy of 'apps/web/app/lib/canonical-route.test.ts', LF will be replaced by CRLF the next time Git touches it
warning: in the working copy of 'apps/web/app/lib/canonical-route.ts', LF will be replaced by CRLF the next time Git touches it
warning: in the working copy of 'apps/web/app/lib/use-authenticated-actor.test.ts', LF will be replaced by CRLF the next time Git touches it
warning: in the working copy of 'apps/web/app/lib/use-authenticated-actor.ts', LF will be replaced by CRLF the next time Git touches it
warning: in the working copy of 'apps/web/app/login/page.tsx', LF will be replaced by CRLF the next time Git touches it
warning: in the working copy of 'apps/worker/integration/stage4-automation.integration.test.ts', LF will be replaced by CRLF the next time Git touches it
warning: in the working copy of 'apps/worker/src/agent-webhook.test.ts', LF will be replaced by CRLF the next time Git touches it
warning: in the working copy of 'apps/worker/src/agent-webhook.ts', LF will be replaced by CRLF the next time Git touches it
warning: in the working copy of 'apps/worker/src/automation.ts', LF will be replaced by CRLF the next time Git touches it
warning: in the working copy of 'apps/worker/src/index.ts', LF will be replaced by CRLF the next time Git touches it
warning: in the working copy of 'docker-compose.lite.yml', LF will be replaced by CRLF the next time Git touches it
warning: in the working copy of 'docker-compose.production.yml', LF will be replaced by CRLF the next time Git touches it
warning: in the working copy of 'docker-compose.yml', LF will be replaced by CRLF the next time Git touches it
warning: in the working copy of 'docs/production-deployment.md', LF will be replaced by CRLF the next time Git touches it
warning: in the working copy of 'packages/db/src/channel-notifications.ts', LF will be replaced by CRLF the next time Git touches it
warning: in the working copy of 'pnpm-lock.yaml', LF will be replaced by CRLF the next time Git touches it
