#0 building with "desktop-linux" instance using docker driver

#1 [internal] load remote build context
#1 DONE 2.5s

#1 [internal] load remote build context
#1 DONE 2.5s

#2 copy /context /
#2 DONE 1.1s

#3 resolve image config for docker-image://docker.io/docker/dockerfile:1.7
#3 DONE 3.9s

#4 docker-image://docker.io/docker/dockerfile:1.7@sha256:a57df69d0ea827fb7266491f2813635de6f17269be881f696fbfdf2d83dda33e
#4 resolve docker.io/docker/dockerfile:1.7@sha256:a57df69d0ea827fb7266491f2813635de6f17269be881f696fbfdf2d83dda33e done
#4 CACHED

#5 [internal] load metadata for docker.io/library/node:22.19.0-alpine3.21
#5 DONE 3.0s

#6 [build  1/14] FROM docker.io/library/node:22.19.0-alpine3.21@sha256:6b2127043c2faa4f15cdcdeb65a39fc9afbecf5559301898b754bbff561a8aa9
#6 resolve docker.io/library/node:22.19.0-alpine3.21@sha256:6b2127043c2faa4f15cdcdeb65a39fc9afbecf5559301898b754bbff561a8aa9 done
#6 DONE 0.0s

#6 [build  1/14] FROM docker.io/library/node:22.19.0-alpine3.21@sha256:6b2127043c2faa4f15cdcdeb65a39fc9afbecf5559301898b754bbff561a8aa9
#6 CACHED

#7 [build  2/14] RUN test -z "" || node -e "new URL(process.env.NEXT_PUBLIC_API_URL)"
#7 CACHED

#8 [build  3/14] RUN corepack enable     && corepack prepare pnpm@9.15.4 --activate
#8 CACHED

#9 [build  4/14] WORKDIR /workspace
#9 CACHED

#10 [runtime  2/12] RUN apk upgrade --no-cache     && apk add --no-cache postgresql16-client     && rm -rf /usr/local/lib/node_modules/npm /usr/local/lib/node_modules/corepack /opt/yarn-v1.22.22     && rm -f /usr/local/bin/npm /usr/local/bin/npx /usr/local/bin/corepack       /usr/local/bin/pnpm /usr/local/bin/pnpx /usr/local/bin/yarn /usr/local/bin/yarnpkg     && test -n "3a30e30985b2de92d4dde90d566833297da94cde"     && echo "3a30e30985b2de92d4dde90d566833297da94cde" | grep -Eq '^[0-9a-f]{40}$'     && addgroup -S -g 10001 workmesh     && adduser -S -D -H -u 10001 -G workmesh workmesh     && mkdir -p /opt/workmesh     && chown 10001:10001 /opt/workmesh
#10 ...

#11 [build  5/14] COPY package.json pnpm-lock.yaml pnpm-workspace.yaml turbo.json tsconfig.base.json ./
#11 DONE 0.3s

#12 [build  6/14] COPY apps ./apps
#12 DONE 0.6s

#10 [runtime  2/12] RUN apk upgrade --no-cache     && apk add --no-cache postgresql16-client     && rm -rf /usr/local/lib/node_modules/npm /usr/local/lib/node_modules/corepack /opt/yarn-v1.22.22     && rm -f /usr/local/bin/npm /usr/local/bin/npx /usr/local/bin/corepack       /usr/local/bin/pnpm /usr/local/bin/pnpx /usr/local/bin/yarn /usr/local/bin/yarnpkg     && test -n "3a30e30985b2de92d4dde90d566833297da94cde"     && echo "3a30e30985b2de92d4dde90d566833297da94cde" | grep -Eq '^[0-9a-f]{40}$'     && addgroup -S -g 10001 workmesh     && adduser -S -D -H -u 10001 -G workmesh workmesh     && mkdir -p /opt/workmesh     && chown 10001:10001 /opt/workmesh
#10 1.086 fetch https://dl-cdn.alpinelinux.org/alpine/v3.21/main/x86_64/APKINDEX.tar.gz
#10 ...

#13 [build  7/14] COPY packages ./packages
#13 DONE 0.2s

#14 [build  8/14] COPY scripts ./scripts
#14 DONE 0.1s

#15 [build  9/14] COPY skills/workmesh/SKILL.md skills/workmesh/public-key.pem ./skills/workmesh/
#15 DONE 0.0s

#16 [build 10/14] COPY skills/workmesh/references/protocol.md skills/workmesh/references/clients.md ./skills/workmesh/references/
#16 DONE 0.1s

#10 [runtime  2/12] RUN apk upgrade --no-cache     && apk add --no-cache postgresql16-client     && rm -rf /usr/local/lib/node_modules/npm /usr/local/lib/node_modules/corepack /opt/yarn-v1.22.22     && rm -f /usr/local/bin/npm /usr/local/bin/npx /usr/local/bin/corepack       /usr/local/bin/pnpm /usr/local/bin/pnpx /usr/local/bin/yarn /usr/local/bin/yarnpkg     && test -n "3a30e30985b2de92d4dde90d566833297da94cde"     && echo "3a30e30985b2de92d4dde90d566833297da94cde" | grep -Eq '^[0-9a-f]{40}$'     && addgroup -S -g 10001 workmesh     && adduser -S -D -H -u 10001 -G workmesh workmesh     && mkdir -p /opt/workmesh     && chown 10001:10001 /opt/workmesh
#10 ...

#17 [build 11/14] COPY infra/docker/prepare-production-deploy.mjs ./infra/docker/prepare-production-deploy.mjs
#17 DONE 0.0s

#18 [build 12/14] RUN --mount=type=cache,id=workmesh-lite-pnpm,target=/pnpm/store,sharing=locked     pnpm install --frozen-lockfile --store-dir /pnpm/store
#18 3.849 Scope: all 19 workspace projects
#18 3.953 Lockfile is up to date, resolution step is skipped
#18 3.999 Progress: resolved 1, reused 0, downloaded 0, added 0
#18 4.090 Packages: +613
#18 4.090 ++++++++++++++++++++++++++++++++++++++++++++++++++++++++++++++++++++++++++++++++
#18 5.001 Progress: resolved 613, reused 0, downloaded 0, added 0
#18 6.002 Progress: resolved 613, reused 0, downloaded 13, added 13
#18 ...

#10 [runtime  2/12] RUN apk upgrade --no-cache     && apk add --no-cache postgresql16-client     && rm -rf /usr/local/lib/node_modules/npm /usr/local/lib/node_modules/corepack /opt/yarn-v1.22.22     && rm -f /usr/local/bin/npm /usr/local/bin/npx /usr/local/bin/corepack       /usr/local/bin/pnpm /usr/local/bin/pnpx /usr/local/bin/yarn /usr/local/bin/yarnpkg     && test -n "3a30e30985b2de92d4dde90d566833297da94cde"     && echo "3a30e30985b2de92d4dde90d566833297da94cde" | grep -Eq '^[0-9a-f]{40}$'     && addgroup -S -g 10001 workmesh     && adduser -S -D -H -u 10001 -G workmesh workmesh     && mkdir -p /opt/workmesh     && chown 10001:10001 /opt/workmesh
#10 3.792 fetch https://dl-cdn.alpinelinux.org/alpine/v3.21/community/x86_64/APKINDEX.tar.gz
#10 4.801 (1/10) Upgrading musl (1.2.5-r9 -> 1.2.5-r11)
#10 5.065 (2/10) Upgrading busybox (1.37.0-r12 -> 1.37.0-r14)
#10 5.795 Executing busybox-1.37.0-r14.post-upgrade
#10 6.248 (3/10) Upgrading busybox-binsh (1.37.0-r12 -> 1.37.0-r14)
#10 6.489 (4/10) Upgrading alpine-release (3.21.4-r0 -> 3.21.8-r0)
#10 6.723 (5/10) Upgrading ca-certificates-bundle (20250619-r0 -> 20260909-r0)
#10 6.965 (6/10) Upgrading libcrypto3 (3.3.4-r0 -> 3.3.7-r2)
#10 7.327 (7/10) Upgrading libssl3 (3.3.4-r0 -> 3.3.7-r2)
#10 7.585 (8/10) Upgrading ssl_client (1.37.0-r12 -> 1.37.0-r14)
#10 7.818 (9/10) Upgrading zlib (1.3.1-r2 -> 1.3.2-r1)
#10 8.054 (10/10) Upgrading musl-utils (1.2.5-r9 -> 1.2.5-r11)
#10 8.288 Executing busybox-1.37.0-r14.trigger
#10 8.292 OK: 10 MiB in 17 packages
#10 8.398 fetch https://dl-cdn.alpinelinux.org/alpine/v3.21/main/x86_64/APKINDEX.tar.gz
#10 10.30 fetch https://dl-cdn.alpinelinux.org/alpine/v3.21/community/x86_64/APKINDEX.tar.gz
#10 11.19 (1/8) Installing postgresql-common (1.2-r1)
#10 11.39 Executing postgresql-common-1.2-r1.pre-install
#10 11.78 (2/8) Installing lz4-libs (1.10.0-r0)
#10 11.98 (3/8) Installing libpq (17.11-r0)
#10 12.19 (4/8) Installing ncurses-terminfo-base (6.5_p20241006-r3)
#10 12.39 (5/8) Installing libncursesw (6.5_p20241006-r3)
#10 12.60 (6/8) Installing readline (8.2.13-r0)
#10 12.81 (7/8) Installing zstd-libs (1.5.6-r2)
#10 13.03 (8/8) Installing postgresql16-client (16.15-r0)
#10 13.31 Executing busybox-1.37.0-r14.trigger
#10 13.31 Executing postgresql-common-1.2-r1.trigger
#10 13.31 * Setting postgresql16 as the default version
#10 13.38 WARNING: opening from cache https://dl-cdn.alpinelinux.org/alpine/v3.21/main: No such file or directory
#10 13.38 WARNING: opening from cache https://dl-cdn.alpinelinux.org/alpine/v3.21/community: No such file or directory
#10 13.39 OK: 15 MiB in 25 packages
#10 ...

#18 [build 12/14] RUN --mount=type=cache,id=workmesh-lite-pnpm,target=/pnpm/store,sharing=locked     pnpm install --frozen-lockfile --store-dir /pnpm/store
#18 6.991 
#18 6.991    ╭───────────────────────────────────────────────────────────────────╮
#18 6.991    │                                                                   │
#18 6.991    │                Update available! 9.15.4 → 12.10.1.                │
#18 6.991    │   Changelog: https://github.com/pnpm/pnpm/releases/tag/v12.10.1   │
#18 6.991    │         Run "corepack install -g pnpm@12.10.1" to update.         │
#18 6.991    │                                                                   │
#18 6.991    ╰───────────────────────────────────────────────────────────────────╯
#18 6.991 
#18 7.005 Progress: resolved 613, reused 0, downloaded 55, added 55
#18 8.004 Progress: resolved 613, reused 0, downloaded 109, added 109
#18 9.004 Progress: resolved 613, reused 0, downloaded 154, added 154
#18 10.00 Progress: resolved 613, reused 0, downloaded 205, added 201
#18 11.00 Progress: resolved 613, reused 0, downloaded 256, added 255
#18 12.00 Progress: resolved 613, reused 0, downloaded 326, added 326
#18 13.01 Progress: resolved 613, reused 0, downloaded 356, added 345
#18 14.01 Progress: resolved 613, reused 0, downloaded 409, added 398
#18 15.01 Progress: resolved 613, reused 0, downloaded 427, added 415
#18 16.01 Progress: resolved 613, reused 0, downloaded 441, added 437
#18 17.01 Progress: resolved 613, reused 0, downloaded 453, added 442
#18 18.01 Progress: resolved 613, reused 0, downloaded 453, added 443
#18 21.71 Progress: resolved 613, reused 0, downloaded 453, added 444
#18 22.71 Progress: resolved 613, reused 0, downloaded 456, added 451
#18 23.71 Progress: resolved 613, reused 0, downloaded 467, added 464
#18 24.71 Progress: resolved 613, reused 0, downloaded 467, added 465
#18 ...

#10 [runtime  2/12] RUN apk upgrade --no-cache     && apk add --no-cache postgresql16-client     && rm -rf /usr/local/lib/node_modules/npm /usr/local/lib/node_modules/corepack /opt/yarn-v1.22.22     && rm -f /usr/local/bin/npm /usr/local/bin/npx /usr/local/bin/corepack       /usr/local/bin/pnpm /usr/local/bin/pnpx /usr/local/bin/yarn /usr/local/bin/yarnpkg     && test -n "3a30e30985b2de92d4dde90d566833297da94cde"     && echo "3a30e30985b2de92d4dde90d566833297da94cde" | grep -Eq '^[0-9a-f]{40}$'     && addgroup -S -g 10001 workmesh     && adduser -S -D -H -u 10001 -G workmesh workmesh     && mkdir -p /opt/workmesh     && chown 10001:10001 /opt/workmesh
#10 DONE 26.2s

#19 [runtime  3/12] WORKDIR /opt/workmesh/api
#19 DONE 3.3s

#18 [build 12/14] RUN --mount=type=cache,id=workmesh-lite-pnpm,target=/pnpm/store,sharing=locked     pnpm install --frozen-lockfile --store-dir /pnpm/store
#18 25.58  WARN  GET https://registry.npmjs.org/character-entities-legacy/-/character-entities-legacy-3.0.0.tgz error (ECONNRESET). Will retry in 10 seconds. 2 retries left.
#18 25.71 Progress: resolved 613, reused 0, downloaded 494, added 483
#18 26.71 Progress: resolved 613, reused 0, downloaded 494, added 485
#18 27.71 Progress: resolved 613, reused 0, downloaded 494, added 487
#18 28.71 Progress: resolved 613, reused 0, downloaded 534, added 532
#18 29.71 Progress: resolved 613, reused 0, downloaded 574, added 573
#18 30.71 Progress: resolved 613, reused 0, downloaded 609, added 609
#18 31.71 Progress: resolved 613, reused 0, downloaded 611, added 611
#18 33.49 Progress: resolved 613, reused 0, downloaded 612, added 611
#18 34.49 Progress: resolved 613, reused 0, downloaded 612, added 612
#18 35.82 Progress: resolved 613, reused 0, downloaded 613, added 612
#18 35.82 Progress: resolved 613, reused 0, downloaded 613, added 613, done
#18 36.00 .../node_modules/protobufjs postinstall$ node scripts/postinstall
#18 36.02 .../argon2@0.41.1/node_modules/argon2 install$ node-gyp-build
#18 36.02 .../esbuild@0.28.1/node_modules/esbuild postinstall$ node install.js
#18 36.02 .../esbuild@0.28.2/node_modules/esbuild postinstall$ node install.js
#18 36.05 .../node_modules/protobufjs postinstall: Done
#18 36.06 .../esbuild@0.28.1/node_modules/esbuild postinstall: Done
#18 36.07 .../esbuild@0.28.2/node_modules/esbuild postinstall: Done
#18 36.08 .../argon2@0.41.1/node_modules/argon2 install: Done
#18 36.11 .../node_modules/@google/genai preinstall$ echo 'preinstall: no-op'
#18 36.11 .../node_modules/@google/genai preinstall: preinstall: no-op
#18 36.11 .../node_modules/@google/genai preinstall: Done
#18 36.33 
#18 36.33 devDependencies:
#18 36.33 + @playwright/test 1.61.1
#18 36.33 + @types/node 22.20.1
#18 36.33 + eslint 9.39.5
#18 36.33 + prettier 3.9.6
#18 36.33 + tsx 4.23.1
#18 36.33 + turbo 2.10.6
#18 36.33 + typescript 5.9.3
#18 36.33 + vitest 3.2.7
#18 36.33 + yaml 2.9.0
#18 36.33 
#18 36.38 Done in 33.5s
#18 DONE 38.1s

#20 [build 13/14] RUN pnpm check:workmesh-skill     && pnpm --filter @workmesh/config build     && pnpm --filter @workmesh/api... build     && pnpm --filter @workmesh/worker... build     && pnpm --filter @workmesh/web... build
#20 1.100 
#20 1.100 > workmesh@ check:workmesh-skill /workspace
#20 1.100 > node scripts/generate-workmesh-skill-artifact.mjs --check
#20 1.100 
#20 1.130 sha256:8dd4c67f92a758e3df2f82ea6c838a22b9db16dbb5e16d1c9b1f5dcd74a170ad verified
#20 1.423 
#20 1.423 > @workmesh/config@ build /workspace/packages/config
#20 1.423 > tsc -p tsconfig.json
#20 1.423 
#20 5.189 Scope: 10 of 19 workspace projects
#20 5.193 packages/contracts build$ tsc -p tsconfig.build.json
#20 5.193 packages/artifact-storage build$ tsc -p tsconfig.json
#20 5.194 packages/observability build$ tsc -p tsconfig.json
#20 5.194 packages/git-provider build$ tsc -p tsconfig.json
#20 6.735 packages/observability build: Done
#20 7.040 packages/git-provider build: Done
#20 7.375 packages/artifact-storage build: Done
#20 9.780 packages/contracts build: Done
#20 9.781 packages/config build$ tsc -p tsconfig.json
#20 9.781 packages/a2a-adapter build$ tsc -p tsconfig.json
#20 9.782 packages/domain build$ tsc -p tsconfig.json
#20 11.00 packages/a2a-adapter build: Done
#20 13.85 packages/config build: Done
#20 13.97 packages/domain build: Done
#20 13.97 packages/db build$ tsc -p tsconfig.json
#20 19.60 packages/db build: Done
#20 19.60 packages/recovery build$ tsc -p tsconfig.build.json
#20 23.37 packages/recovery build: Done
#20 23.37 apps/api build$ tsc -p tsconfig.build.json
#20 31.43 apps/api build: Done
#20 31.74 Scope: 7 of 19 workspace projects
#20 31.74 packages/artifact-storage build$ tsc -p tsconfig.json
#20 31.74 packages/contracts build$ tsc -p tsconfig.build.json
#20 31.74 packages/git-provider build$ tsc -p tsconfig.json
#20 33.25 packages/git-provider build: Done
#20 33.64 packages/artifact-storage build: Done
#20 35.88 packages/contracts build: Done
#20 35.88 packages/config build$ tsc -p tsconfig.json
#20 35.88 packages/domain build$ tsc -p tsconfig.json
#20 39.55 packages/config build: Done
#20 39.62 packages/domain build: Done
#20 39.62 packages/db build$ tsc -p tsconfig.json
#20 45.12 packages/db build: Done
#20 45.12 apps/worker build$ tsc -p tsconfig.build.json
#20 50.50 apps/worker build: Done
#20 50.77 Scope: 3 of 19 workspace projects
#20 50.78 packages/contracts build$ tsc -p tsconfig.build.json
#20 50.78 packages/ui build$ tsc -p tsconfig.json
#20 53.83 packages/ui build: Done
#20 54.62 packages/contracts build: Done
#20 54.62 apps/web build$ next build
#20 55.33 apps/web build: Attention: Next.js now collects completely anonymous telemetry regarding usage.
#20 55.33 apps/web build: This information is used to shape Next.js' roadmap and prioritize features.
#20 55.33 apps/web build: You can learn more, including how to opt-out if you'd not like to participate in this anonymous program, by visiting the following URL:
#20 55.33 apps/web build: https://nextjs.org/telemetry
#20 55.40 apps/web build:    ▲ Next.js 15.5.22
#20 55.48 apps/web build:    Creating an optimized production build ...
#20 77.16 apps/web build: <w> [webpack.cache.PackFileCacheStrategy] Skipped not serializable cache item 'Compilation/modules|/workspace/node_modules/.pnpm/next@15.5.22_@playwright+test@1.61.1_@types+node@22.20.1_react-dom@19.2.8_react@19.2.8__react@19.2.8/node_modules/next/dist/build/webpack/loaders/css-loader/src/index.js??ruleSet[1].rules[14].oneOf[10].use[2]!/workspace/node_modules/.pnpm/next@15.5.22_@playwright+test@1.61.1_@types+node@22.20.1_react-dom@19.2.8_react@19.2.8__react@19.2.8/node_modules/next/dist/build/webpack/loaders/postcss-loader/src/index.js??ruleSet[1].rules[14].oneOf[10].use[3]!/workspace/apps/web/app/styles.css': No serializer registered for Warning
#20 77.16 apps/web build: <w> while serializing webpack/lib/cache/PackFileCacheStrategy.PackContentItems -> webpack/lib/NormalModule -> Array { 4 items } -> webpack/lib/ModuleWarning -> Warning
#20 78.44 apps/web build:  ⚠ Compiled with warnings in 22.8s
#20 78.44 apps/web build: ./app/styles.css.webpack[javascript/auto]!=!../../node_modules/.pnpm/next@15.5.22_@playwright+test@1.61.1_@types+node@22.20.1_react-dom@19.2.8_react@19.2.8__react@19.2.8/node_modules/next/dist/build/webpack/loaders/css-loader/src/index.js??ruleSet[1].rules[14].oneOf[10].use[2]!../../node_modules/.pnpm/next@15.5.22_@playwright+test@1.61.1_@types+node@22.20.1_react-dom@19.2.8_react@19.2.8__react@19.2.8/node_modules/next/dist/build/webpack/loaders/postcss-loader/src/index.js??ruleSet[1].rules[14].oneOf[10].use[3]!./app/styles.css
#20 78.44 apps/web build: Warning
#20 78.44 apps/web build: (1567:47) autoprefixer: end value has mixed support, consider using flex-end instead
#20 78.44 apps/web build: Import trace for requested module:
#20 78.44 apps/web build: ./app/styles.css.webpack[javascript/auto]!=!../../node_modules/.pnpm/next@15.5.22_@playwright+test@1.61.1_@types+node@22.20.1_react-dom@19.2.8_react@19.2.8__react@19.2.8/node_modules/next/dist/build/webpack/loaders/css-loader/src/index.js??ruleSet[1].rules[14].oneOf[10].use[2]!../../node_modules/.pnpm/next@15.5.22_@playwright+test@1.61.1_@types+node@22.20.1_react-dom@19.2.8_react@19.2.8__react@19.2.8/node_modules/next/dist/build/webpack/loaders/postcss-loader/src/index.js??ruleSet[1].rules[14].oneOf[10].use[3]!./app/styles.css
#20 78.44 apps/web build: ./app/styles.css
#20 78.44 apps/web build: ./app/styles.css.webpack[javascript/auto]!=!../../node_modules/.pnpm/next@15.5.22_@playwright+test@1.61.1_@types+node@22.20.1_react-dom@19.2.8_react@19.2.8__react@19.2.8/node_modules/next/dist/build/webpack/loaders/css-loader/src/index.js??ruleSet[1].rules[14].oneOf[10].use[2]!../../node_modules/.pnpm/next@15.5.22_@playwright+test@1.61.1_@types+node@22.20.1_react-dom@19.2.8_react@19.2.8__react@19.2.8/node_modules/next/dist/build/webpack/loaders/postcss-loader/src/index.js??ruleSet[1].rules[14].oneOf[10].use[3]!./app/styles.css
#20 78.44 apps/web build: Warning
#20 78.44 apps/web build: (1760:57) autoprefixer: end value has mixed support, consider using flex-end instead
#20 78.44 apps/web build: Import trace for requested module:
#20 78.44 apps/web build: ./app/styles.css.webpack[javascript/auto]!=!../../node_modules/.pnpm/next@15.5.22_@playwright+test@1.61.1_@types+node@22.20.1_react-dom@19.2.8_react@19.2.8__react@19.2.8/node_modules/next/dist/build/webpack/loaders/css-loader/src/index.js??ruleSet[1].rules[14].oneOf[10].use[2]!../../node_modules/.pnpm/next@15.5.22_@playwright+test@1.61.1_@types+node@22.20.1_react-dom@19.2.8_react@19.2.8__react@19.2.8/node_modules/next/dist/build/webpack/loaders/postcss-loader/src/index.js??ruleSet[1].rules[14].oneOf[10].use[3]!./app/styles.css
#20 78.44 apps/web build: ./app/styles.css
#20 78.44 apps/web build: ./app/styles.css.webpack[javascript/auto]!=!../../node_modules/.pnpm/next@15.5.22_@playwright+test@1.61.1_@types+node@22.20.1_react-dom@19.2.8_react@19.2.8__react@19.2.8/node_modules/next/dist/build/webpack/loaders/css-loader/src/index.js??ruleSet[1].rules[14].oneOf[10].use[2]!../../node_modules/.pnpm/next@15.5.22_@playwright+test@1.61.1_@types+node@22.20.1_react-dom@19.2.8_react@19.2.8__react@19.2.8/node_modules/next/dist/build/webpack/loaders/postcss-loader/src/index.js??ruleSet[1].rules[14].oneOf[10].use[3]!./app/styles.css
#20 78.44 apps/web build: Warning
#20 78.44 apps/web build: (1849:36) autoprefixer: end value has mixed support, consider using flex-end instead
#20 78.44 apps/web build: Import trace for requested module:
#20 78.44 apps/web build: ./app/styles.css.webpack[javascript/auto]!=!../../node_modules/.pnpm/next@15.5.22_@playwright+test@1.61.1_@types+node@22.20.1_react-dom@19.2.8_react@19.2.8__react@19.2.8/node_modules/next/dist/build/webpack/loaders/css-loader/src/index.js??ruleSet[1].rules[14].oneOf[10].use[2]!../../node_modules/.pnpm/next@15.5.22_@playwright+test@1.61.1_@types+node@22.20.1_react-dom@19.2.8_react@19.2.8__react@19.2.8/node_modules/next/dist/build/webpack/loaders/postcss-loader/src/index.js??ruleSet[1].rules[14].oneOf[10].use[3]!./app/styles.css
#20 78.44 apps/web build: ./app/styles.css
#20 78.44 apps/web build: ./app/styles.css.webpack[javascript/auto]!=!../../node_modules/.pnpm/next@15.5.22_@playwright+test@1.61.1_@types+node@22.20.1_react-dom@19.2.8_react@19.2.8__react@19.2.8/node_modules/next/dist/build/webpack/loaders/css-loader/src/index.js??ruleSet[1].rules[14].oneOf[10].use[2]!../../node_modules/.pnpm/next@15.5.22_@playwright+test@1.61.1_@types+node@22.20.1_react-dom@19.2.8_react@19.2.8__react@19.2.8/node_modules/next/dist/build/webpack/loaders/postcss-loader/src/index.js??ruleSet[1].rules[14].oneOf[10].use[3]!./app/styles.css
#20 78.44 apps/web build: Warning
#20 78.44 apps/web build: (1860:87) autoprefixer: start value has mixed support, consider using flex-start instead
#20 78.44 apps/web build: Import trace for requested module:
#20 78.44 apps/web build: ./app/styles.css.webpack[javascript/auto]!=!../../node_modules/.pnpm/next@15.5.22_@playwright+test@1.61.1_@types+node@22.20.1_react-dom@19.2.8_react@19.2.8__react@19.2.8/node_modules/next/dist/build/webpack/loaders/css-loader/src/index.js??ruleSet[1].rules[14].oneOf[10].use[2]!../../node_modules/.pnpm/next@15.5.22_@playwright+test@1.61.1_@types+node@22.20.1_react-dom@19.2.8_react@19.2.8__react@19.2.8/node_modules/next/dist/build/webpack/loaders/postcss-loader/src/index.js??ruleSet[1].rules[14].oneOf[10].use[3]!./app/styles.css
#20 78.44 apps/web build: ./app/styles.css
#20 78.45 apps/web build:    Linting and checking validity of types ...
#20 94.92 apps/web build:    Collecting page data ...
#20 96.51 apps/web build:    Generating static pages (0/16) ...
#20 97.03 apps/web build:    Generating static pages (4/16) 
#20 97.03 apps/web build:    Generating static pages (8/16) 
#20 97.22 apps/web build:    Generating static pages (12/16) 
#20 97.22 apps/web build:  ✓ Generating static pages (16/16)
#20 97.88 apps/web build:    Finalizing page optimization ...
#20 97.88 apps/web build:    Collecting build traces ...
#20 115.6 apps/web build: Route (app)                                 Size  First Load JS
#20 115.6 apps/web build: ┌ ○ /                                    80.5 kB         400 kB
#20 115.6 apps/web build: ├ ○ /_not-found                            131 B         103 kB
#20 115.6 apps/web build: ├ ƒ /agent-sessions/[id]                   992 B         282 kB
#20 115.6 apps/web build: ├ ○ /agents                              27.6 kB         241 kB
#20 115.6 apps/web build: ├ ƒ /agents/[id]                         6.04 kB         287 kB
#20 115.6 apps/web build: ├ ○ /apple-icon.png                          0 B            0 B
#20 115.6 apps/web build: ├ ○ /connect                             13.1 kB         192 kB
#20 115.6 apps/web build: ├ ○ /icon.png                                0 B            0 B
#20 115.6 apps/web build: ├ ○ /install                              6.2 kB         185 kB
#20 115.6 apps/web build: ├ ƒ /livez                                 131 B         103 kB
#20 115.6 apps/web build: ├ ○ /login                               5.98 kB         185 kB
#20 115.6 apps/web build: ├ ○ /operations                          9.96 kB         203 kB
#20 115.6 apps/web build: ├ ƒ /readyz                                131 B         103 kB
#20 115.6 apps/web build: ├ ○ /settings                            14.6 kB         199 kB
#20 115.6 apps/web build: ├ ○ /settings/agent-workbench            9.76 kB         234 kB
#20 115.6 apps/web build: ├ ○ /ui-catalog                          3.09 kB         182 kB
#20 115.6 apps/web build: └ ○ /workbench                           13.5 kB         306 kB
#20 115.6 apps/web build: + First Load JS shared by all             103 kB
#20 115.6 apps/web build:   ├ chunks/202-579a6ac7273e6498.js       46.5 kB
#20 115.6 apps/web build:   ├ chunks/a1e4b416-8dc067520d41ca1a.js  54.2 kB
#20 115.6 apps/web build:   └ other shared chunks (total)          1.95 kB
#20 115.6 apps/web build: ○  (Static)   prerendered as static content
#20 115.6 apps/web build: ƒ  (Dynamic)  server-rendered on demand
#20 115.7 apps/web build: Done
#20 DONE 116.1s

#21 [build 14/14] RUN pnpm --filter @workmesh/api --prod deploy /out-api     && node infra/docker/prepare-production-deploy.mjs /out-api     && pnpm --filter @workmesh/worker --prod deploy /out-worker     && node infra/docker/prepare-production-deploy.mjs /out-worker     && mkdir -p /out-web     && cp -R apps/web/.next/standalone/. /out-web/     && mkdir -p /out-web/apps/web/.next     && cp -R apps/web/.next/static /out-web/apps/web/.next/static     && cp -R apps/web/public /out-web/apps/web/public
#21 0.772 Packages are copied from the content-addressable store to the virtual store.
#21 0.772   Content-addressable store is at: /root/.local/share/pnpm/store/v3
#21 0.772   Virtual store is at:             ../out-api/node_modules/.pnpm
#21 0.803 Progress: resolved 1, reused 0, downloaded 0, added 0
#21 1.804 Progress: resolved 9, reused 9, downloaded 0, added 0
#21 2.804 Progress: resolved 16, reused 9, downloaded 7, added 0
#21 3.805 Progress: resolved 23, reused 9, downloaded 14, added 0
#21 4.805 Progress: resolved 47, reused 9, downloaded 27, added 0
#21 5.806 Progress: resolved 106, reused 9, downloaded 86, added 0
#21 6.806 Progress: resolved 139, reused 9, downloaded 115, added 0
#21 7.806 Progress: resolved 186, reused 9, downloaded 138, added 0
#21 8.806 Progress: resolved 250, reused 9, downloaded 207, added 0
#21 9.807 Progress: resolved 291, reused 9, downloaded 250, added 0
#21 10.81 Progress: resolved 335, reused 9, downloaded 256, added 0
#21 11.79 .                                        | +121 ++++++++++++
#21 11.81 Progress: resolved 357, reused 9, downloaded 290, added 0
#21 12.06 Progress: resolved 357, reused 9, downloaded 292, added 121, done
#21 12.10 .../argon2@0.41.1/node_modules/argon2 install$ node-gyp-build
#21 12.14 .../argon2@0.41.1/node_modules/argon2 install: Done
#21 12.20  WARN  Failed to create bin at /workspace/apps/out-api/node_modules/.bin/vite. ENOENT: no such file or directory, open '/out-api/node_modules/.pnpm/vite@7.3.6_@types+node@22.20.1_jiti@2.7.0_tsx@4.23.1_yaml@2.9.0/node_modules/vite/bin/vite.js'
#21 12.20  WARN  Failed to create bin at /workspace/apps/out-api/node_modules/.bin/yaml. ENOENT: no such file or directory, open '/out-api/node_modules/.pnpm/yaml@2.9.0/node_modules/yaml/bin.mjs'
#21 12.20  WARN  Failed to create bin at /workspace/apps/out-api/node_modules/.bin/jiti. ENOENT: no such file or directory, open '/out-api/node_modules/.pnpm/jiti@2.7.0/node_modules/jiti/lib/jiti-cli.mjs'
#21 12.65 Packages are copied from the content-addressable store to the virtual store.
#21 12.65   Content-addressable store is at: /root/.local/share/pnpm/store/v3
#21 12.65   Virtual store is at:             ../out-worker/node_modules/.pnpm
#21 12.68 Progress: resolved 1, reused 0, downloaded 0, added 0
#21 13.69 Progress: resolved 18, reused 18, downloaded 0, added 0
#21 14.69 Progress: resolved 233, reused 176, downloaded 2, added 0
#21 15.69 Progress: resolved 237, reused 178, downloaded 4, added 0
#21 16.69 Progress: resolved 257, reused 189, downloaded 13, added 0
#21 17.32  WARN  GET https://registry.npmjs.org/zod error (ECONNRESET). Will retry in 10 seconds. 2 retries left.
#21 17.69 Progress: resolved 264, reused 193, downloaded 16, added 0
#21 18.42  WARN  GET https://registry.npmjs.org/@aws-sdk%2Ftypes error (ECONNRESET). Will retry in 10 seconds. 2 retries left.
#21 29.40 Progress: resolved 265, reused 193, downloaded 16, added 0
#21 30.40 Progress: resolved 268, reused 197, downloaded 16, added 0
#21 31.40 Progress: resolved 270, reused 199, downloaded 16, added 0
#21 32.40 Progress: resolved 284, reused 212, downloaded 16, added 0
#21 33.40 Progress: resolved 307, reused 235, downloaded 16, added 0
#21 34.40 Progress: resolved 318, reused 246, downloaded 16, added 0
#21 34.79 .                                        |  +82 ++++++++
#21 34.99 Progress: resolved 319, reused 247, downloaded 16, added 82, done
#21 35.05  WARN  Failed to create bin at /workspace/apps/out-worker/node_modules/.bin/vite. ENOENT: no such file or directory, open '/out-worker/node_modules/.pnpm/vite@7.3.6_@types+node@22.20.1_jiti@2.7.0_tsx@4.23.1_yaml@2.9.0/node_modules/vite/bin/vite.js'
#21 35.05  WARN  Failed to create bin at /workspace/apps/out-worker/node_modules/.bin/yaml. ENOENT: no such file or directory, open '/out-worker/node_modules/.pnpm/yaml@2.9.0/node_modules/yaml/bin.mjs'
#21 35.05  WARN  Failed to create bin at /workspace/apps/out-worker/node_modules/.bin/jiti. ENOENT: no such file or directory, open '/out-worker/node_modules/.pnpm/jiti@2.7.0/node_modules/jiti/lib/jiti-cli.mjs'
#21 DONE 37.5s

#22 [runtime  4/12] COPY --from=build --chown=10001:10001 /out-api /opt/workmesh/api
#22 DONE 2.3s

#23 [runtime  5/12] COPY --from=build --chown=10001:10001 /out-worker /opt/workmesh/worker
#23 DONE 1.6s

#24 [runtime  6/12] COPY --from=build --chown=10001:10001 /out-web /opt/workmesh/web
#24 DONE 9.2s

#25 [runtime  7/12] COPY --chown=10001:10001 packages/config/src/runtime-secrets.mjs ./runtime-secrets.mjs
#25 DONE 0.1s

#26 [runtime  8/12] COPY --chown=10001:10001 infra/docker/runtime-guard.mjs ./runtime-guard.mjs
#26 DONE 0.1s

#27 [runtime  9/12] COPY --chown=10001:10001 infra/docker/lite-dispatch.mjs ./lite-dispatch.mjs
#27 DONE 0.0s

#28 [runtime 10/12] COPY --chown=10001:10001 infra/docker/lite-entrypoint.sh ./entrypoint.sh
#28 DONE 0.1s

#29 [runtime 11/12] COPY --chown=10001:10001 infra/docker/healthcheck.mjs ./healthcheck.mjs
#29 DONE 0.1s

#30 [runtime 12/12] RUN sed -i 's/\r$//' /opt/workmesh/api/entrypoint.sh     && chmod 0555 /opt/workmesh/api/entrypoint.sh
#30 DONE 0.2s

#31 exporting to image
#31 exporting layers
#31 exporting layers 2.3s done
#31 exporting manifest sha256:649677bcd097900507a3da8f654ac403c28aaa0e1c33f4b0b907549f2f8192c1 done
#31 exporting config sha256:3028aff4b00869d79ebac6a5dc0d71aa41550215bb5fa7ab9160dc59ab99a7ee done
#31 exporting attestation manifest sha256:744918c1ee6c4d6c135db37cd7aa218189645898bbfe7636cdd378999853defa done
#31 exporting manifest list sha256:ec3903990ed43d464eae205ba41167ac0fea47188c5e0c44dd04abf90ceb42db done
#31 naming to docker.io/library/workmesh-a2-lite:a2-lite-c4424791 done
#31 unpacking to docker.io/library/workmesh-a2-lite:a2-lite-c4424791
#31 unpacking to docker.io/library/workmesh-a2-lite:a2-lite-c4424791 2.6s done
#31 DONE 5.0s

View build details: docker-desktop://dashboard/build/desktop-linux/desktop-linux/lon013zhp1xzrmnf5pwv2o39y
