 Image redis:7.4.5-alpine Pulling 
 Image postgres:16.9-alpine Pulling 
 a976ed7e7808 Pulling fs layer 0B
 311eca34042e Pulling fs layer 0B
 4c55286bbede Pulling fs layer 0B
 a2cadbfeca72 Pulling fs layer 0B
 5e28347af205 Pulling fs layer 0B
 e6fe6f07e192 Pulling fs layer 0B
 4f4fb700ef54 Pulling fs layer 0B
 4f4fb700ef54 Already exists 0B
 a976ed7e7808 Download complete 0B
 5e28347af205 Downloading 173.2kB
 5e28347af205 Download complete 0B
 4c55286bbede Download complete 0B
 4c55286bbede Extracting 1B
 4c55286bbede Extracting 1B
 a2cadbfeca72 Download complete 0B
 4c55286bbede Extracting 1B
 4c55286bbede Extracting 1B
 4c55286bbede Extracting 1B
 4c55286bbede Extracting 1B
 4c55286bbede Extracting 1B
 4c55286bbede Extracting 1B
 4c55286bbede Extracting 1B
 4c55286bbede Extracting 1B
 4c55286bbede Extracting 2B
 4c55286bbede Extracting 2B
 4c55286bbede Extracting 2B
 4c55286bbede Extracting 2B
 4c55286bbede Extracting 2B
 311eca34042e Download complete 0B
 4c55286bbede Extracting 2B
 4c55286bbede Extracting 2B
 4c55286bbede Extracting 2B
 e6fe6f07e192 Downloading 1.049MB
 4c55286bbede Extracting 2B
 e6fe6f07e192 Downloading 1.049MB
 4c55286bbede Extracting 2B
 e6fe6f07e192 Downloading 2.097MB
 4c55286bbede Extracting 3B
 e6fe6f07e192 Downloading 3.146MB
 4c55286bbede Extracting 3B
 e6fe6f07e192 Downloading 4.194MB
 4c55286bbede Extracting 3B
 e6fe6f07e192 Downloading 7.34MB
 4c55286bbede Extracting 3B
 e6fe6f07e192 Downloading 7.34MB
 4c55286bbede Extracting 3B
 e6fe6f07e192 Downloading 8.389MB
 4c55286bbede Extracting 3B
 e6fe6f07e192 Downloading 8.389MB
 4c55286bbede Extracting 3B
 e6fe6f07e192 Downloading 9.437MB
 4c55286bbede Extracting 3B
 e6fe6f07e192 Downloading 10.49MB
 4c55286bbede Extracting 3B
 e6fe6f07e192 Downloading 10.49MB
 4c55286bbede Extracting 3B
 e6fe6f07e192 Downloading 11.53MB
 4c55286bbede Extracting 4B
 e6fe6f07e192 Downloading 12.41MB
 4c55286bbede Extracting 4B
 e6fe6f07e192 Download complete 0B
 4c55286bbede Extracting 4B
 4c55286bbede Extracting 4B
 4c55286bbede Extracting 4B
 4c55286bbede Extracting 4B
 4c55286bbede Extracting 4B
 4c55286bbede Extracting 4B
 4c55286bbede Extracting 4B
 4c55286bbede Extracting 4B
 4c55286bbede Extracting 5B
 4c55286bbede Extracting 5B
 4c55286bbede Extracting 5B
 4c55286bbede Extracting 5B
 4c55286bbede Extracting 5B
 4c55286bbede Extracting 5B
 4c55286bbede Extracting 5B
 4c55286bbede Extracting 5B
 4c55286bbede Extracting 5B
 4c55286bbede Extracting 5B
 4c55286bbede Extracting 6B
 4c55286bbede Extracting 6B
 4c55286bbede Extracting 6B
 4c55286bbede Extracting 6B
 4c55286bbede Extracting 6B
 5f5cf5fab12d Pulling fs layer 0B
 f9996286154d Pulling fs layer 0B
 0ff154fa3401 Pulling fs layer 0B
 ca2e0665c045 Pulling fs layer 0B
 9824c27679d3 Pulling fs layer 0B
 ad66e73d9475 Pulling fs layer 0B
 d0075eb78730 Pulling fs layer 0B
 68fd2dbe7703 Pulling fs layer 0B
 e62b35ad5ef0 Pulling fs layer 0B
 27e0d631c908 Pulling fs layer 0B
 e155013fa2b9 Pulling fs layer 0B
 4c55286bbede Extracting 6B
 4c55286bbede Extracting 6B
 4c55286bbede Extracting 6B
 4c55286bbede Extracting 6B
 4c55286bbede Extracting 6B
 4c55286bbede Extracting 6B
 4c55286bbede Extracting 7B
 4c55286bbede Extracting 7B
 4c55286bbede Extracting 7B
 4c55286bbede Extracting 7B
 4c55286bbede Extracting 7B
 4c55286bbede Extracting 7B
 4c55286bbede Extracting 7B
 f9996286154d Download complete 0B
 4c55286bbede Extracting 7B
 5e28347af205 Extracting 1B
 4c55286bbede Pull complete 0B
 5e28347af205 Pull complete 0B
 311eca34042e Pull complete 0B
 e6fe6f07e192 Extracting 1B
 4f4fb700ef54 Pull complete 0B
 a976ed7e7808 Pull complete 0B
 a2cadbfeca72 Pull complete 0B
 e6fe6f07e192 Pull complete 0B
 5f5cf5fab12d Download complete 0B
 89df6447e4e7 Download complete 0B
 ad66e73d9475 Download complete 0B
 ca2e0665c045 Download complete 0B
 0ff154fa3401 Downloading 1.049MB
 0ff154fa3401 Downloading 1.049MB
 0ff154fa3401 Downloading 2.097MB
 0ff154fa3401 Downloading 3.146MB
 9824c27679d3 Downloading 1.049MB
 d0075eb78730 Download complete 0B
 0ff154fa3401 Downloading 4.194MB
 9824c27679d3 Downloading 1.049MB
 0ff154fa3401 Downloading 6.291MB
 9824c27679d3 Downloading 2.097MB
 0ff154fa3401 Downloading 8.389MB
 9824c27679d3 Downloading 3.146MB
 0ff154fa3401 Downloading 10.49MB
 9824c27679d3 Download complete 0B
 0ff154fa3401 Downloading 12.58MB
 ad66e73d9475 Pull complete 0B
 9824c27679d3 Pull complete 0B
 0ff154fa3401 Downloading 14.68MB
 0ff154fa3401 Downloading 16.78MB
 0ff154fa3401 Downloading 18.87MB
 0ff154fa3401 Downloading 20.97MB
 0ff154fa3401 Downloading 23.07MB
 0ff154fa3401 Downloading 25.17MB
 0ff154fa3401 Downloading 27.26MB
 0ff154fa3401 Downloading 29.36MB
 0ff154fa3401 Downloading 31.46MB
 0ff154fa3401 Downloading 33.55MB
 e3df9fa69cee Download complete 0B
 0ff154fa3401 Downloading 35.65MB
 0ff154fa3401 Downloading 37.75MB
 0ff154fa3401 Downloading 39.85MB
 0ff154fa3401 Downloading 41.94MB
 0ff154fa3401 Downloading 44.04MB
 27e0d631c908 Download complete 0B
 0ff154fa3401 Downloading 46.14MB
 e62b35ad5ef0 Download complete 0B
 0ff154fa3401 Downloading 48.23MB
 f9996286154d Pull complete 0B
 d0075eb78730 Pull complete 0B
 e62b35ad5ef0 Pull complete 0B
 0ff154fa3401 Downloading 50.33MB
 0ff154fa3401 Downloading 52.43MB
 0ff154fa3401 Downloading 54.53MB
 0ff154fa3401 Downloading 56.62MB
 0ff154fa3401 Downloading 58.72MB
 e155013fa2b9 Download complete 0B
 0ff154fa3401 Downloading 60.82MB
 0ff154fa3401 Downloading 62.91MB
 68fd2dbe7703 Download complete 0B
 0ff154fa3401 Downloading 65.01MB
 0ff154fa3401 Downloading 67.11MB
 0ff154fa3401 Downloading 69.21MB
 0ff154fa3401 Downloading 71.3MB
 0ff154fa3401 Downloading 73.4MB
 0ff154fa3401 Downloading 75.5MB
 0ff154fa3401 Downloading 77.59MB
 0ff154fa3401 Downloading 79.69MB
 0ff154fa3401 Downloading 81.79MB
 0ff154fa3401 Downloading 83.89MB
 0ff154fa3401 Downloading 85.98MB
 0ff154fa3401 Downloading 88.08MB
 0ff154fa3401 Downloading 91.23MB
 0ff154fa3401 Downloading 92.27MB
 e1c32e1bbaad Download complete 0B
 0ff154fa3401 Downloading 95.42MB
 9aaeeb4de08a Downloading 460.8kB
 9aaeeb4de08a Download complete 0B
 Image redis:7.4.5-alpine Pulled 
 0ff154fa3401 Downloading 96.47MB
 0ff154fa3401 Downloading 99.61MB
 0ff154fa3401 Downloading 101.7MB
 0ff154fa3401 Downloading 103.8MB
 0ff154fa3401 Downloading 104.7MB
 0ff154fa3401 Downloading 104.7MB
 0ff154fa3401 Downloading 104.7MB
 0ff154fa3401 Downloading 104.7MB
 0ff154fa3401 Downloading 104.7MB
 0ff154fa3401 Downloading 104.7MB
 0ff154fa3401 Downloading 104.7MB
 0ff154fa3401 Downloading 104.7MB
 0ff154fa3401 Downloading 104.7MB
 0ff154fa3401 Downloading 104.7MB
 0ff154fa3401 Downloading 104.7MB
 0ff154fa3401 Downloading 104.7MB
 0ff154fa3401 Downloading 104.7MB
 0ff154fa3401 Downloading 104.7MB
 0ff154fa3401 Downloading 104.7MB
 0ff154fa3401 Downloading 104.7MB
 0ff154fa3401 Downloading 104.7MB
 0ff154fa3401 Downloading 104.7MB
 0ff154fa3401 Downloading 104.7MB
 0ff154fa3401 Downloading 104.7MB
 0ff154fa3401 Downloading 104.7MB
 0ff154fa3401 Downloading 104.7MB
 0ff154fa3401 Downloading 104.7MB
 0ff154fa3401 Downloading 104.7MB
 0ff154fa3401 Downloading 104.7MB
 0ff154fa3401 Downloading 104.7MB
 0ff154fa3401 Downloading 104.7MB
 0ff154fa3401 Downloading 104.7MB
 0ff154fa3401 Downloading 104.7MB
 0ff154fa3401 Downloading 104.7MB
 0ff154fa3401 Downloading 104.7MB
 0ff154fa3401 Downloading 104.7MB
 0ff154fa3401 Downloading 104.7MB
 0ff154fa3401 Downloading 104.7MB
 0ff154fa3401 Downloading 104.7MB
 0ff154fa3401 Downloading 104.7MB
 0ff154fa3401 Downloading 104.7MB
 0ff154fa3401 Download complete 0B
 0ff154fa3401 Extracting 1B
 0ff154fa3401 Extracting 1B
 0ff154fa3401 Extracting 1B
 0ff154fa3401 Extracting 1B
 0ff154fa3401 Extracting 1B
 0ff154fa3401 Extracting 1B
 0ff154fa3401 Extracting 1B
 0ff154fa3401 Extracting 1B
 0ff154fa3401 Extracting 1B
 0ff154fa3401 Extracting 1B
 0ff154fa3401 Extracting 2B
 0ff154fa3401 Extracting 2B
 5f5cf5fab12d Pull complete 0B
 ca2e0665c045 Pull complete 0B
 27e0d631c908 Pull complete 0B
 e155013fa2b9 Pull complete 0B
 68fd2dbe7703 Pull complete 0B
 0ff154fa3401 Pull complete 0B
 Image postgres:16.9-alpine Pulled 
 Volume a2-lite-c4424791_lite-redis-data Creating 
 Volume a2-lite-c4424791_lite-redis-data Creating 
 Volume a2-lite-c4424791_lite-postgres-data Creating 
 Volume a2-lite-c4424791_lite-object-data Creating 
 Network a2-lite-c4424791_default Creating 
 Volume a2-lite-c4424791_lite-object-data Creating 
 Network a2-lite-c4424791_default Creating 
 Volume a2-lite-c4424791_lite-postgres-data Creating 
 Volume a2-lite-c4424791_lite-redis-data Created 
 Volume a2-lite-c4424791_lite-redis-data Created 
 Volume a2-lite-c4424791_lite-object-data Created 
 Volume a2-lite-c4424791_lite-object-data Created 
 Volume a2-lite-c4424791_lite-postgres-data Created 
 Volume a2-lite-c4424791_lite-postgres-data Created 
 Network a2-lite-c4424791_default Created 
 Network a2-lite-c4424791_default Created 
 Container a2-lite-c4424791-postgres-1 Creating 
 Container a2-lite-c4424791-redis-1 Creating 
 Container a2-lite-c4424791-minio-1 Creating 
 Container a2-lite-c4424791-redis-1 Created 
 Container a2-lite-c4424791-postgres-1 Created 
 Container a2-lite-c4424791-migrate-1 Creating 
 Container a2-lite-c4424791-minio-1 Created 
 Container a2-lite-c4424791-minio-init-1 Creating 
 Container a2-lite-c4424791-minio-init-1 Created 
 Container a2-lite-c4424791-migrate-1 Created 
 Container a2-lite-c4424791-worker-1 Creating 
 Container a2-lite-c4424791-api-1 Creating 
 Container a2-lite-c4424791-api-1 Created 
 Container a2-lite-c4424791-web-1 Creating 
 Container a2-lite-c4424791-web-1 Created 
 service:worker:1 Error response from daemon: the file "C:\\Users\\xurx\\AppData\\Local\\Temp\\a2-lite-c4424791\\tls\\ca.pem" is not shared from the host; add its containing directory "C:\\Users\\xurx\\AppData\\Local\\Temp\\a2-lite-c4424791\\tls" in Settings > Resources > File Sharing before using it in a container 
Error response from daemon: the file "C:\\Users\\xurx\\AppData\\Local\\Temp\\a2-lite-c4424791\\tls\\ca.pem" is not shared from the host; add its containing directory "C:\\Users\\xurx\\AppData\\Local\\Temp\\a2-lite-c4424791\\tls" in Settings > Resources > File Sharing before using it in a container
