 Container a2-lite-c4424791-web-1 Stopping 
 Container a2-lite-c4424791-web-1 Stopped 
 Container a2-lite-c4424791-web-1 Removing 
 Container a2-lite-c4424791-web-1 Removed 
 Container a2-lite-c4424791-api-1 Stopping 
 Container a2-lite-c4424791-api-1 Stopped 
 Container a2-lite-c4424791-api-1 Removing 
 Container a2-lite-c4424791-api-1 Removed 
 Container a2-lite-c4424791-migrate-1 Stopping 
 Container a2-lite-c4424791-redis-1 Stopping 
 Container a2-lite-c4424791-minio-init-1 Stopping 
 Container a2-lite-c4424791-redis-1 Stopped 
 Container a2-lite-c4424791-redis-1 Removing 
 Container a2-lite-c4424791-migrate-1 Stopped 
 Container a2-lite-c4424791-migrate-1 Removing 
 Container a2-lite-c4424791-minio-init-1 Stopped 
 Container a2-lite-c4424791-minio-init-1 Removing 
 Container a2-lite-c4424791-migrate-1 Removed 
 Container a2-lite-c4424791-postgres-1 Stopping 
 Container a2-lite-c4424791-postgres-1 Stopped 
 Container a2-lite-c4424791-postgres-1 Removing 
 Container a2-lite-c4424791-redis-1 Removed 
 Container a2-lite-c4424791-postgres-1 Removed 
 Container a2-lite-c4424791-minio-init-1 Removed 
 Container a2-lite-c4424791-minio-1 Stopping 
 Container a2-lite-c4424791-minio-1 Stopped 
 Container a2-lite-c4424791-minio-1 Removing 
 Container a2-lite-c4424791-minio-1 Removed 
 Volume a2-lite-c4424791_lite-redis-data Removing 
 Volume a2-lite-c4424791_lite-object-data Removing 
 Network a2-lite-c4424791_default Removing 
 Volume a2-lite-c4424791_lite-postgres-data Removing 
 Volume a2-lite-c4424791_lite-object-data Removed 
 Volume a2-lite-c4424791_lite-redis-data Removed 
 Volume a2-lite-c4424791_lite-postgres-data Removed 
 Network a2-lite-c4424791_default Removed 
